0 verbose cli /usr/local/bin/node /usr/local/bin/npm
1 info using npm@10.9.3
2 info using node@v22.20.0
3 silly config load:file:/usr/local/lib/node_modules/npm/npmrc
4 silly config load:file:/Users/macbook/Documents/Abdullah/personal portfilio/portfilio/.npmrc
5 silly config load:file:/Users/macbook/.npmrc
6 silly config load:file:/usr/local/etc/npmrc
7 verbose title npm install nodemon
8 verbose argv "install" "nodemon" "--cache" ".npm-cache" "--legacy-peer-deps"
9 verbose logfile logs-max:10 dir:/Users/macbook/Documents/Abdullah/personal portfilio/portfilio/.npm-cache/_logs/2026-04-11T15_04_05_098Z-
10 verbose logfile /Users/macbook/Documents/Abdullah/personal portfilio/portfilio/.npm-cache/_logs/2026-04-11T15_04_05_098Z-debug-0.log
11 silly logfile done cleaning log files
12 silly packumentCache heap:4345298944 maxSize:1086324736 maxEntrySize:543162368
13 silly idealTree buildDeps
14 silly fetch manifest nodemon@*
15 silly packumentCache full:https://registry.npmjs.org/nodemon cache-miss
16 http fetch GET 200 https://registry.npmjs.org/nodemon 731ms (cache miss)
17 silly packumentCache full:https://registry.npmjs.org/nodemon set size:undefined disposed:false
18 silly placeDep ROOT nodemon@3.1.14 OK for: portfilio@0.1.0 want: *
19 silly fetch manifest touch@^3.1.0
20 silly packumentCache full:https://registry.npmjs.org/touch cache-miss
21 silly fetch manifest semver@^7.5.3
22 silly packumentCache full:https://registry.npmjs.org/semver cache-miss
23 silly fetch manifest chokidar@^3.5.2
24 silly packumentCache full:https://registry.npmjs.org/chokidar cache-miss
25 silly fetch manifest minimatch@^10.2.1
26 silly packumentCache full:https://registry.npmjs.org/minimatch cache-miss
27 silly fetch manifest undefsafe@^2.0.5
28 silly packumentCache full:https://registry.npmjs.org/undefsafe cache-miss
29 silly fetch manifest pstree.remy@^1.1.8
30 silly packumentCache full:https://registry.npmjs.org/pstree.remy cache-miss
31 silly fetch manifest supports-color@^5.5.0
32 silly packumentCache full:https://registry.npmjs.org/supports-color cache-miss
33 silly fetch manifest ignore-by-default@^1.0.1
34 silly packumentCache full:https://registry.npmjs.org/ignore-by-default cache-miss
35 silly fetch manifest simple-update-notifier@^2.0.0
36 silly packumentCache full:https://registry.npmjs.org/simple-update-notifier cache-miss
37 http fetch GET 200 https://registry.npmjs.org/touch 154ms (cache miss)
38 silly packumentCache full:https://registry.npmjs.org/touch set size:undefined disposed:false
39 http fetch GET 200 https://registry.npmjs.org/undefsafe 565ms (cache miss)
40 silly packumentCache full:https://registry.npmjs.org/undefsafe set size:undefined disposed:false
41 http fetch GET 200 https://registry.npmjs.org/pstree.remy 577ms (cache miss)
42 silly packumentCache full:https://registry.npmjs.org/pstree.remy set size:undefined disposed:false
43 http fetch GET 200 https://registry.npmjs.org/supports-color 583ms (cache miss)
44 silly packumentCache full:https://registry.npmjs.org/supports-color set size:undefined disposed:false
45 http fetch GET 200 https://registry.npmjs.org/semver 589ms (cache miss)
46 silly packumentCache full:https://registry.npmjs.org/semver set size:undefined disposed:false
47 http fetch GET 200 https://registry.npmjs.org/chokidar 594ms (cache miss)
48 silly packumentCache full:https://registry.npmjs.org/chokidar set size:undefined disposed:false
49 http fetch GET 200 https://registry.npmjs.org/ignore-by-default 676ms (cache miss)
50 silly packumentCache full:https://registry.npmjs.org/ignore-by-default set size:undefined disposed:false
51 http fetch GET 200 https://registry.npmjs.org/simple-update-notifier 687ms (cache miss)
52 silly packumentCache full:https://registry.npmjs.org/simple-update-notifier set size:undefined disposed:false
53 http fetch GET 200 https://registry.npmjs.org/minimatch 781ms (cache miss)
54 silly packumentCache full:https://registry.npmjs.org/minimatch set size:undefined disposed:false
55 silly placeDep node_modules/nodemon chokidar@3.6.0 OK for: nodemon@3.1.14 want: ^3.5.2
56 silly placeDep ROOT ignore-by-default@1.0.1 OK for: nodemon@3.1.14 want: ^1.0.1
57 silly placeDep node_modules/nodemon minimatch@10.2.5 OK for: nodemon@3.1.14 want: ^10.2.1
58 silly placeDep ROOT pstree.remy@1.1.8 OK for: nodemon@3.1.14 want: ^1.1.8
59 silly placeDep node_modules/nodemon semver@7.7.4 OK for: nodemon@3.1.14 want: ^7.5.3
60 silly placeDep ROOT simple-update-notifier@2.0.0 OK for: nodemon@3.1.14 want: ^2.0.0
61 silly placeDep node_modules/nodemon supports-color@5.5.0 OK for: nodemon@3.1.14 want: ^5.5.0
62 silly placeDep ROOT touch@3.1.1 OK for: nodemon@3.1.14 want: ^3.1.0
63 silly placeDep ROOT undefsafe@2.0.5 OK for: nodemon@3.1.14 want: ^2.0.5
64 silly fetch manifest anymatch@~3.1.2
65 silly packumentCache full:https://registry.npmjs.org/anymatch cache-miss
66 silly fetch manifest readdirp@~3.6.0
67 silly packumentCache full:https://registry.npmjs.org/readdirp cache-miss
68 silly fetch manifest glob-parent@~5.1.2
69 silly packumentCache full:https://registry.npmjs.org/glob-parent cache-miss
70 silly fetch manifest is-binary-path@~2.1.0
71 silly packumentCache full:https://registry.npmjs.org/is-binary-path cache-miss
72 silly fetch manifest normalize-path@~3.0.0
73 silly packumentCache full:https://registry.npmjs.org/normalize-path cache-miss
74 silly fetch manifest brace-expansion@^5.0.5
75 silly packumentCache full:https://registry.npmjs.org/brace-expansion cache-miss
76 silly fetch manifest has-flag@^3.0.0
77 silly packumentCache full:https://registry.npmjs.org/has-flag cache-miss
78 http fetch GET 200 https://registry.npmjs.org/normalize-path 230ms (cache miss)
79 silly packumentCache full:https://registry.npmjs.org/normalize-path set size:undefined disposed:false
80 http fetch GET 200 https://registry.npmjs.org/is-binary-path 232ms (cache miss)
81 silly packumentCache full:https://registry.npmjs.org/is-binary-path set size:undefined disposed:false
82 http fetch GET 200 https://registry.npmjs.org/anymatch 234ms (cache miss)
83 silly packumentCache full:https://registry.npmjs.org/anymatch set size:undefined disposed:false
84 http fetch GET 200 https://registry.npmjs.org/brace-expansion 237ms (cache miss)
85 silly packumentCache full:https://registry.npmjs.org/brace-expansion set size:undefined disposed:false
86 http fetch GET 200 https://registry.npmjs.org/has-flag 238ms (cache miss)
87 silly packumentCache full:https://registry.npmjs.org/has-flag set size:undefined disposed:false
88 http fetch GET 200 https://registry.npmjs.org/glob-parent 244ms (cache miss)
89 silly packumentCache full:https://registry.npmjs.org/glob-parent set size:undefined disposed:false
90 http fetch GET 200 https://registry.npmjs.org/readdirp 246ms (cache miss)
91 silly packumentCache full:https://registry.npmjs.org/readdirp set size:undefined disposed:false
92 silly placeDep node_modules/simple-update-notifier semver@7.7.4 OK for: simple-update-notifier@2.0.0 want: ^7.5.3
93 silly placeDep ROOT anymatch@3.1.3 OK for: chokidar@3.6.0 want: ~3.1.2
94 silly placeDep node_modules/nodemon glob-parent@5.1.2 OK for: chokidar@3.6.0 want: ~5.1.2
95 silly placeDep ROOT is-binary-path@2.1.0 OK for: chokidar@3.6.0 want: ~2.1.0
96 silly placeDep ROOT normalize-path@3.0.0 OK for: chokidar@3.6.0 want: ~3.0.0
97 silly placeDep node_modules/nodemon readdirp@3.6.0 OK for: chokidar@3.6.0 want: ~3.6.0
98 silly fetch manifest normalize-path@^3.0.0
99 silly packumentCache full:https://registry.npmjs.org/normalize-path cache-miss
100 silly fetch manifest binary-extensions@^2.0.0
101 silly packumentCache full:https://registry.npmjs.org/binary-extensions cache-miss
102 http cache https://registry.npmjs.org/normalize-path 6ms (cache hit)
103 silly packumentCache full:https://registry.npmjs.org/normalize-path set size:28713 disposed:false
104 http fetch GET 200 https://registry.npmjs.org/binary-extensions 168ms (cache miss)
105 silly packumentCache full:https://registry.npmjs.org/binary-extensions set size:undefined disposed:false
106 silly placeDep ROOT binary-extensions@2.3.0 OK for: is-binary-path@2.1.0 want: ^2.0.0
107 silly placeDep node_modules/nodemon brace-expansion@5.0.5 OK for: minimatch@10.2.5 want: ^5.0.5
108 silly fetch manifest balanced-match@^4.0.2
109 silly packumentCache full:https://registry.npmjs.org/balanced-match cache-miss
110 http fetch GET 200 https://registry.npmjs.org/balanced-match 190ms (cache miss)
111 silly packumentCache full:https://registry.npmjs.org/balanced-match set size:undefined disposed:false
112 silly placeDep node_modules/nodemon balanced-match@4.0.4 OK for: brace-expansion@5.0.5 want: ^4.0.2
113 silly placeDep node_modules/nodemon has-flag@3.0.0 OK for: supports-color@5.5.0 want: ^3.0.0
114 silly reify moves {}
115 verbose reify failed optional dependency /Users/macbook/Documents/Abdullah/personal portfilio/portfilio/node_modules/@tailwindcss/oxide-wasm32-wasi
116 silly reify mark deleted [
116 silly reify   '/Users/macbook/Documents/Abdullah/personal portfilio/portfilio/node_modules/@tailwindcss/oxide-wasm32-wasi'
116 silly reify ]
117 silly audit bulk request {
117 silly audit   '@alloc/quick-lru': [ '5.2.0' ],
117 silly audit   '@auth/core': [ '0.41.0' ],
117 silly audit   '@babel/code-frame': [ '7.29.0' ],
117 silly audit   '@babel/compat-data': [ '7.29.0' ],
117 silly audit   '@babel/core': [ '7.29.0' ],
117 silly audit   '@babel/generator': [ '7.29.1' ],
117 silly audit   '@babel/helper-compilation-targets': [ '7.28.6' ],
117 silly audit   '@babel/helper-globals': [ '7.28.0' ],
117 silly audit   '@babel/helper-module-imports': [ '7.28.6' ],
117 silly audit   '@babel/helper-module-transforms': [ '7.28.6' ],
117 silly audit   '@babel/helper-string-parser': [ '7.27.1' ],
117 silly audit   '@babel/helper-validator-identifier': [ '7.28.5' ],
117 silly audit   '@babel/helper-validator-option': [ '7.27.1' ],
117 silly audit   '@babel/helpers': [ '7.29.2' ],
117 silly audit   '@babel/parser': [ '7.29.2' ],
117 silly audit   '@babel/template': [ '7.28.6' ],
117 silly audit   '@babel/traverse': [ '7.29.0' ],
117 silly audit   '@babel/types': [ '7.29.0' ],
117 silly audit   '@emnapi/core': [ '1.9.2' ],
117 silly audit   '@emnapi/runtime': [ '1.9.2' ],
117 silly audit   '@emnapi/wasi-threads': [ '1.2.1' ],
117 silly audit   '@esbuild/aix-ppc64': [ '0.27.7' ],
117 silly audit   '@esbuild/android-arm': [ '0.27.7' ],
117 silly audit   '@esbuild/android-arm64': [ '0.27.7' ],
117 silly audit   '@esbuild/android-x64': [ '0.27.7' ],
117 silly audit   '@esbuild/darwin-arm64': [ '0.27.7' ],
117 silly audit   '@esbuild/darwin-x64': [ '0.27.7' ],
117 silly audit   '@esbuild/freebsd-arm64': [ '0.27.7' ],
117 silly audit   '@esbuild/freebsd-x64': [ '0.27.7' ],
117 silly audit   '@esbuild/linux-arm': [ '0.27.7' ],
117 silly audit   '@esbuild/linux-arm64': [ '0.27.7' ],
117 silly audit   '@esbuild/linux-ia32': [ '0.27.7' ],
117 silly audit   '@esbuild/linux-loong64': [ '0.27.7' ],
117 silly audit   '@esbuild/linux-mips64el': [ '0.27.7' ],
117 silly audit   '@esbuild/linux-ppc64': [ '0.27.7' ],
117 silly audit   '@esbuild/linux-riscv64': [ '0.27.7' ],
117 silly audit   '@esbuild/linux-s390x': [ '0.27.7' ],
117 silly audit   '@esbuild/linux-x64': [ '0.27.7' ],
117 silly audit   '@esbuild/netbsd-arm64': [ '0.27.7' ],
117 silly audit   '@esbuild/netbsd-x64': [ '0.27.7' ],
117 silly audit   '@esbuild/openbsd-arm64': [ '0.27.7' ],
117 silly audit   '@esbuild/openbsd-x64': [ '0.27.7' ],
117 silly audit   '@esbuild/openharmony-arm64': [ '0.27.7' ],
117 silly audit   '@esbuild/sunos-x64': [ '0.27.7' ],
117 silly audit   '@esbuild/win32-arm64': [ '0.27.7' ],
117 silly audit   '@esbuild/win32-ia32': [ '0.27.7' ],
117 silly audit   '@esbuild/win32-x64': [ '0.27.7' ],
117 silly audit   '@eslint-community/eslint-utils': [ '4.9.1' ],
117 silly audit   'eslint-visitor-keys': [ '3.4.3', '5.0.1', '4.2.1' ],
117 silly audit   '@eslint-community/regexpp': [ '4.12.2' ],
117 silly audit   '@eslint/config-array': [ '0.21.2' ],
117 silly audit   '@eslint/config-helpers': [ '0.4.2' ],
117 silly audit   '@eslint/core': [ '0.17.0' ],
117 silly audit   '@eslint/eslintrc': [ '3.3.5' ],
117 silly audit   '@eslint/js': [ '9.39.4' ],
117 silly audit   '@eslint/object-schema': [ '2.1.7' ],
117 silly audit   '@eslint/plugin-kit': [ '0.4.1' ],
117 silly audit   '@humanfs/core': [ '0.19.1' ],
117 silly audit   '@humanfs/node': [ '0.16.7' ],
117 silly audit   '@humanwhocodes/module-importer': [ '1.0.1' ],
117 silly audit   '@humanwhocodes/retry': [ '0.4.3' ],
117 silly audit   '@img/colour': [ '1.1.0' ],
117 silly audit   '@img/sharp-darwin-arm64': [ '0.34.5' ],
117 silly audit   '@img/sharp-darwin-x64': [ '0.34.5' ],
117 silly audit   '@img/sharp-libvips-darwin-arm64': [ '1.2.4' ],
117 silly audit   '@img/sharp-libvips-darwin-x64': [ '1.2.4' ],
117 silly audit   '@img/sharp-libvips-linux-arm': [ '1.2.4' ],
117 silly audit   '@img/sharp-libvips-linux-arm64': [ '1.2.4' ],
117 silly audit   '@img/sharp-libvips-linux-ppc64': [ '1.2.4' ],
117 silly audit   '@img/sharp-libvips-linux-riscv64': [ '1.2.4' ],
117 silly audit   '@img/sharp-libvips-linux-s390x': [ '1.2.4' ],
117 silly audit   '@img/sharp-libvips-linux-x64': [ '1.2.4' ],
117 silly audit   '@img/sharp-libvips-linuxmusl-arm64': [ '1.2.4' ],
117 silly audit   '@img/sharp-libvips-linuxmusl-x64': [ '1.2.4' ],
117 silly audit   '@img/sharp-linux-arm': [ '0.34.5' ],
117 silly audit   '@img/sharp-linux-arm64': [ '0.34.5' ],
117 silly audit   '@img/sharp-linux-ppc64': [ '0.34.5' ],
117 silly audit   '@img/sharp-linux-riscv64': [ '0.34.5' ],
117 silly audit   '@img/sharp-linux-s390x': [ '0.34.5' ],
117 silly audit   '@img/sharp-linux-x64': [ '0.34.5' ],
117 silly audit   '@img/sharp-linuxmusl-arm64': [ '0.34.5' ],
117 silly audit   '@img/sharp-linuxmusl-x64': [ '0.34.5' ],
117 silly audit   '@img/sharp-wasm32': [ '0.34.5' ],
117 silly audit   '@img/sharp-win32-arm64': [ '0.34.5' ],
117 silly audit   '@img/sharp-win32-ia32': [ '0.34.5' ],
117 silly audit   '@img/sharp-win32-x64': [ '0.34.5' ],
117 silly audit   '@jridgewell/gen-mapping': [ '0.3.13' ],
117 silly audit   '@jridgewell/remapping': [ '2.3.5' ],
117 silly audit   '@jridgewell/resolve-uri': [ '3.1.2' ],
117 silly audit   '@jridgewell/sourcemap-codec': [ '1.5.5' ],
117 silly audit   '@jridgewell/trace-mapping': [ '0.3.31' ],
117 silly audit   '@napi-rs/wasm-runtime': [ '0.2.12' ],
117 silly audit   '@next/env': [ '16.1.6' ],
117 silly audit   '@next/eslint-plugin-next': [ '16.1.6' ],
117 silly audit   '@next/swc-darwin-arm64': [ '16.1.6' ],
117 silly audit   '@next/swc-darwin-x64': [ '16.1.6' ],
117 silly audit   '@next/swc-linux-arm64-gnu': [ '16.1.6' ],
117 silly audit   '@next/swc-linux-arm64-musl': [ '16.1.6' ],
117 silly audit   '@next/swc-linux-x64-gnu': [ '16.1.6' ],
117 silly audit   '@next/swc-linux-x64-musl': [ '16.1.6' ],
117 silly audit   '@next/swc-win32-arm64-msvc': [ '16.1.6' ],
117 silly audit   '@next/swc-win32-x64-msvc': [ '16.1.6' ],
117 silly audit   '@nodelib/fs.scandir': [ '2.1.5' ],
117 silly audit   '@nodelib/fs.stat': [ '2.0.5' ],
117 silly audit   '@nodelib/fs.walk': [ '1.2.8' ],
117 silly audit   '@nolyfill/is-core-module': [ '1.0.39' ],
117 silly audit   '@panva/hkdf': [ '1.2.1' ],
117 silly audit   '@prisma/client': [ '6.19.3' ],
117 silly audit   '@prisma/config': [ '6.19.3' ],
117 silly audit   '@prisma/debug': [ '6.19.3' ],
117 silly audit   '@prisma/engines': [ '6.19.3' ],
117 silly audit   '@prisma/engines-version': [ '7.1.1-3.c2990dca591cba766e3b7ef5d9e8a84796e47ab7' ],
117 silly audit   '@prisma/fetch-engine': [ '6.19.3' ],
117 silly audit   '@prisma/get-platform': [ '6.19.3' ],
117 silly audit   '@rtsao/scc': [ '1.1.0' ],
117 silly audit   '@socket.io/component-emitter': [ '3.1.2' ],
117 silly audit   '@standard-schema/spec': [ '1.1.0' ],
117 silly audit   '@swc/helpers': [ '0.5.15' ],
117 silly audit   '@tailwindcss/node': [ '4.2.2' ],
117 silly audit   '@tailwindcss/oxide': [ '4.2.2' ],
117 silly audit   '@tailwindcss/oxide-android-arm64': [ '4.2.2' ],
117 silly audit   '@tailwindcss/oxide-darwin-arm64': [ '4.2.2' ],
117 silly audit   '@tailwindcss/oxide-darwin-x64': [ '4.2.2' ],
117 silly audit   '@tailwindcss/oxide-freebsd-x64': [ '4.2.2' ],
117 silly audit   '@tailwindcss/oxide-linux-arm-gnueabihf': [ '4.2.2' ],
117 silly audit   '@tailwindcss/oxide-linux-arm64-gnu': [ '4.2.2' ],
117 silly audit   '@tailwindcss/oxide-linux-arm64-musl': [ '4.2.2' ],
117 silly audit   '@tailwindcss/oxide-linux-x64-gnu': [ '4.2.2' ],
117 silly audit   '@tailwindcss/oxide-linux-x64-musl': [ '4.2.2' ],
117 silly audit   '@tailwindcss/oxide-win32-arm64-msvc': [ '4.2.2' ],
117 silly audit   '@tailwindcss/oxide-win32-x64-msvc': [ '4.2.2' ],
117 silly audit   '@tailwindcss/postcss': [ '4.2.2' ],
117 silly audit   '@tybys/wasm-util': [ '0.10.1' ],
117 silly audit   '@types/bcryptjs': [ '2.4.6' ],
117 silly audit   '@types/cors': [ '2.8.19' ],
117 silly audit   '@types/estree': [ '1.0.8' ],
117 silly audit   '@types/json-schema': [ '7.0.15' ],
117 silly audit   '@types/json5': [ '0.0.29' ],
117 silly audit   '@types/node': [ '20.19.39' ],
117 silly audit   '@types/nodemailer': [ '8.0.0' ],
117 silly audit   '@types/react': [ '19.2.14' ],
117 silly audit   '@types/react-dom': [ '19.2.3' ],
117 silly audit   '@types/uuid': [ '10.0.0' ],
117 silly audit   '@types/ws': [ '8.18.1' ],
117 silly audit   '@typescript-eslint/eslint-plugin': [ '8.58.1' ],
117 silly audit   ignore: [ '7.0.5', '5.3.2' ],
117 silly audit   '@typescript-eslint/parser': [ '8.58.1' ],
117 silly audit   '@typescript-eslint/project-service': [ '8.58.1' ],
117 silly audit   '@typescript-eslint/scope-manager': [ '8.58.1' ],
117 silly audit   '@typescript-eslint/tsconfig-utils': [ '8.58.1' ],
117 silly audit   '@typescript-eslint/type-utils': [ '8.58.1' ],
117 silly audit   '@typescript-eslint/types': [ '8.58.1' ],
117 silly audit   '@typescript-eslint/typescript-estree': [ '8.58.1' ],
117 silly audit   'balanced-match': [ '4.0.4', '1.0.2' ],
117 silly audit   'brace-expansion': [ '5.0.5', '1.1.13' ],
117 silly audit   minimatch: [ '10.2.5', '3.1.5' ],
117 silly audit   semver: [ '7.7.4', '6.3.1' ],
117 silly audit   '@typescript-eslint/utils': [ '8.58.1' ],
117 silly audit   '@typescript-eslint/visitor-keys': [ '8.58.1' ],
117 silly audit   '@unrs/resolver-binding-android-arm-eabi': [ '1.11.1' ],
117 silly audit   '@unrs/resolver-binding-android-arm64': [ '1.11.1' ],
117 silly audit   '@unrs/resolver-binding-darwin-arm64': [ '1.11.1' ],
117 silly audit   '@unrs/resolver-binding-darwin-x64': [ '1.11.1' ],
117 silly audit   '@unrs/resolver-binding-freebsd-x64': [ '1.11.1' ],
117 silly audit   '@unrs/resolver-binding-linux-arm-gnueabihf': [ '1.11.1' ],
117 silly audit   '@unrs/resolver-binding-linux-arm-musleabihf': [ '1.11.1' ],
117 silly audit   '@unrs/resolver-binding-linux-arm64-gnu': [ '1.11.1' ],
117 silly audit   '@unrs/resolver-binding-linux-arm64-musl': [ '1.11.1' ],
117 silly audit   '@unrs/resolver-binding-linux-ppc64-gnu': [ '1.11.1' ],
117 silly audit   '@unrs/resolver-binding-linux-riscv64-gnu': [ '1.11.1' ],
117 silly audit   '@unrs/resolver-binding-linux-riscv64-musl': [ '1.11.1' ],
117 silly audit   '@unrs/resolver-binding-linux-s390x-gnu': [ '1.11.1' ],
117 silly audit   '@unrs/resolver-binding-linux-x64-gnu': [ '1.11.1' ],
117 silly audit   '@unrs/resolver-binding-linux-x64-musl': [ '1.11.1' ],
117 silly audit   '@unrs/resolver-binding-wasm32-wasi': [ '1.11.1' ],
117 silly audit   '@unrs/resolver-binding-win32-arm64-msvc': [ '1.11.1' ],
117 silly audit   '@unrs/resolver-binding-win32-ia32-msvc': [ '1.11.1' ],
117 silly audit   '@unrs/resolver-binding-win32-x64-msvc': [ '1.11.1' ],
117 silly audit   accepts: [ '1.3.8' ],
117 silly audit   acorn: [ '8.16.0' ],
117 silly audit   'acorn-jsx': [ '5.3.2' ],
117 silly audit   ajv: [ '6.14.0' ],
117 silly audit   'ansi-styles': [ '4.3.0' ],
117 silly audit   argparse: [ '2.0.1' ],
117 silly audit   'aria-query': [ '5.3.2' ],
117 silly audit   'array-buffer-byte-length': [ '1.0.2' ],
117 silly audit   'array-includes': [ '3.1.9' ],
117 silly audit   'array.prototype.findlast': [ '1.2.5' ],
117 silly audit   'array.prototype.findlastindex': [ '1.2.6' ],
117 silly audit   'array.prototype.flat': [ '1.3.3' ],
117 silly audit   'array.prototype.flatmap': [ '1.3.3' ],
117 silly audit   'array.prototype.tosorted': [ '1.1.4' ],
117 silly audit   'arraybuffer.prototype.slice': [ '1.0.4' ],
117 silly audit   'ast-types-flow': [ '0.0.8' ],
117 silly audit   'async-function': [ '1.0.0' ],
117 silly audit   'available-typed-arrays': [ '1.0.7' ],
117 silly audit   'axe-core': [ '4.11.2' ],
117 silly audit   'axobject-query': [ '4.1.0' ],
117 silly audit   base64id: [ '2.0.0' ],
117 silly audit   'baseline-browser-mapping': [ '2.10.17' ],
117 silly audit   bcryptjs: [ '3.0.3' ],
117 silly audit   braces: [ '3.0.3' ],
117 silly audit   browserslist: [ '4.28.2' ],
117 silly audit   c12: [ '3.1.0' ],
117 silly audit   'call-bind': [ '1.0.9' ],
117 silly audit   'call-bind-apply-helpers': [ '1.0.2' ],
117 silly audit   'call-bound': [ '1.0.4' ],
117 silly audit   callsites: [ '3.1.0' ],
117 silly audit   'caniuse-lite': [ '1.0.30001787' ],
117 silly audit   chalk: [ '4.1.2' ],
117 silly audit   chokidar: [ '4.0.3', '3.6.0' ],
117 silly audit   citty: [ '0.1.6', '0.2.2' ],
117 silly audit   'client-only': [ '0.0.1' ],
117 silly audit   'color-convert': [ '2.0.1' ],
117 silly audit   'color-name': [ '1.1.4' ],
117 silly audit   'concat-map': [ '0.0.1' ],
117 silly audit   confbox: [ '0.2.4' ],
117 silly audit   consola: [ '3.4.2' ],
117 silly audit   'convert-source-map': [ '2.0.0' ],
117 silly audit   cookie: [ '0.7.2' ],
117 silly audit   cors: [ '2.8.6' ],
117 silly audit   'cross-spawn': [ '7.0.6' ],
117 silly audit   csstype: [ '3.2.3' ],
117 silly audit   'damerau-levenshtein': [ '1.0.8' ],
117 silly audit   'data-view-buffer': [ '1.0.2' ],
117 silly audit   'data-view-byte-length': [ '1.0.2' ],
117 silly audit   'data-view-byte-offset': [ '1.0.1' ],
117 silly audit   debug: [ '4.4.3', '3.2.7' ],
117 silly audit   'deep-is': [ '0.1.4' ],
117 silly audit   'deepmerge-ts': [ '7.1.5' ],
117 silly audit   'define-data-property': [ '1.1.4' ],
117 silly audit   'define-properties': [ '1.2.1' ],
117 silly audit   defu: [ '6.1.7' ],
117 silly audit   destr: [ '2.0.5' ],
117 silly audit   'detect-libc': [ '2.1.2' ],
117 silly audit   doctrine: [ '2.1.0' ],
117 silly audit   dotenv: [ '16.6.1' ],
117 silly audit   'dunder-proto': [ '1.0.1' ],
117 silly audit   effect: [ '3.21.0' ],
117 silly audit   'electron-to-chromium': [ '1.5.334' ],
117 silly audit   'emoji-regex': [ '9.2.2' ],
117 silly audit   empathic: [ '2.0.0' ],
117 silly audit   'engine.io': [ '6.6.6' ],
117 silly audit   'engine.io-client': [ '6.6.4' ],
117 silly audit   'engine.io-parser': [ '5.2.3' ],
117 silly audit   'enhanced-resolve': [ '5.20.1' ],
117 silly audit   'es-abstract': [ '1.24.2' ],
117 silly audit   'es-define-property': [ '1.0.1' ],
117 silly audit   'es-errors': [ '1.3.0' ],
117 silly audit   'es-iterator-helpers': [ '1.3.2' ],
117 silly audit   'es-object-atoms': [ '1.1.1' ],
117 silly audit   'es-set-tostringtag': [ '2.1.0' ],
117 silly audit   'es-shim-unscopables': [ '1.1.0' ],
117 silly audit   'es-to-primitive': [ '1.3.0' ],
117 silly audit   esbuild: [ '0.27.7' ],
117 silly audit   escalade: [ '3.2.0' ],
117 silly audit   'escape-string-regexp': [ '4.0.0' ],
117 silly audit   eslint: [ '9.39.4' ],
117 silly audit   'eslint-config-next': [ '16.1.6' ],
117 silly audit   globals: [ '16.4.0', '14.0.0' ],
117 silly audit   'eslint-import-resolver-node': [ '0.3.10' ],
117 silly audit   'eslint-import-resolver-typescript': [ '3.10.1' ],
117 silly audit   'eslint-module-utils': [ '2.12.1' ],
117 silly audit   'eslint-plugin-import': [ '2.32.0' ],
117 silly audit   'eslint-plugin-jsx-a11y': [ '6.10.2' ],
117 silly audit   'eslint-plugin-react': [ '7.37.5' ],
117 silly audit   'eslint-plugin-react-hooks': [ '7.0.1' ],
117 silly audit   'eslint-scope': [ '8.4.0' ],
117 silly audit   espree: [ '10.4.0' ],
117 silly audit   esquery: [ '1.7.0' ],
117 silly audit   esrecurse: [ '4.3.0' ],
117 silly audit   estraverse: [ '5.3.0' ],
117 silly audit   esutils: [ '2.0.3' ],
117 silly audit   exsolve: [ '1.0.8' ],
117 silly audit   'fast-check': [ '3.23.2' ],
117 silly audit   'fast-deep-equal': [ '3.1.3' ],
117 silly audit   'fast-glob': [ '3.3.1' ],
117 silly audit   'glob-parent': [ '5.1.2', '6.0.2' ],
117 silly audit   'fast-json-stable-stringify': [ '2.1.0' ],
117 silly audit   'fast-levenshtein': [ '2.0.6' ],
117 silly audit   fastq: [ '1.20.1' ],
117 silly audit   'file-entry-cache': [ '8.0.0' ],
117 silly audit   'fill-range': [ '7.1.1' ],
117 silly audit   'find-up': [ '5.0.0' ],
117 silly audit   'flat-cache': [ '4.0.1' ],
117 silly audit   flatted: [ '3.4.2' ],
117 silly audit   'for-each': [ '0.3.5' ],
117 silly audit   fsevents: [ '2.3.3' ],
117 silly audit   'function-bind': [ '1.1.2' ],
117 silly audit   'function.prototype.name': [ '1.1.8' ],
117 silly audit   'functions-have-names': [ '1.2.3' ],
117 silly audit   'generator-function': [ '2.0.1' ],
117 silly audit   gensync: [ '1.0.0-beta.2' ],
117 silly audit   'get-intrinsic': [ '1.3.0' ],
117 silly audit   'get-proto': [ '1.0.1' ],
117 silly audit   'get-symbol-description': [ '1.1.0' ],
117 silly audit   'get-tsconfig': [ '4.13.7' ],
117 silly audit   giget: [ '2.0.0' ],
117 silly audit   globalthis: [ '1.0.4' ],
117 silly audit   gopd: [ '1.2.0' ],
117 silly audit   'graceful-fs': [ '4.2.11' ],
117 silly audit   gsap: [ '3.14.2' ],
117 silly audit   'has-bigints': [ '1.1.0' ],
117 silly audit   'has-flag': [ '4.0.0', '3.0.0' ],
117 silly audit   'has-property-descriptors': [ '1.0.2' ],
117 silly audit   'has-proto': [ '1.2.0' ],
117 silly audit   'has-symbols': [ '1.1.0' ],
117 silly audit   'has-tostringtag': [ '1.0.2' ],
117 silly audit   hasown: [ '2.0.2' ],
117 silly audit   'hermes-estree': [ '0.25.1' ],
117 silly audit   'hermes-parser': [ '0.25.1' ],
117 silly audit   'import-fresh': [ '3.3.1' ],
117 silly audit   imurmurhash: [ '0.1.4' ],
117 silly audit   'internal-slot': [ '1.1.0' ],
117 silly audit   'is-array-buffer': [ '3.0.5' ],
117 silly audit   'is-async-function': [ '2.1.1' ],
117 silly audit   'is-bigint': [ '1.1.0' ],
117 silly audit   'is-boolean-object': [ '1.2.2' ],
117 silly audit   'is-bun-module': [ '2.0.0' ],
117 silly audit   'is-callable': [ '1.2.7' ],
117 silly audit   'is-core-module': [ '2.16.1' ],
117 silly audit   'is-data-view': [ '1.0.2' ],
117 silly audit   'is-date-object': [ '1.1.0' ],
117 silly audit   'is-extglob': [ '2.1.1' ],
117 silly audit   'is-finalizationregistry': [ '1.1.1' ],
117 silly audit   'is-generator-function': [ '1.1.2' ],
117 silly audit   'is-glob': [ '4.0.3' ],
117 silly audit   'is-map': [ '2.0.3' ],
117 silly audit   'is-negative-zero': [ '2.0.3' ],
117 silly audit   'is-number': [ '7.0.0' ],
117 silly audit   'is-number-object': [ '1.1.1' ],
117 silly audit   'is-regex': [ '1.2.1' ],
117 silly audit   'is-set': [ '2.0.3' ],
117 silly audit   'is-shared-array-buffer': [ '1.0.4' ],
117 silly audit   'is-string': [ '1.1.1' ],
117 silly audit   'is-symbol': [ '1.1.1' ],
117 silly audit   'is-typed-array': [ '1.1.15' ],
117 silly audit   'is-weakmap': [ '2.0.2' ],
117 silly audit   'is-weakref': [ '1.1.1' ],
117 silly audit   'is-weakset': [ '2.0.4' ],
117 silly audit   isarray: [ '2.0.5' ],
117 silly audit   isexe: [ '2.0.0' ],
117 silly audit   'iterator.prototype': [ '1.1.5' ],
117 silly audit   jiti: [ '2.6.1' ],
117 silly audit   jose: [ '6.2.2' ],
117 silly audit   'js-tokens': [ '4.0.0' ],
117 silly audit   'js-yaml': [ '4.1.1' ],
117 silly audit   jsesc: [ '3.1.0' ],
117 silly audit   'json-buffer': [ '3.0.1' ],
117 silly audit   'json-schema-traverse': [ '0.4.1' ],
117 silly audit   'json-stable-stringify-without-jsonify': [ '1.0.1' ],
117 silly audit   json5: [ '2.2.3', '1.0.2' ],
117 silly audit   'jsx-ast-utils': [ '3.3.5' ],
117 silly audit   keyv: [ '4.5.4' ],
117 silly audit   'language-subtag-registry': [ '0.3.23' ],
117 silly audit   'language-tags': [ '1.0.9' ],
117 silly audit   levn: [ '0.4.1' ],
117 silly audit   lightningcss: [ '1.32.0' ],
117 silly audit   'lightningcss-android-arm64': [ '1.32.0' ],
117 silly audit   'lightningcss-darwin-arm64': [ '1.32.0' ],
117 silly audit   'lightningcss-darwin-x64': [ '1.32.0' ],
117 silly audit   'lightningcss-freebsd-x64': [ '1.32.0' ],
117 silly audit   'lightningcss-linux-arm-gnueabihf': [ '1.32.0' ],
117 silly audit   'lightningcss-linux-arm64-gnu': [ '1.32.0' ],
117 silly audit   'lightningcss-linux-arm64-musl': [ '1.32.0' ],
117 silly audit   'lightningcss-linux-x64-gnu': [ '1.32.0' ],
117 silly audit   'lightningcss-linux-x64-musl': [ '1.32.0' ],
117 silly audit   'lightningcss-win32-arm64-msvc': [ '1.32.0' ],
117 silly audit   'lightningcss-win32-x64-msvc': [ '1.32.0' ],
117 silly audit   'locate-path': [ '6.0.0' ],
117 silly audit   'lodash.merge': [ '4.6.2' ],
117 silly audit   'loose-envify': [ '1.4.0' ],
117 silly audit   'lru-cache': [ '5.1.1' ],
117 silly audit   'lucide-react': [ '1.8.0' ],
117 silly audit   'magic-string': [ '0.30.21' ],
117 silly audit   'math-intrinsics': [ '1.1.0' ],
117 silly audit   merge2: [ '1.4.1' ],
117 silly audit   micromatch: [ '4.0.8' ],
117 silly audit   'mime-db': [ '1.52.0' ],
117 silly audit   'mime-types': [ '2.1.35' ],
117 silly audit   minimist: [ '1.2.8' ],
117 silly audit   ms: [ '2.1.3' ],
117 silly audit   nanoid: [ '3.3.11' ],
117 silly audit   'napi-postinstall': [ '0.3.4' ],
117 silly audit   'natural-compare': [ '1.4.0' ],
117 silly audit   negotiator: [ '0.6.3' ],
117 silly audit   next: [ '16.1.6' ],
117 silly audit   'next-auth': [ '5.0.0-beta.30' ],
117 silly audit   postcss: [ '8.4.31', '8.5.9' ],
117 silly audit   'node-exports-info': [ '1.6.0' ],
117 silly audit   'node-fetch-native': [ '1.6.7' ],
117 silly audit   'node-releases': [ '2.0.37' ],
117 silly audit   nodemailer: [ '6.10.1' ],
117 silly audit   nypm: [ '0.6.5' ],
117 silly audit   oauth4webapi: [ '3.8.5' ],
117 silly audit   'object-assign': [ '4.1.1' ],
117 silly audit   'object-inspect': [ '1.13.4' ],
117 silly audit   'object-keys': [ '1.1.1' ],
117 silly audit   'object.assign': [ '4.1.7' ],
117 silly audit   'object.entries': [ '1.1.9' ],
117 silly audit   'object.fromentries': [ '2.0.8' ],
117 silly audit   'object.groupby': [ '1.0.3' ],
117 silly audit   'object.values': [ '1.2.1' ],
117 silly audit   ohash: [ '2.0.11' ],
117 silly audit   optionator: [ '0.9.4' ],
117 silly audit   'own-keys': [ '1.0.1' ],
117 silly audit   'p-limit': [ '3.1.0' ],
117 silly audit   'p-locate': [ '5.0.0' ],
117 silly audit   'parent-module': [ '1.0.1' ],
117 silly audit   'path-exists': [ '4.0.0' ],
117 silly audit   'path-key': [ '3.1.1' ],
117 silly audit   'path-parse': [ '1.0.7' ],
117 silly audit   pathe: [ '2.0.3' ],
117 silly audit   'perfect-debounce': [ '1.0.0' ],
117 silly audit   picocolors: [ '1.1.1' ],
117 silly audit   picomatch: [ '2.3.2', '4.0.4' ],
117 silly audit   'pkg-types': [ '2.3.0' ],
117 silly audit   'possible-typed-array-names': [ '1.1.0' ],
117 silly audit   preact: [ '10.24.3' ],
117 silly audit   'preact-render-to-string': [ '6.5.11' ],
117 silly audit   'prelude-ls': [ '1.2.1' ],
117 silly audit   prisma: [ '6.19.3' ],
117 silly audit   'prop-types': [ '15.8.1' ],
117 silly audit   punycode: [ '2.3.1' ],
117 silly audit   'pure-rand': [ '6.1.0' ],
117 silly audit   'queue-microtask': [ '1.2.3' ],
117 silly audit   rc9: [ '2.1.2' ],
117 silly audit   react: [ '19.2.3' ],
117 silly audit   'react-dom': [ '19.2.3' ],
117 silly audit   'react-is': [ '16.13.1' ],
117 silly audit   readdirp: [ '4.1.2', '3.6.0' ],
117 silly audit   'reflect.getprototypeof': [ '1.0.10' ],
117 silly audit   'regexp.prototype.flags': [ '1.5.4' ],
117 silly audit   resolve: [ '2.0.0-next.6' ],
117 silly audit   'resolve-from': [ '4.0.0' ],
117 silly audit   'resolve-pkg-maps': [ '1.0.0' ],
117 silly audit   reusify: [ '1.1.0' ],
117 silly audit   'run-parallel': [ '1.2.0' ],
117 silly audit   'safe-array-concat': [ '1.1.3' ],
117 silly audit   'safe-push-apply': [ '1.0.0' ],
117 silly audit   'safe-regex-test': [ '1.1.0' ],
117 silly audit   scheduler: [ '0.27.0' ],
117 silly audit   'set-function-length': [ '1.2.2' ],
117 silly audit   'set-function-name': [ '2.0.2' ],
117 silly audit   'set-proto': [ '1.0.0' ],
117 silly audit   sharp: [ '0.34.5' ],
117 silly audit   'shebang-command': [ '2.0.0' ],
117 silly audit   'shebang-regex': [ '3.0.0' ],
117 silly audit   'side-channel': [ '1.1.0' ],
117 silly audit   'side-channel-list': [ '1.0.1' ],
117 silly audit   'side-channel-map': [ '1.0.1' ],
117 silly audit   'side-channel-weakmap': [ '1.0.2' ],
117 silly audit   'socket.io': [ '4.8.3' ],
117 silly audit   'socket.io-adapter': [ '2.5.6' ],
117 silly audit   'socket.io-client': [ '4.8.3' ],
117 silly audit   'socket.io-parser': [ '4.2.6' ],
117 silly audit   sonner: [ '2.0.7' ],
117 silly audit   'source-map-js': [ '1.2.1' ],
117 silly audit   'stable-hash': [ '0.0.5' ],
117 silly audit   'stop-iteration-iterator': [ '1.1.0' ],
117 silly audit   'string.prototype.includes': [ '2.0.1' ],
117 silly audit   'string.prototype.matchall': [ '4.0.12' ],
117 silly audit   'string.prototype.repeat': [ '1.0.0' ],
117 silly audit   'string.prototype.trim': [ '1.2.10' ],
117 silly audit   'string.prototype.trimend': [ '1.0.9' ],
117 silly audit   'string.prototype.trimstart': [ '1.0.8' ],
117 silly audit   'strip-bom': [ '3.0.0' ],
117 silly audit   'strip-json-comments': [ '3.1.1' ],
117 silly audit   'styled-jsx': [ '5.1.6' ],
117 silly audit   'supports-color': [ '7.2.0', '5.5.0' ],
117 silly audit   'supports-preserve-symlinks-flag': [ '1.0.0' ],
117 silly audit   tailwindcss: [ '4.2.2' ],
117 silly audit   tapable: [ '2.3.2' ],
117 silly audit   tinyexec: [ '1.1.1' ],
117 silly audit   tinyglobby: [ '0.2.16' ],
117 silly audit   fdir: [ '6.5.0' ],
117 silly audit   'to-regex-range': [ '5.0.1' ],
117 silly audit   'ts-api-utils': [ '2.5.0' ],
117 silly audit   'tsconfig-paths': [ '3.15.0' ],
117 silly audit   tslib: [ '2.8.1' ],
117 silly audit   tsx: [ '4.21.0' ],
117 silly audit   'type-check': [ '0.4.0' ],
117 silly audit   'typed-array-buffer': [ '1.0.3' ],
117 silly audit   'typed-array-byte-length': [ '1.0.3' ],
117 silly audit   'typed-array-byte-offset': [ '1.0.4' ],
117 silly audit   'typed-array-length': [ '1.0.7' ],
117 silly audit   typescript: [ '5.9.3' ],
117 silly audit   'typescript-eslint': [ '8.58.1' ],
117 silly audit   'unbox-primitive': [ '1.1.0' ],
117 silly audit   'undici-types': [ '6.21.0' ],
117 silly audit   'unrs-resolver': [ '1.11.1' ],
117 silly audit   'update-browserslist-db': [ '1.2.3' ],
117 silly audit   'uri-js': [ '4.4.1' ],
117 silly audit   uuid: [ '13.0.0' ],
117 silly audit   vary: [ '1.1.2' ],
117 silly audit   which: [ '2.0.2' ],
117 silly audit   'which-boxed-primitive': [ '1.1.1' ],
117 silly audit   'which-builtin-type': [ '1.2.1' ],
117 silly audit   'which-collection': [ '1.0.2' ],
117 silly audit   'which-typed-array': [ '1.1.20' ],
117 silly audit   'word-wrap': [ '1.2.5' ],
117 silly audit   ws: [ '8.18.3' ],
117 silly audit   'xmlhttprequest-ssl': [ '2.1.2' ],
117 silly audit   yallist: [ '3.1.1' ],
117 silly audit   'yocto-queue': [ '0.1.0' ],
117 silly audit   zod: [ '4.3.6' ],
117 silly audit   'zod-validation-error': [ '4.0.2' ],
117 silly audit   nodemon: [ '3.1.14' ],
117 silly audit   'ignore-by-default': [ '1.0.1' ],
117 silly audit   'pstree.remy': [ '1.1.8' ],
117 silly audit   'simple-update-notifier': [ '2.0.0' ],
117 silly audit   touch: [ '3.1.1' ],
117 silly audit   undefsafe: [ '2.0.5' ],
117 silly audit   anymatch: [ '3.1.3' ],
117 silly audit   'is-binary-path': [ '2.1.0' ],
117 silly audit   'normalize-path': [ '3.0.0' ],
117 silly audit   'binary-extensions': [ '2.3.0' ],
117 silly audit   '@tailwindcss/oxide-wasm32-wasi': [ '4.2.2' ]
117 silly audit }
118 verbose reify failed optional dependency /Users/macbook/Documents/Abdullah/personal portfilio/portfilio/node_modules/lightningcss-win32-x64-msvc
119 silly reify mark deleted [
119 silly reify   '/Users/macbook/Documents/Abdullah/personal portfilio/portfilio/node_modules/lightningcss-win32-x64-msvc'
119 silly reify ]
120 verbose reify failed optional dependency /Users/macbook/Documents/Abdullah/personal portfilio/portfilio/node_modules/lightningcss-win32-arm64-msvc
121 silly reify mark deleted [
121 silly reify   '/Users/macbook/Documents/Abdullah/personal portfilio/portfilio/node_modules/lightningcss-win32-arm64-msvc'
121 silly reify ]
122 verbose reify failed optional dependency /Users/macbook/Documents/Abdullah/personal portfilio/portfilio/node_modules/lightningcss-linux-x64-musl
123 silly reify mark deleted [
123 silly reify   '/Users/macbook/Documents/Abdullah/personal portfilio/portfilio/node_modules/lightningcss-linux-x64-musl'
123 silly reify ]
124 verbose reify failed optional dependency /Users/macbook/Documents/Abdullah/personal portfilio/portfilio/node_modules/lightningcss-linux-x64-gnu
125 silly reify mark deleted [
125 silly reify   '/Users/macbook/Documents/Abdullah/personal portfilio/portfilio/node_modules/lightningcss-linux-x64-gnu'
125 silly reify ]
126 verbose reify failed optional dependency /Users/macbook/Documents/Abdullah/personal portfilio/portfilio/node_modules/lightningcss-linux-arm64-musl
127 silly reify mark deleted [
127 silly reify   '/Users/macbook/Documents/Abdullah/personal portfilio/portfilio/node_modules/lightningcss-linux-arm64-musl'
127 silly reify ]
128 verbose reify failed optional dependency /Users/macbook/Documents/Abdullah/personal portfilio/portfilio/node_modules/lightningcss-linux-arm64-gnu
129 silly reify mark deleted [
129 silly reify   '/Users/macbook/Documents/Abdullah/personal portfilio/portfilio/node_modules/lightningcss-linux-arm64-gnu'
129 silly reify ]
130 verbose reify failed optional dependency /Users/macbook/Documents/Abdullah/personal portfilio/portfilio/node_modules/lightningcss-linux-arm-gnueabihf
131 silly reify mark deleted [
131 silly reify   '/Users/macbook/Documents/Abdullah/personal portfilio/portfilio/node_modules/lightningcss-linux-arm-gnueabihf'
131 silly reify ]
132 verbose reify failed optional dependency /Users/macbook/Documents/Abdullah/personal portfilio/portfilio/node_modules/lightningcss-freebsd-x64
133 silly reify mark deleted [
133 silly reify   '/Users/macbook/Documents/Abdullah/personal portfilio/portfilio/node_modules/lightningcss-freebsd-x64'
133 silly reify ]
134 verbose reify failed optional dependency /Users/macbook/Documents/Abdullah/personal portfilio/portfilio/node_modules/lightningcss-darwin-x64
135 silly reify mark deleted [
135 silly reify   '/Users/macbook/Documents/Abdullah/personal portfilio/portfilio/node_modules/lightningcss-darwin-x64'
135 silly reify ]
136 verbose reify failed optional dependency /Users/macbook/Documents/Abdullah/personal portfilio/portfilio/node_modules/lightningcss-android-arm64
137 silly reify mark deleted [
137 silly reify   '/Users/macbook/Documents/Abdullah/personal portfilio/portfilio/node_modules/lightningcss-android-arm64'
137 silly reify ]
138 verbose reify failed optional dependency /Users/macbook/Documents/Abdullah/personal portfilio/portfilio/node_modules/@unrs/resolver-binding-win32-x64-msvc
139 silly reify mark deleted [
139 silly reify   '/Users/macbook/Documents/Abdullah/personal portfilio/portfilio/node_modules/@unrs/resolver-binding-win32-x64-msvc'
139 silly reify ]
140 verbose reify failed optional dependency /Users/macbook/Documents/Abdullah/personal portfilio/portfilio/node_modules/@unrs/resolver-binding-win32-ia32-msvc
141 silly reify mark deleted [
141 silly reify   '/Users/macbook/Documents/Abdullah/personal portfilio/portfilio/node_modules/@unrs/resolver-binding-win32-ia32-msvc'
141 silly reify ]
142 verbose reify failed optional dependency /Users/macbook/Documents/Abdullah/personal portfilio/portfilio/node_modules/@unrs/resolver-binding-win32-arm64-msvc
143 silly reify mark deleted [
143 silly reify   '/Users/macbook/Documents/Abdullah/personal portfilio/portfilio/node_modules/@unrs/resolver-binding-win32-arm64-msvc'
143 silly reify ]
144 verbose reify failed optional dependency /Users/macbook/Documents/Abdullah/personal portfilio/portfilio/node_modules/@unrs/resolver-binding-wasm32-wasi
145 silly reify mark deleted [
145 silly reify   '/Users/macbook/Documents/Abdullah/personal portfilio/portfilio/node_modules/@unrs/resolver-binding-wasm32-wasi'
145 silly reify ]
146 verbose reify failed optional dependency /Users/macbook/Documents/Abdullah/personal portfilio/portfilio/node_modules/@unrs/resolver-binding-linux-x64-musl
147 silly reify mark deleted [
147 silly reify   '/Users/macbook/Documents/Abdullah/personal portfilio/portfilio/node_modules/@unrs/resolver-binding-linux-x64-musl'
147 silly reify ]
148 verbose reify failed optional dependency /Users/macbook/Documents/Abdullah/personal portfilio/portfilio/node_modules/@unrs/resolver-binding-linux-x64-gnu
149 silly reify mark deleted [
149 silly reify   '/Users/macbook/Documents/Abdullah/personal portfilio/portfilio/node_modules/@unrs/resolver-binding-linux-x64-gnu'
149 silly reify ]
150 verbose reify failed optional dependency /Users/macbook/Documents/Abdullah/personal portfilio/portfilio/node_modules/@unrs/resolver-binding-linux-s390x-gnu
151 silly reify mark deleted [
151 silly reify   '/Users/macbook/Documents/Abdullah/personal portfilio/portfilio/node_modules/@unrs/resolver-binding-linux-s390x-gnu'
151 silly reify ]
152 verbose reify failed optional dependency /Users/macbook/Documents/Abdullah/personal portfilio/portfilio/node_modules/@unrs/resolver-binding-linux-riscv64-musl
153 silly reify mark deleted [
153 silly reify   '/Users/macbook/Documents/Abdullah/personal portfilio/portfilio/node_modules/@unrs/resolver-binding-linux-riscv64-musl'
153 silly reify ]
154 verbose reify failed optional dependency /Users/macbook/Documents/Abdullah/personal portfilio/portfilio/node_modules/@unrs/resolver-binding-linux-riscv64-gnu
155 silly reify mark deleted [
155 silly reify   '/Users/macbook/Documents/Abdullah/personal portfilio/portfilio/node_modules/@unrs/resolver-binding-linux-riscv64-gnu'
155 silly reify ]
156 verbose reify failed optional dependency /Users/macbook/Documents/Abdullah/personal portfilio/portfilio/node_modules/@unrs/resolver-binding-linux-ppc64-gnu
157 silly reify mark deleted [
157 silly reify   '/Users/macbook/Documents/Abdullah/personal portfilio/portfilio/node_modules/@unrs/resolver-binding-linux-ppc64-gnu'
157 silly reify ]
158 verbose reify failed optional dependency /Users/macbook/Documents/Abdullah/personal portfilio/portfilio/node_modules/@unrs/resolver-binding-linux-arm64-musl
159 silly reify mark deleted [
159 silly reify   '/Users/macbook/Documents/Abdullah/personal portfilio/portfilio/node_modules/@unrs/resolver-binding-linux-arm64-musl'
159 silly reify ]
160 verbose reify failed optional dependency /Users/macbook/Documents/Abdullah/personal portfilio/portfilio/node_modules/@unrs/resolver-binding-linux-arm64-gnu
161 silly reify mark deleted [
161 silly reify   '/Users/macbook/Documents/Abdullah/personal portfilio/portfilio/node_modules/@unrs/resolver-binding-linux-arm64-gnu'
161 silly reify ]
162 verbose reify failed optional dependency /Users/macbook/Documents/Abdullah/personal portfilio/portfilio/node_modules/@unrs/resolver-binding-linux-arm-musleabihf
163 silly reify mark deleted [
163 silly reify   '/Users/macbook/Documents/Abdullah/personal portfilio/portfilio/node_modules/@unrs/resolver-binding-linux-arm-musleabihf'
163 silly reify ]
164 verbose reify failed optional dependency /Users/macbook/Documents/Abdullah/personal portfilio/portfilio/node_modules/@unrs/resolver-binding-linux-arm-gnueabihf
165 silly reify mark deleted [
165 silly reify   '/Users/macbook/Documents/Abdullah/personal portfilio/portfilio/node_modules/@unrs/resolver-binding-linux-arm-gnueabihf'
165 silly reify ]
166 verbose reify failed optional dependency /Users/macbook/Documents/Abdullah/personal portfilio/portfilio/node_modules/@unrs/resolver-binding-freebsd-x64
167 silly reify mark deleted [
167 silly reify   '/Users/macbook/Documents/Abdullah/personal portfilio/portfilio/node_modules/@unrs/resolver-binding-freebsd-x64'
167 silly reify ]
168 verbose reify failed optional dependency /Users/macbook/Documents/Abdullah/personal portfilio/portfilio/node_modules/@unrs/resolver-binding-darwin-x64
169 silly reify mark deleted [
169 silly reify   '/Users/macbook/Documents/Abdullah/personal portfilio/portfilio/node_modules/@unrs/resolver-binding-darwin-x64'
169 silly reify ]
170 verbose reify failed optional dependency /Users/macbook/Documents/Abdullah/personal portfilio/portfilio/node_modules/@unrs/resolver-binding-android-arm64
171 silly reify mark deleted [
171 silly reify   '/Users/macbook/Documents/Abdullah/personal portfilio/portfilio/node_modules/@unrs/resolver-binding-android-arm64'
171 silly reify ]
172 verbose reify failed optional dependency /Users/macbook/Documents/Abdullah/personal portfilio/portfilio/node_modules/@unrs/resolver-binding-android-arm-eabi
173 silly reify mark deleted [
173 silly reify   '/Users/macbook/Documents/Abdullah/personal portfilio/portfilio/node_modules/@unrs/resolver-binding-android-arm-eabi'
173 silly reify ]
174 verbose reify failed optional dependency /Users/macbook/Documents/Abdullah/personal portfilio/portfilio/node_modules/@tailwindcss/oxide-win32-x64-msvc
175 silly reify mark deleted [
175 silly reify   '/Users/macbook/Documents/Abdullah/personal portfilio/portfilio/node_modules/@tailwindcss/oxide-win32-x64-msvc'
175 silly reify ]
176 verbose reify failed optional dependency /Users/macbook/Documents/Abdullah/personal portfilio/portfilio/node_modules/@tailwindcss/oxide-win32-arm64-msvc
177 silly reify mark deleted [
177 silly reify   '/Users/macbook/Documents/Abdullah/personal portfilio/portfilio/node_modules/@tailwindcss/oxide-win32-arm64-msvc'
177 silly reify ]
178 verbose reify failed optional dependency /Users/macbook/Documents/Abdullah/personal portfilio/portfilio/node_modules/@tailwindcss/oxide-linux-x64-musl
179 silly reify mark deleted [
179 silly reify   '/Users/macbook/Documents/Abdullah/personal portfilio/portfilio/node_modules/@tailwindcss/oxide-linux-x64-musl'
179 silly reify ]
180 verbose reify failed optional dependency /Users/macbook/Documents/Abdullah/personal portfilio/portfilio/node_modules/@tailwindcss/oxide-linux-x64-gnu
181 silly reify mark deleted [
181 silly reify   '/Users/macbook/Documents/Abdullah/personal portfilio/portfilio/node_modules/@tailwindcss/oxide-linux-x64-gnu'
181 silly reify ]
182 verbose reify failed optional dependency /Users/macbook/Documents/Abdullah/personal portfilio/portfilio/node_modules/@tailwindcss/oxide-linux-arm64-musl
183 silly reify mark deleted [
183 silly reify   '/Users/macbook/Documents/Abdullah/personal portfilio/portfilio/node_modules/@tailwindcss/oxide-linux-arm64-musl'
183 silly reify ]
184 verbose reify failed optional dependency /Users/macbook/Documents/Abdullah/personal portfilio/portfilio/node_modules/@tailwindcss/oxide-linux-arm64-gnu
185 silly reify mark deleted [
185 silly reify   '/Users/macbook/Documents/Abdullah/personal portfilio/portfilio/node_modules/@tailwindcss/oxide-linux-arm64-gnu'
185 silly reify ]
186 verbose reify failed optional dependency /Users/macbook/Documents/Abdullah/personal portfilio/portfilio/node_modules/@tailwindcss/oxide-linux-arm-gnueabihf
187 silly reify mark deleted [
187 silly reify   '/Users/macbook/Documents/Abdullah/personal portfilio/portfilio/node_modules/@tailwindcss/oxide-linux-arm-gnueabihf'
187 silly reify ]
188 verbose reify failed optional dependency /Users/macbook/Documents/Abdullah/personal portfilio/portfilio/node_modules/@tailwindcss/oxide-freebsd-x64
189 silly reify mark deleted [
189 silly reify   '/Users/macbook/Documents/Abdullah/personal portfilio/portfilio/node_modules/@tailwindcss/oxide-freebsd-x64'
189 silly reify ]
190 verbose reify failed optional dependency /Users/macbook/Documents/Abdullah/personal portfilio/portfilio/node_modules/@tailwindcss/oxide-darwin-x64
191 silly reify mark deleted [
191 silly reify   '/Users/macbook/Documents/Abdullah/personal portfilio/portfilio/node_modules/@tailwindcss/oxide-darwin-x64'
191 silly reify ]
192 verbose reify failed optional dependency /Users/macbook/Documents/Abdullah/personal portfilio/portfilio/node_modules/@tailwindcss/oxide-android-arm64
193 silly reify mark deleted [
193 silly reify   '/Users/macbook/Documents/Abdullah/personal portfilio/portfilio/node_modules/@tailwindcss/oxide-android-arm64'
193 silly reify ]
194 verbose reify failed optional dependency /Users/macbook/Documents/Abdullah/personal portfilio/portfilio/node_modules/@next/swc-win32-x64-msvc
195 silly reify mark deleted [
195 silly reify   '/Users/macbook/Documents/Abdullah/personal portfilio/portfilio/node_modules/@next/swc-win32-x64-msvc'
195 silly reify ]
196 verbose reify failed optional dependency /Users/macbook/Documents/Abdullah/personal portfilio/portfilio/node_modules/@next/swc-win32-arm64-msvc
197 silly reify mark deleted [
197 silly reify   '/Users/macbook/Documents/Abdullah/personal portfilio/portfilio/node_modules/@next/swc-win32-arm64-msvc'
197 silly reify ]
198 verbose reify failed optional dependency /Users/macbook/Documents/Abdullah/personal portfilio/portfilio/node_modules/@next/swc-linux-x64-musl
199 silly reify mark deleted [
199 silly reify   '/Users/macbook/Documents/Abdullah/personal portfilio/portfilio/node_modules/@next/swc-linux-x64-musl'
199 silly reify ]
200 verbose reify failed optional dependency /Users/macbook/Documents/Abdullah/personal portfilio/portfilio/node_modules/@next/swc-linux-x64-gnu
201 silly reify mark deleted [
201 silly reify   '/Users/macbook/Documents/Abdullah/personal portfilio/portfilio/node_modules/@next/swc-linux-x64-gnu'
201 silly reify ]
202 verbose reify failed optional dependency /Users/macbook/Documents/Abdullah/personal portfilio/portfilio/node_modules/@next/swc-linux-arm64-musl
203 silly reify mark deleted [
203 silly reify   '/Users/macbook/Documents/Abdullah/personal portfilio/portfilio/node_modules/@next/swc-linux-arm64-musl'
203 silly reify ]
204 verbose reify failed optional dependency /Users/macbook/Documents/Abdullah/personal portfilio/portfilio/node_modules/@next/swc-linux-arm64-gnu
205 silly reify mark deleted [
205 silly reify   '/Users/macbook/Documents/Abdullah/personal portfilio/portfilio/node_modules/@next/swc-linux-arm64-gnu'
205 silly reify ]
206 verbose reify failed optional dependency /Users/macbook/Documents/Abdullah/personal portfilio/portfilio/node_modules/@next/swc-darwin-x64
207 silly reify mark deleted [
207 silly reify   '/Users/macbook/Documents/Abdullah/personal portfilio/portfilio/node_modules/@next/swc-darwin-x64'
207 silly reify ]
208 verbose reify failed optional dependency /Users/macbook/Documents/Abdullah/personal portfilio/portfilio/node_modules/@img/sharp-win32-x64
209 silly reify mark deleted [
209 silly reify   '/Users/macbook/Documents/Abdullah/personal portfilio/portfilio/node_modules/@img/sharp-win32-x64'
209 silly reify ]
210 verbose reify failed optional dependency /Users/macbook/Documents/Abdullah/personal portfilio/portfilio/node_modules/@img/sharp-win32-ia32
211 silly reify mark deleted [
211 silly reify   '/Users/macbook/Documents/Abdullah/personal portfilio/portfilio/node_modules/@img/sharp-win32-ia32'
211 silly reify ]
212 verbose reify failed optional dependency /Users/macbook/Documents/Abdullah/personal portfilio/portfilio/node_modules/@img/sharp-win32-arm64
213 silly reify mark deleted [
213 silly reify   '/Users/macbook/Documents/Abdullah/personal portfilio/portfilio/node_modules/@img/sharp-win32-arm64'
213 silly reify ]
214 verbose reify failed optional dependency /Users/macbook/Documents/Abdullah/personal portfilio/portfilio/node_modules/@img/sharp-wasm32
215 silly reify mark deleted [
215 silly reify   '/Users/macbook/Documents/Abdullah/personal portfilio/portfilio/node_modules/@img/sharp-wasm32'
215 silly reify ]
216 verbose reify failed optional dependency /Users/macbook/Documents/Abdullah/personal portfilio/portfilio/node_modules/@img/sharp-linuxmusl-x64
217 silly reify mark deleted [
217 silly reify   '/Users/macbook/Documents/Abdullah/personal portfilio/portfilio/node_modules/@img/sharp-linuxmusl-x64'
217 silly reify ]
218 verbose reify failed optional dependency /Users/macbook/Documents/Abdullah/personal portfilio/portfilio/node_modules/@img/sharp-linuxmusl-arm64
219 silly reify mark deleted [
219 silly reify   '/Users/macbook/Documents/Abdullah/personal portfilio/portfilio/node_modules/@img/sharp-linuxmusl-arm64'
219 silly reify ]
220 verbose reify failed optional dependency /Users/macbook/Documents/Abdullah/personal portfilio/portfilio/node_modules/@img/sharp-linux-x64
221 silly reify mark deleted [
221 silly reify   '/Users/macbook/Documents/Abdullah/personal portfilio/portfilio/node_modules/@img/sharp-linux-x64'
221 silly reify ]
222 verbose reify failed optional dependency /Users/macbook/Documents/Abdullah/personal portfilio/portfilio/node_modules/@img/sharp-linux-s390x
223 silly reify mark deleted [
223 silly reify   '/Users/macbook/Documents/Abdullah/personal portfilio/portfilio/node_modules/@img/sharp-linux-s390x'
223 silly reify ]
224 verbose reify failed optional dependency /Users/macbook/Documents/Abdullah/personal portfilio/portfilio/node_modules/@img/sharp-linux-riscv64
225 silly reify mark deleted [
225 silly reify   '/Users/macbook/Documents/Abdullah/personal portfilio/portfilio/node_modules/@img/sharp-linux-riscv64'
225 silly reify ]
226 verbose reify failed optional dependency /Users/macbook/Documents/Abdullah/personal portfilio/portfilio/node_modules/@img/sharp-linux-ppc64
227 silly reify mark deleted [
227 silly reify   '/Users/macbook/Documents/Abdullah/personal portfilio/portfilio/node_modules/@img/sharp-linux-ppc64'
227 silly reify ]
228 verbose reify failed optional dependency /Users/macbook/Documents/Abdullah/personal portfilio/portfilio/node_modules/@img/sharp-linux-arm64
229 silly reify mark deleted [
229 silly reify   '/Users/macbook/Documents/Abdullah/personal portfilio/portfilio/node_modules/@img/sharp-linux-arm64'
229 silly reify ]
230 verbose reify failed optional dependency /Users/macbook/Documents/Abdullah/personal portfilio/portfilio/node_modules/@img/sharp-linux-arm
231 silly reify mark deleted [
231 silly reify   '/Users/macbook/Documents/Abdullah/personal portfilio/portfilio/node_modules/@img/sharp-linux-arm'
231 silly reify ]
232 verbose reify failed optional dependency /Users/macbook/Documents/Abdullah/personal portfilio/portfilio/node_modules/@img/sharp-libvips-linuxmusl-x64
233 silly reify mark deleted [
233 silly reify   '/Users/macbook/Documents/Abdullah/personal portfilio/portfilio/node_modules/@img/sharp-libvips-linuxmusl-x64'
233 silly reify ]
234 verbose reify failed optional dependency /Users/macbook/Documents/Abdullah/personal portfilio/portfilio/node_modules/@img/sharp-libvips-linuxmusl-arm64
235 silly reify mark deleted [
235 silly reify   '/Users/macbook/Documents/Abdullah/personal portfilio/portfilio/node_modules/@img/sharp-libvips-linuxmusl-arm64'
235 silly reify ]
236 verbose reify failed optional dependency /Users/macbook/Documents/Abdullah/personal portfilio/portfilio/node_modules/@img/sharp-libvips-linux-x64
237 silly reify mark deleted [
237 silly reify   '/Users/macbook/Documents/Abdullah/personal portfilio/portfilio/node_modules/@img/sharp-libvips-linux-x64'
237 silly reify ]
238 verbose reify failed optional dependency /Users/macbook/Documents/Abdullah/personal portfilio/portfilio/node_modules/@img/sharp-libvips-linux-s390x
239 silly reify mark deleted [
239 silly reify   '/Users/macbook/Documents/Abdullah/personal portfilio/portfilio/node_modules/@img/sharp-libvips-linux-s390x'
239 silly reify ]
240 verbose reify failed optional dependency /Users/macbook/Documents/Abdullah/personal portfilio/portfilio/node_modules/@img/sharp-libvips-linux-riscv64
241 silly reify mark deleted [
241 silly reify   '/Users/macbook/Documents/Abdullah/personal portfilio/portfilio/node_modules/@img/sharp-libvips-linux-riscv64'
241 silly reify ]
242 verbose reify failed optional dependency /Users/macbook/Documents/Abdullah/personal portfilio/portfilio/node_modules/@img/sharp-libvips-linux-ppc64
243 silly reify mark deleted [
243 silly reify   '/Users/macbook/Documents/Abdullah/personal portfilio/portfilio/node_modules/@img/sharp-libvips-linux-ppc64'
243 silly reify ]
244 verbose reify failed optional dependency /Users/macbook/Documents/Abdullah/personal portfilio/portfilio/node_modules/@img/sharp-libvips-linux-arm64
245 silly reify mark deleted [
245 silly reify   '/Users/macbook/Documents/Abdullah/personal portfilio/portfilio/node_modules/@img/sharp-libvips-linux-arm64'
245 silly reify ]
246 verbose reify failed optional dependency /Users/macbook/Documents/Abdullah/personal portfilio/portfilio/node_modules/@img/sharp-libvips-linux-arm
247 silly reify mark deleted [
247 silly reify   '/Users/macbook/Documents/Abdullah/personal portfilio/portfilio/node_modules/@img/sharp-libvips-linux-arm'
247 silly reify ]
248 verbose reify failed optional dependency /Users/macbook/Documents/Abdullah/personal portfilio/portfilio/node_modules/@img/sharp-libvips-darwin-x64
249 silly reify mark deleted [
249 silly reify   '/Users/macbook/Documents/Abdullah/personal portfilio/portfilio/node_modules/@img/sharp-libvips-darwin-x64'
249 silly reify ]
250 verbose reify failed optional dependency /Users/macbook/Documents/Abdullah/personal portfilio/portfilio/node_modules/@img/sharp-darwin-x64
251 silly reify mark deleted [
251 silly reify   '/Users/macbook/Documents/Abdullah/personal portfilio/portfilio/node_modules/@img/sharp-darwin-x64'
251 silly reify ]
252 verbose reify failed optional dependency /Users/macbook/Documents/Abdullah/personal portfilio/portfilio/node_modules/@esbuild/win32-x64
253 silly reify mark deleted [
253 silly reify   '/Users/macbook/Documents/Abdullah/personal portfilio/portfilio/node_modules/@esbuild/win32-x64'
253 silly reify ]
254 verbose reify failed optional dependency /Users/macbook/Documents/Abdullah/personal portfilio/portfilio/node_modules/@esbuild/win32-ia32
255 silly reify mark deleted [
255 silly reify   '/Users/macbook/Documents/Abdullah/personal portfilio/portfilio/node_modules/@esbuild/win32-ia32'
255 silly reify ]
256 verbose reify failed optional dependency /Users/macbook/Documents/Abdullah/personal portfilio/portfilio/node_modules/@esbuild/win32-arm64
257 silly reify mark deleted [
257 silly reify   '/Users/macbook/Documents/Abdullah/personal portfilio/portfilio/node_modules/@esbuild/win32-arm64'
257 silly reify ]
258 verbose reify failed optional dependency /Users/macbook/Documents/Abdullah/personal portfilio/portfilio/node_modules/@esbuild/sunos-x64
259 silly reify mark deleted [
259 silly reify   '/Users/macbook/Documents/Abdullah/personal portfilio/portfilio/node_modules/@esbuild/sunos-x64'
259 silly reify ]
260 verbose reify failed optional dependency /Users/macbook/Documents/Abdullah/personal portfilio/portfilio/node_modules/@esbuild/openharmony-arm64
261 silly reify mark deleted [
261 silly reify   '/Users/macbook/Documents/Abdullah/personal portfilio/portfilio/node_modules/@esbuild/openharmony-arm64'
261 silly reify ]
262 verbose reify failed optional dependency /Users/macbook/Documents/Abdullah/personal portfilio/portfilio/node_modules/@esbuild/openbsd-x64
263 silly reify mark deleted [
263 silly reify   '/Users/macbook/Documents/Abdullah/personal portfilio/portfilio/node_modules/@esbuild/openbsd-x64'
263 silly reify ]
264 verbose reify failed optional dependency /Users/macbook/Documents/Abdullah/personal portfilio/portfilio/node_modules/@esbuild/openbsd-arm64
265 silly reify mark deleted [
265 silly reify   '/Users/macbook/Documents/Abdullah/personal portfilio/portfilio/node_modules/@esbuild/openbsd-arm64'
265 silly reify ]
266 verbose reify failed optional dependency /Users/macbook/Documents/Abdullah/personal portfilio/portfilio/node_modules/@esbuild/netbsd-x64
267 silly reify mark deleted [
267 silly reify   '/Users/macbook/Documents/Abdullah/personal portfilio/portfilio/node_modules/@esbuild/netbsd-x64'
267 silly reify ]
268 verbose reify failed optional dependency /Users/macbook/Documents/Abdullah/personal portfilio/portfilio/node_modules/@esbuild/netbsd-arm64
269 silly reify mark deleted [
269 silly reify   '/Users/macbook/Documents/Abdullah/personal portfilio/portfilio/node_modules/@esbuild/netbsd-arm64'
269 silly reify ]
270 verbose reify failed optional dependency /Users/macbook/Documents/Abdullah/personal portfilio/portfilio/node_modules/@esbuild/linux-x64
271 silly reify mark deleted [
271 silly reify   '/Users/macbook/Documents/Abdullah/personal portfilio/portfilio/node_modules/@esbuild/linux-x64'
271 silly reify ]
272 verbose reify failed optional dependency /Users/macbook/Documents/Abdullah/personal portfilio/portfilio/node_modules/@esbuild/linux-s390x
273 silly reify mark deleted [
273 silly reify   '/Users/macbook/Documents/Abdullah/personal portfilio/portfilio/node_modules/@esbuild/linux-s390x'
273 silly reify ]
274 verbose reify failed optional dependency /Users/macbook/Documents/Abdullah/personal portfilio/portfilio/node_modules/@esbuild/linux-riscv64
275 silly reify mark deleted [
275 silly reify   '/Users/macbook/Documents/Abdullah/personal portfilio/portfilio/node_modules/@esbuild/linux-riscv64'
275 silly reify ]
276 verbose reify failed optional dependency /Users/macbook/Documents/Abdullah/personal portfilio/portfilio/node_modules/@esbuild/linux-ppc64
277 silly reify mark deleted [
277 silly reify   '/Users/macbook/Documents/Abdullah/personal portfilio/portfilio/node_modules/@esbuild/linux-ppc64'
277 silly reify ]
278 verbose reify failed optional dependency /Users/macbook/Documents/Abdullah/personal portfilio/portfilio/node_modules/@esbuild/linux-mips64el
279 silly reify mark deleted [
279 silly reify   '/Users/macbook/Documents/Abdullah/personal portfilio/portfilio/node_modules/@esbuild/linux-mips64el'
279 silly reify ]
280 verbose reify failed optional dependency /Users/macbook/Documents/Abdullah/personal portfilio/portfilio/node_modules/@esbuild/linux-loong64
281 silly reify mark deleted [
281 silly reify   '/Users/macbook/Documents/Abdullah/personal portfilio/portfilio/node_modules/@esbuild/linux-loong64'
281 silly reify ]
282 verbose reify failed optional dependency /Users/macbook/Documents/Abdullah/personal portfilio/portfilio/node_modules/@esbuild/linux-ia32
283 silly reify mark deleted [
283 silly reify   '/Users/macbook/Documents/Abdullah/personal portfilio/portfilio/node_modules/@esbuild/linux-ia32'
283 silly reify ]
284 verbose reify failed optional dependency /Users/macbook/Documents/Abdullah/personal portfilio/portfilio/node_modules/@esbuild/linux-arm64
285 silly reify mark deleted [
285 silly reify   '/Users/macbook/Documents/Abdullah/personal portfilio/portfilio/node_modules/@esbuild/linux-arm64'
285 silly reify ]
286 verbose reify failed optional dependency /Users/macbook/Documents/Abdullah/personal portfilio/portfilio/node_modules/@esbuild/linux-arm
287 silly reify mark deleted [
287 silly reify   '/Users/macbook/Documents/Abdullah/personal portfilio/portfilio/node_modules/@esbuild/linux-arm'
287 silly reify ]
288 verbose reify failed optional dependency /Users/macbook/Documents/Abdullah/personal portfilio/portfilio/node_modules/@esbuild/freebsd-x64
289 silly reify mark deleted [
289 silly reify   '/Users/macbook/Documents/Abdullah/personal portfilio/portfilio/node_modules/@esbuild/freebsd-x64'
289 silly reify ]
290 verbose reify failed optional dependency /Users/macbook/Documents/Abdullah/personal portfilio/portfilio/node_modules/@esbuild/freebsd-arm64
291 silly reify mark deleted [
291 silly reify   '/Users/macbook/Documents/Abdullah/personal portfilio/portfilio/node_modules/@esbuild/freebsd-arm64'
291 silly reify ]
292 verbose reify failed optional dependency /Users/macbook/Documents/Abdullah/personal portfilio/portfilio/node_modules/@esbuild/darwin-x64
293 silly reify mark deleted [
293 silly reify   '/Users/macbook/Documents/Abdullah/personal portfilio/portfilio/node_modules/@esbuild/darwin-x64'
293 silly reify ]
294 verbose reify failed optional dependency /Users/macbook/Documents/Abdullah/personal portfilio/portfilio/node_modules/@esbuild/android-x64
295 silly reify mark deleted [
295 silly reify   '/Users/macbook/Documents/Abdullah/personal portfilio/portfilio/node_modules/@esbuild/android-x64'
295 silly reify ]
296 verbose reify failed optional dependency /Users/macbook/Documents/Abdullah/personal portfilio/portfilio/node_modules/@esbuild/android-arm64
297 silly reify mark deleted [
297 silly reify   '/Users/macbook/Documents/Abdullah/personal portfilio/portfilio/node_modules/@esbuild/android-arm64'
297 silly reify ]
298 verbose reify failed optional dependency /Users/macbook/Documents/Abdullah/personal portfilio/portfilio/node_modules/@esbuild/android-arm
299 silly reify mark deleted [
299 silly reify   '/Users/macbook/Documents/Abdullah/personal portfilio/portfilio/node_modules/@esbuild/android-arm'
299 silly reify ]
300 verbose reify failed optional dependency /Users/macbook/Documents/Abdullah/personal portfilio/portfilio/node_modules/@esbuild/aix-ppc64
301 silly reify mark deleted [
301 silly reify   '/Users/macbook/Documents/Abdullah/personal portfilio/portfilio/node_modules/@esbuild/aix-ppc64'
301 silly reify ]
302 http cache normalize-path@https://registry.npmjs.org/normalize-path/-/normalize-path-3.0.0.tgz 0ms (cache hit)
303 http cache anymatch@https://registry.npmjs.org/anymatch/-/anymatch-3.1.3.tgz 0ms (cache hit)
304 http cache is-binary-path@https://registry.npmjs.org/is-binary-path/-/is-binary-path-2.1.0.tgz 0ms (cache hit)
305 http cache binary-extensions@https://registry.npmjs.org/binary-extensions/-/binary-extensions-2.3.0.tgz 0ms (cache hit)
306 http cache touch@https://registry.npmjs.org/touch/-/touch-3.1.1.tgz 0ms (cache hit)
307 http cache undefsafe@https://registry.npmjs.org/undefsafe/-/undefsafe-2.0.5.tgz 0ms (cache hit)
308 http cache simple-update-notifier@https://registry.npmjs.org/simple-update-notifier/-/simple-update-notifier-2.0.0.tgz 0ms (cache hit)
309 http cache pstree.remy@https://registry.npmjs.org/pstree.remy/-/pstree.remy-1.1.8.tgz 0ms (cache hit)
310 http cache ignore-by-default@https://registry.npmjs.org/ignore-by-default/-/ignore-by-default-1.0.1.tgz 0ms (cache hit)
311 http cache balanced-match@https://registry.npmjs.org/balanced-match/-/balanced-match-4.0.4.tgz 0ms (cache hit)
312 http cache nodemon@https://registry.npmjs.org/nodemon/-/nodemon-3.1.14.tgz 0ms (cache hit)
313 http cache semver@https://registry.npmjs.org/semver/-/semver-7.7.4.tgz 0ms (cache hit)
314 http cache brace-expansion@https://registry.npmjs.org/brace-expansion/-/brace-expansion-5.0.5.tgz 0ms (cache hit)
315 http cache readdirp@https://registry.npmjs.org/readdirp/-/readdirp-3.6.0.tgz 0ms (cache hit)
316 http cache glob-parent@https://registry.npmjs.org/glob-parent/-/glob-parent-5.1.2.tgz 0ms (cache hit)
317 http cache supports-color@https://registry.npmjs.org/supports-color/-/supports-color-5.5.0.tgz 0ms (cache hit)
318 http cache semver@https://registry.npmjs.org/semver/-/semver-7.7.4.tgz 0ms (cache hit)
319 silly tarball no local data for normalize-path@https://registry.npmjs.org/normalize-path/-/normalize-path-3.0.0.tgz. Extracting by manifest.
320 silly tarball no local data for anymatch@https://registry.npmjs.org/anymatch/-/anymatch-3.1.3.tgz. Extracting by manifest.
321 silly tarball no local data for is-binary-path@https://registry.npmjs.org/is-binary-path/-/is-binary-path-2.1.0.tgz. Extracting by manifest.
322 http cache minimatch@https://registry.npmjs.org/minimatch/-/minimatch-10.2.5.tgz 0ms (cache hit)
323 http cache chokidar@https://registry.npmjs.org/chokidar/-/chokidar-3.6.0.tgz 0ms (cache hit)
324 silly tarball no local data for binary-extensions@https://registry.npmjs.org/binary-extensions/-/binary-extensions-2.3.0.tgz. Extracting by manifest.
325 http cache has-flag@https://registry.npmjs.org/has-flag/-/has-flag-3.0.0.tgz 0ms (cache hit)
326 silly tarball no local data for touch@https://registry.npmjs.org/touch/-/touch-3.1.1.tgz. Extracting by manifest.
327 silly tarball no local data for undefsafe@https://registry.npmjs.org/undefsafe/-/undefsafe-2.0.5.tgz. Extracting by manifest.
328 silly tarball no local data for simple-update-notifier@https://registry.npmjs.org/simple-update-notifier/-/simple-update-notifier-2.0.0.tgz. Extracting by manifest.
329 silly tarball no local data for pstree.remy@https://registry.npmjs.org/pstree.remy/-/pstree.remy-1.1.8.tgz. Extracting by manifest.
330 silly tarball no local data for ignore-by-default@https://registry.npmjs.org/ignore-by-default/-/ignore-by-default-1.0.1.tgz. Extracting by manifest.
331 silly tarball no local data for balanced-match@https://registry.npmjs.org/balanced-match/-/balanced-match-4.0.4.tgz. Extracting by manifest.
332 silly tarball no local data for nodemon@https://registry.npmjs.org/nodemon/-/nodemon-3.1.14.tgz. Extracting by manifest.
333 silly tarball no local data for semver@https://registry.npmjs.org/semver/-/semver-7.7.4.tgz. Extracting by manifest.
334 silly tarball no local data for brace-expansion@https://registry.npmjs.org/brace-expansion/-/brace-expansion-5.0.5.tgz. Extracting by manifest.
335 silly tarball no local data for readdirp@https://registry.npmjs.org/readdirp/-/readdirp-3.6.0.tgz. Extracting by manifest.
336 silly tarball no local data for glob-parent@https://registry.npmjs.org/glob-parent/-/glob-parent-5.1.2.tgz. Extracting by manifest.
337 silly tarball no local data for supports-color@https://registry.npmjs.org/supports-color/-/supports-color-5.5.0.tgz. Extracting by manifest.
338 silly tarball no local data for semver@https://registry.npmjs.org/semver/-/semver-7.7.4.tgz. Extracting by manifest.
339 silly tarball no local data for minimatch@https://registry.npmjs.org/minimatch/-/minimatch-10.2.5.tgz. Extracting by manifest.
340 silly tarball no local data for chokidar@https://registry.npmjs.org/chokidar/-/chokidar-3.6.0.tgz. Extracting by manifest.
341 silly tarball no local data for has-flag@https://registry.npmjs.org/has-flag/-/has-flag-3.0.0.tgz. Extracting by manifest.
342 http fetch GET 200 https://registry.npmjs.org/anymatch/-/anymatch-3.1.3.tgz 204ms (cache miss)
343 http fetch GET 200 https://registry.npmjs.org/binary-extensions/-/binary-extensions-2.3.0.tgz 205ms (cache miss)
344 http fetch GET 200 https://registry.npmjs.org/normalize-path/-/normalize-path-3.0.0.tgz 210ms (cache miss)
345 http fetch GET 200 https://registry.npmjs.org/is-binary-path/-/is-binary-path-2.1.0.tgz 214ms (cache miss)
346 http fetch GET 200 https://registry.npmjs.org/touch/-/touch-3.1.1.tgz 214ms (cache miss)
347 http fetch GET 200 https://registry.npmjs.org/pstree.remy/-/pstree.remy-1.1.8.tgz 214ms (cache miss)
348 http fetch GET 200 https://registry.npmjs.org/undefsafe/-/undefsafe-2.0.5.tgz 215ms (cache miss)
349 http fetch GET 200 https://registry.npmjs.org/simple-update-notifier/-/simple-update-notifier-2.0.0.tgz 217ms (cache miss)
350 http fetch POST 200 https://registry.npmjs.org/-/npm/v1/security/advisories/bulk 389ms
351 silly audit report {
351 silly audit report   next: [
351 silly audit report     {
351 silly audit report       id: 1114898,
351 silly audit report       url: 'https://github.com/advisories/GHSA-ggv3-7p47-pfv8',
351 silly audit report       title: 'Next.js: HTTP request smuggling in rewrites',
351 silly audit report       severity: 'moderate',
351 silly audit report       vulnerable_versions: '>=16.0.0-beta.0 <16.1.7',
351 silly audit report       cwe: [Array],
351 silly audit report       cvss: [Object]
351 silly audit report     },
351 silly audit report     {
351 silly audit report       id: 1114941,
351 silly audit report       url: 'https://github.com/advisories/GHSA-3x4c-7xq6-9pq8',
351 silly audit report       title: 'Next.js: Unbounded next/image disk cache growth can exhaust storage',
351 silly audit report       severity: 'moderate',
351 silly audit report       vulnerable_versions: '>=16.0.0-beta.0 <16.1.7',
351 silly audit report       cwe: [Array],
351 silly audit report       cvss: [Object]
351 silly audit report     },
351 silly audit report     {
351 silly audit report       id: 1114942,
351 silly audit report       url: 'https://github.com/advisories/GHSA-h27x-g6w4-24gq',
351 silly audit report       title: 'Next.js: Unbounded postponed resume buffering can lead to DoS',
351 silly audit report       severity: 'moderate',
351 silly audit report       vulnerable_versions: '>=16.0.1 <16.1.7',
351 silly audit report       cwe: [Array],
351 silly audit report       cvss: [Object]
351 silly audit report     },
351 silly audit report     {
351 silly audit report       id: 1114943,
351 silly audit report       url: 'https://github.com/advisories/GHSA-mq59-m269-xvcx',
351 silly audit report       title: 'Next.js: null origin can bypass Server Actions CSRF checks',
351 silly audit report       severity: 'moderate',
351 silly audit report       vulnerable_versions: '>=16.0.1 <16.1.7',
351 silly audit report       cwe: [Array],
351 silly audit report       cvss: [Object]
351 silly audit report     },
351 silly audit report     {
351 silly audit report       id: 1115360,
351 silly audit report       url: 'https://github.com/advisories/GHSA-jcc7-9wpm-mj36',
351 silly audit report       title: 'Next.js: null origin can bypass dev HMR websocket CSRF checks',
351 silly audit report       severity: 'low',
351 silly audit report       vulnerable_versions: '>=16.0.1 <16.1.7',
351 silly audit report       cwe: [Array],
351 silly audit report       cvss: [Object]
351 silly audit report     },
351 silly audit report     {
351 silly audit report       id: 1116375,
351 silly audit report       url: 'https://github.com/advisories/GHSA-q4gf-8mx6-v5v3',
351 silly audit report       title: 'Next.js has a Denial of Service with Server Components',
351 silly audit report       severity: 'high',
351 silly audit report       vulnerable_versions: '>=16.0.0-beta.0 <16.2.3',
351 silly audit report       cwe: [Array],
351 silly audit report       cvss: [Object]
351 silly audit report     }
351 silly audit report   ],
351 silly audit report   nodemailer: [
351 silly audit report     {
351 silly audit report       id: 1109804,
351 silly audit report       url: 'https://github.com/advisories/GHSA-mm7p-fcc7-pg87',
351 silly audit report       title: 'Nodemailer: Email to an unintended domain can occur due to Interpretation Conflict',
351 silly audit report       severity: 'moderate',
351 silly audit report       vulnerable_versions: '<7.0.7',
351 silly audit report       cwe: [Array],
351 silly audit report       cvss: [Object]
351 silly audit report     },
351 silly audit report     {
351 silly audit report       id: 1113165,
351 silly audit report       url: 'https://github.com/advisories/GHSA-rcmh-qjqh-p98v',
351 silly audit report       title: 'Nodemailer’s addressparser is vulnerable to DoS caused by recursive calls',
351 silly audit report       severity: 'high',
351 silly audit report       vulnerable_versions: '<=7.0.10',
351 silly audit report       cwe: [Array],
351 silly audit report       cvss: [Object]
351 silly audit report     },
351 silly audit report     {
351 silly audit report       id: 1115470,
351 silly audit report       url: 'https://github.com/advisories/GHSA-c7w3-x93f-qmm8',
351 silly audit report       title: 'Nodemailer has SMTP command injection due to unsanitized `envelope.size` parameter',
351 silly audit report       severity: 'low',
351 silly audit report       vulnerable_versions: '<8.0.4',
351 silly audit report       cwe: [Array],
351 silly audit report       cvss: [Object]
351 silly audit report     },
351 silly audit report     {
351 silly audit report       id: 1116270,
351 silly audit report       url: 'https://github.com/advisories/GHSA-vvjj-xcjg-gr5g',
351 silly audit report       title: 'Nodemailer Vulnerable to SMTP Command Injection via CRLF in Transport name Option (EHLO/HELO) ',
351 silly audit report       severity: 'moderate',
351 silly audit report       vulnerable_versions: '<=8.0.4',
351 silly audit report       cwe: [Array],
351 silly audit report       cvss: [Object]
351 silly audit report     }
351 silly audit report   ]
351 silly audit report }
352 silly packumentCache corgi:https://registry.npmjs.org/next cache-miss
353 silly packumentCache corgi:https://registry.npmjs.org/nodemailer cache-miss
354 http fetch GET 200 https://registry.npmjs.org/glob-parent/-/glob-parent-5.1.2.tgz 403ms (cache miss)
355 http fetch GET 200 https://registry.npmjs.org/has-flag/-/has-flag-3.0.0.tgz 398ms (cache miss)
356 http fetch GET 200 https://registry.npmjs.org/supports-color/-/supports-color-5.5.0.tgz 405ms (cache miss)
357 http fetch GET 200 https://registry.npmjs.org/chokidar/-/chokidar-3.6.0.tgz 426ms (cache miss)
358 http fetch GET 200 https://registry.npmjs.org/semver/-/semver-7.7.4.tgz 442ms (cache miss)
359 http fetch GET 200 https://registry.npmjs.org/minimatch/-/minimatch-10.2.5.tgz 445ms (cache miss)
360 http fetch GET 200 https://registry.npmjs.org/next 228ms (cache revalidated)
361 silly packumentCache corgi:https://registry.npmjs.org/next set size:24649943 disposed:false
362 http fetch GET 200 https://registry.npmjs.org/nodemailer 891ms (cache revalidated)
363 silly packumentCache corgi:https://registry.npmjs.org/nodemailer set size:309772 disposed:false
364 http fetch GET 200 https://registry.npmjs.org/ignore-by-default/-/ignore-by-default-1.0.1.tgz 1308ms (cache miss)
365 http fetch GET 200 https://registry.npmjs.org/readdirp/-/readdirp-3.6.0.tgz 1308ms (cache miss)
366 http fetch GET 200 https://registry.npmjs.org/brace-expansion/-/brace-expansion-5.0.5.tgz 1315ms (cache miss)
367 http fetch GET 200 https://registry.npmjs.org/balanced-match/-/balanced-match-4.0.4.tgz 1318ms (cache miss)
368 http fetch GET 200 https://registry.npmjs.org/semver/-/semver-7.7.4.tgz 1333ms (cache miss)
369 http fetch GET 200 https://registry.npmjs.org/nodemon/-/nodemon-3.1.14.tgz 1351ms (cache miss)
370 silly ADD node_modules/binary-extensions
371 silly ADD node_modules/normalize-path
372 silly ADD node_modules/is-binary-path
373 silly ADD node_modules/anymatch
374 silly ADD node_modules/undefsafe
375 silly ADD node_modules/touch
376 silly ADD node_modules/simple-update-notifier
377 silly ADD node_modules/simple-update-notifier/node_modules/semver
378 silly ADD node_modules/pstree.remy
379 silly ADD node_modules/ignore-by-default
380 silly ADD node_modules/nodemon
381 silly ADD node_modules/nodemon/node_modules/has-flag
382 silly ADD node_modules/nodemon/node_modules/balanced-match
383 silly ADD node_modules/nodemon/node_modules/brace-expansion
384 silly ADD node_modules/nodemon/node_modules/readdirp
385 silly ADD node_modules/nodemon/node_modules/glob-parent
386 silly ADD node_modules/nodemon/node_modules/supports-color
387 silly ADD node_modules/nodemon/node_modules/semver
388 silly ADD node_modules/nodemon/node_modules/minimatch
389 silly ADD node_modules/nodemon/node_modules/chokidar
390 silly ADD
391 silly ADD
392 silly ADD
393 silly ADD
394 silly ADD
395 silly ADD
396 silly ADD
397 silly ADD
398 silly ADD
399 silly ADD
400 silly ADD
401 silly ADD
402 silly ADD
403 silly ADD
404 silly ADD
405 silly ADD
406 silly ADD
407 silly ADD
408 silly ADD
409 silly ADD
410 silly ADD
411 silly ADD
412 silly ADD
413 silly ADD
414 silly ADD
415 silly ADD
416 silly ADD
417 silly ADD
418 silly ADD
419 silly ADD
420 silly ADD
421 silly ADD
422 silly ADD
423 silly ADD
424 silly ADD
425 silly ADD
426 silly ADD
427 silly ADD
428 silly ADD
429 silly ADD
430 silly ADD
431 silly ADD
432 silly ADD
433 silly ADD
434 silly ADD
435 silly ADD
436 silly ADD
437 silly ADD
438 silly ADD
439 silly ADD
440 silly ADD
441 silly ADD
442 silly ADD
443 silly ADD
444 silly ADD
445 silly ADD
446 silly ADD
447 silly ADD
448 silly ADD
449 silly ADD
450 silly ADD
451 silly ADD
452 silly ADD
453 silly ADD
454 silly ADD
455 silly ADD
456 silly ADD
457 silly ADD
458 silly ADD
459 silly ADD
460 silly ADD
461 silly ADD
462 silly ADD
463 silly ADD
464 silly ADD
465 silly ADD
466 silly ADD
467 silly ADD
468 silly ADD
469 silly ADD
470 silly ADD
471 silly ADD
472 silly ADD
473 silly ADD
474 silly ADD
475 silly ADD
476 silly ADD
477 silly ADD
478 silly ADD
479 silly ADD
480 silly ADD
481 silly ADD
482 silly ADD
483 verbose cwd /Users/macbook/Documents/Abdullah/personal portfilio/portfilio
484 verbose os Darwin 25.3.0
485 verbose node v22.20.0
486 verbose npm  v10.9.3
487 verbose exit 0
488 info ok
