0 verbose cli /usr/local/bin/node /usr/local/bin/npm
1 info using npm@10.9.3
2 info using node@v22.20.0
3 silly config load:file:/usr/local/lib/node_modules/npm/npmrc
4 silly config load:file:/Users/macbook/Documents/Abdullah/personal portfilio/portfilio/.npmrc
5 silly config load:file:/Users/macbook/.npmrc
6 silly config load:file:/usr/local/etc/npmrc
7 verbose title npm install bcryptjs @types/bcryptjs
8 verbose argv "install" "bcryptjs" "@types/bcryptjs" "--cache" ".npm-cache" "--legacy-peer-deps"
9 verbose logfile logs-max:10 dir:/Users/macbook/Documents/Abdullah/personal portfilio/portfilio/.npm-cache/_logs/2026-04-11T14_23_38_996Z-
10 verbose logfile /Users/macbook/Documents/Abdullah/personal portfilio/portfilio/.npm-cache/_logs/2026-04-11T14_23_38_996Z-debug-0.log
11 silly logfile done cleaning log files
12 silly packumentCache heap:4345298944 maxSize:1086324736 maxEntrySize:543162368
13 silly idealTree buildDeps
14 silly fetch manifest bcryptjs@*
15 silly packumentCache full:https://registry.npmjs.org/bcryptjs cache-miss
16 http cache https://registry.npmjs.org/bcryptjs 53ms (cache hit)
17 silly packumentCache full:https://registry.npmjs.org/bcryptjs set size:80409 disposed:false
18 silly fetch manifest @types/bcryptjs@*
19 silly packumentCache full:https://registry.npmjs.org/@types%2fbcryptjs cache-miss
20 http cache https://registry.npmjs.org/@types%2fbcryptjs 3ms (cache hit)
21 silly packumentCache full:https://registry.npmjs.org/@types%2fbcryptjs set size:28223 disposed:false
22 silly placeDep ROOT @types/bcryptjs@2.4.6 OK for: portfilio@0.1.0 want: *
23 silly placeDep ROOT bcryptjs@3.0.3 OK for: portfilio@0.1.0 want: *
24 silly reify moves {}
25 verbose reify failed optional dependency /Users/macbook/Documents/Abdullah/personal portfilio/portfilio/node_modules/@tailwindcss/oxide-wasm32-wasi
26 silly reify mark deleted [
26 silly reify   '/Users/macbook/Documents/Abdullah/personal portfilio/portfilio/node_modules/@tailwindcss/oxide-wasm32-wasi'
26 silly reify ]
27 silly audit bulk request {
27 silly audit   '@alloc/quick-lru': [ '5.2.0' ],
27 silly audit   '@auth/core': [ '0.41.0' ],
27 silly audit   '@babel/code-frame': [ '7.29.0' ],
27 silly audit   '@babel/compat-data': [ '7.29.0' ],
27 silly audit   '@babel/core': [ '7.29.0' ],
27 silly audit   '@babel/generator': [ '7.29.1' ],
27 silly audit   '@babel/helper-compilation-targets': [ '7.28.6' ],
27 silly audit   '@babel/helper-globals': [ '7.28.0' ],
27 silly audit   '@babel/helper-module-imports': [ '7.28.6' ],
27 silly audit   '@babel/helper-module-transforms': [ '7.28.6' ],
27 silly audit   '@babel/helper-string-parser': [ '7.27.1' ],
27 silly audit   '@babel/helper-validator-identifier': [ '7.28.5' ],
27 silly audit   '@babel/helper-validator-option': [ '7.27.1' ],
27 silly audit   '@babel/helpers': [ '7.29.2' ],
27 silly audit   '@babel/parser': [ '7.29.2' ],
27 silly audit   '@babel/template': [ '7.28.6' ],
27 silly audit   '@babel/traverse': [ '7.29.0' ],
27 silly audit   '@babel/types': [ '7.29.0' ],
27 silly audit   '@emnapi/core': [ '1.9.2' ],
27 silly audit   '@emnapi/runtime': [ '1.9.2' ],
27 silly audit   '@emnapi/wasi-threads': [ '1.2.1' ],
27 silly audit   '@esbuild/aix-ppc64': [ '0.27.7' ],
27 silly audit   '@esbuild/android-arm': [ '0.27.7' ],
27 silly audit   '@esbuild/android-arm64': [ '0.27.7' ],
27 silly audit   '@esbuild/android-x64': [ '0.27.7' ],
27 silly audit   '@esbuild/darwin-arm64': [ '0.27.7' ],
27 silly audit   '@esbuild/darwin-x64': [ '0.27.7' ],
27 silly audit   '@esbuild/freebsd-arm64': [ '0.27.7' ],
27 silly audit   '@esbuild/freebsd-x64': [ '0.27.7' ],
27 silly audit   '@esbuild/linux-arm': [ '0.27.7' ],
27 silly audit   '@esbuild/linux-arm64': [ '0.27.7' ],
27 silly audit   '@esbuild/linux-ia32': [ '0.27.7' ],
27 silly audit   '@esbuild/linux-loong64': [ '0.27.7' ],
27 silly audit   '@esbuild/linux-mips64el': [ '0.27.7' ],
27 silly audit   '@esbuild/linux-ppc64': [ '0.27.7' ],
27 silly audit   '@esbuild/linux-riscv64': [ '0.27.7' ],
27 silly audit   '@esbuild/linux-s390x': [ '0.27.7' ],
27 silly audit   '@esbuild/linux-x64': [ '0.27.7' ],
27 silly audit   '@esbuild/netbsd-arm64': [ '0.27.7' ],
27 silly audit   '@esbuild/netbsd-x64': [ '0.27.7' ],
27 silly audit   '@esbuild/openbsd-arm64': [ '0.27.7' ],
27 silly audit   '@esbuild/openbsd-x64': [ '0.27.7' ],
27 silly audit   '@esbuild/openharmony-arm64': [ '0.27.7' ],
27 silly audit   '@esbuild/sunos-x64': [ '0.27.7' ],
27 silly audit   '@esbuild/win32-arm64': [ '0.27.7' ],
27 silly audit   '@esbuild/win32-ia32': [ '0.27.7' ],
27 silly audit   '@esbuild/win32-x64': [ '0.27.7' ],
27 silly audit   '@eslint-community/eslint-utils': [ '4.9.1' ],
27 silly audit   'eslint-visitor-keys': [ '3.4.3', '5.0.1', '4.2.1' ],
27 silly audit   '@eslint-community/regexpp': [ '4.12.2' ],
27 silly audit   '@eslint/config-array': [ '0.21.2' ],
27 silly audit   '@eslint/config-helpers': [ '0.4.2' ],
27 silly audit   '@eslint/core': [ '0.17.0' ],
27 silly audit   '@eslint/eslintrc': [ '3.3.5' ],
27 silly audit   '@eslint/js': [ '9.39.4' ],
27 silly audit   '@eslint/object-schema': [ '2.1.7' ],
27 silly audit   '@eslint/plugin-kit': [ '0.4.1' ],
27 silly audit   '@humanfs/core': [ '0.19.1' ],
27 silly audit   '@humanfs/node': [ '0.16.7' ],
27 silly audit   '@humanwhocodes/module-importer': [ '1.0.1' ],
27 silly audit   '@humanwhocodes/retry': [ '0.4.3' ],
27 silly audit   '@img/colour': [ '1.1.0' ],
27 silly audit   '@img/sharp-darwin-arm64': [ '0.34.5' ],
27 silly audit   '@img/sharp-darwin-x64': [ '0.34.5' ],
27 silly audit   '@img/sharp-libvips-darwin-arm64': [ '1.2.4' ],
27 silly audit   '@img/sharp-libvips-darwin-x64': [ '1.2.4' ],
27 silly audit   '@img/sharp-libvips-linux-arm': [ '1.2.4' ],
27 silly audit   '@img/sharp-libvips-linux-arm64': [ '1.2.4' ],
27 silly audit   '@img/sharp-libvips-linux-ppc64': [ '1.2.4' ],
27 silly audit   '@img/sharp-libvips-linux-riscv64': [ '1.2.4' ],
27 silly audit   '@img/sharp-libvips-linux-s390x': [ '1.2.4' ],
27 silly audit   '@img/sharp-libvips-linux-x64': [ '1.2.4' ],
27 silly audit   '@img/sharp-libvips-linuxmusl-arm64': [ '1.2.4' ],
27 silly audit   '@img/sharp-libvips-linuxmusl-x64': [ '1.2.4' ],
27 silly audit   '@img/sharp-linux-arm': [ '0.34.5' ],
27 silly audit   '@img/sharp-linux-arm64': [ '0.34.5' ],
27 silly audit   '@img/sharp-linux-ppc64': [ '0.34.5' ],
27 silly audit   '@img/sharp-linux-riscv64': [ '0.34.5' ],
27 silly audit   '@img/sharp-linux-s390x': [ '0.34.5' ],
27 silly audit   '@img/sharp-linux-x64': [ '0.34.5' ],
27 silly audit   '@img/sharp-linuxmusl-arm64': [ '0.34.5' ],
27 silly audit   '@img/sharp-linuxmusl-x64': [ '0.34.5' ],
27 silly audit   '@img/sharp-wasm32': [ '0.34.5' ],
27 silly audit   '@img/sharp-win32-arm64': [ '0.34.5' ],
27 silly audit   '@img/sharp-win32-ia32': [ '0.34.5' ],
27 silly audit   '@img/sharp-win32-x64': [ '0.34.5' ],
27 silly audit   '@jridgewell/gen-mapping': [ '0.3.13' ],
27 silly audit   '@jridgewell/remapping': [ '2.3.5' ],
27 silly audit   '@jridgewell/resolve-uri': [ '3.1.2' ],
27 silly audit   '@jridgewell/sourcemap-codec': [ '1.5.5' ],
27 silly audit   '@jridgewell/trace-mapping': [ '0.3.31' ],
27 silly audit   '@napi-rs/wasm-runtime': [ '0.2.12' ],
27 silly audit   '@next/env': [ '16.1.6' ],
27 silly audit   '@next/eslint-plugin-next': [ '16.1.6' ],
27 silly audit   '@next/swc-darwin-arm64': [ '16.1.6' ],
27 silly audit   '@next/swc-darwin-x64': [ '16.1.6' ],
27 silly audit   '@next/swc-linux-arm64-gnu': [ '16.1.6' ],
27 silly audit   '@next/swc-linux-arm64-musl': [ '16.1.6' ],
27 silly audit   '@next/swc-linux-x64-gnu': [ '16.1.6' ],
27 silly audit   '@next/swc-linux-x64-musl': [ '16.1.6' ],
27 silly audit   '@next/swc-win32-arm64-msvc': [ '16.1.6' ],
27 silly audit   '@next/swc-win32-x64-msvc': [ '16.1.6' ],
27 silly audit   '@nodelib/fs.scandir': [ '2.1.5' ],
27 silly audit   '@nodelib/fs.stat': [ '2.0.5' ],
27 silly audit   '@nodelib/fs.walk': [ '1.2.8' ],
27 silly audit   '@nolyfill/is-core-module': [ '1.0.39' ],
27 silly audit   '@panva/hkdf': [ '1.2.1' ],
27 silly audit   '@prisma/client': [ '6.19.3' ],
27 silly audit   '@prisma/config': [ '6.19.3' ],
27 silly audit   '@prisma/debug': [ '6.19.3' ],
27 silly audit   '@prisma/engines': [ '6.19.3' ],
27 silly audit   '@prisma/engines-version': [ '7.1.1-3.c2990dca591cba766e3b7ef5d9e8a84796e47ab7' ],
27 silly audit   '@prisma/fetch-engine': [ '6.19.3' ],
27 silly audit   '@prisma/get-platform': [ '6.19.3' ],
27 silly audit   '@rtsao/scc': [ '1.1.0' ],
27 silly audit   '@standard-schema/spec': [ '1.1.0' ],
27 silly audit   '@swc/helpers': [ '0.5.15' ],
27 silly audit   '@tailwindcss/node': [ '4.2.2' ],
27 silly audit   '@tailwindcss/oxide': [ '4.2.2' ],
27 silly audit   '@tailwindcss/oxide-android-arm64': [ '4.2.2' ],
27 silly audit   '@tailwindcss/oxide-darwin-arm64': [ '4.2.2' ],
27 silly audit   '@tailwindcss/oxide-darwin-x64': [ '4.2.2' ],
27 silly audit   '@tailwindcss/oxide-freebsd-x64': [ '4.2.2' ],
27 silly audit   '@tailwindcss/oxide-linux-arm-gnueabihf': [ '4.2.2' ],
27 silly audit   '@tailwindcss/oxide-linux-arm64-gnu': [ '4.2.2' ],
27 silly audit   '@tailwindcss/oxide-linux-arm64-musl': [ '4.2.2' ],
27 silly audit   '@tailwindcss/oxide-linux-x64-gnu': [ '4.2.2' ],
27 silly audit   '@tailwindcss/oxide-linux-x64-musl': [ '4.2.2' ],
27 silly audit   '@tailwindcss/oxide-win32-arm64-msvc': [ '4.2.2' ],
27 silly audit   '@tailwindcss/oxide-win32-x64-msvc': [ '4.2.2' ],
27 silly audit   '@tailwindcss/postcss': [ '4.2.2' ],
27 silly audit   '@tybys/wasm-util': [ '0.10.1' ],
27 silly audit   '@types/estree': [ '1.0.8' ],
27 silly audit   '@types/json-schema': [ '7.0.15' ],
27 silly audit   '@types/json5': [ '0.0.29' ],
27 silly audit   '@types/node': [ '20.19.39' ],
27 silly audit   '@types/nodemailer': [ '8.0.0' ],
27 silly audit   '@types/react': [ '19.2.14' ],
27 silly audit   '@types/react-dom': [ '19.2.3' ],
27 silly audit   '@types/uuid': [ '10.0.0' ],
27 silly audit   '@typescript-eslint/eslint-plugin': [ '8.58.1' ],
27 silly audit   ignore: [ '7.0.5', '5.3.2' ],
27 silly audit   '@typescript-eslint/parser': [ '8.58.1' ],
27 silly audit   '@typescript-eslint/project-service': [ '8.58.1' ],
27 silly audit   '@typescript-eslint/scope-manager': [ '8.58.1' ],
27 silly audit   '@typescript-eslint/tsconfig-utils': [ '8.58.1' ],
27 silly audit   '@typescript-eslint/type-utils': [ '8.58.1' ],
27 silly audit   '@typescript-eslint/types': [ '8.58.1' ],
27 silly audit   '@typescript-eslint/typescript-estree': [ '8.58.1' ],
27 silly audit   'balanced-match': [ '4.0.4', '1.0.2' ],
27 silly audit   'brace-expansion': [ '5.0.5', '1.1.13' ],
27 silly audit   minimatch: [ '10.2.5', '3.1.5' ],
27 silly audit   semver: [ '7.7.4', '6.3.1' ],
27 silly audit   '@typescript-eslint/utils': [ '8.58.1' ],
27 silly audit   '@typescript-eslint/visitor-keys': [ '8.58.1' ],
27 silly audit   '@unrs/resolver-binding-android-arm-eabi': [ '1.11.1' ],
27 silly audit   '@unrs/resolver-binding-android-arm64': [ '1.11.1' ],
27 silly audit   '@unrs/resolver-binding-darwin-arm64': [ '1.11.1' ],
27 silly audit   '@unrs/resolver-binding-darwin-x64': [ '1.11.1' ],
27 silly audit   '@unrs/resolver-binding-freebsd-x64': [ '1.11.1' ],
27 silly audit   '@unrs/resolver-binding-linux-arm-gnueabihf': [ '1.11.1' ],
27 silly audit   '@unrs/resolver-binding-linux-arm-musleabihf': [ '1.11.1' ],
27 silly audit   '@unrs/resolver-binding-linux-arm64-gnu': [ '1.11.1' ],
27 silly audit   '@unrs/resolver-binding-linux-arm64-musl': [ '1.11.1' ],
27 silly audit   '@unrs/resolver-binding-linux-ppc64-gnu': [ '1.11.1' ],
27 silly audit   '@unrs/resolver-binding-linux-riscv64-gnu': [ '1.11.1' ],
27 silly audit   '@unrs/resolver-binding-linux-riscv64-musl': [ '1.11.1' ],
27 silly audit   '@unrs/resolver-binding-linux-s390x-gnu': [ '1.11.1' ],
27 silly audit   '@unrs/resolver-binding-linux-x64-gnu': [ '1.11.1' ],
27 silly audit   '@unrs/resolver-binding-linux-x64-musl': [ '1.11.1' ],
27 silly audit   '@unrs/resolver-binding-wasm32-wasi': [ '1.11.1' ],
27 silly audit   '@unrs/resolver-binding-win32-arm64-msvc': [ '1.11.1' ],
27 silly audit   '@unrs/resolver-binding-win32-ia32-msvc': [ '1.11.1' ],
27 silly audit   '@unrs/resolver-binding-win32-x64-msvc': [ '1.11.1' ],
27 silly audit   acorn: [ '8.16.0' ],
27 silly audit   'acorn-jsx': [ '5.3.2' ],
27 silly audit   ajv: [ '6.14.0' ],
27 silly audit   'ansi-styles': [ '4.3.0' ],
27 silly audit   argparse: [ '2.0.1' ],
27 silly audit   'aria-query': [ '5.3.2' ],
27 silly audit   'array-buffer-byte-length': [ '1.0.2' ],
27 silly audit   'array-includes': [ '3.1.9' ],
27 silly audit   'array.prototype.findlast': [ '1.2.5' ],
27 silly audit   'array.prototype.findlastindex': [ '1.2.6' ],
27 silly audit   'array.prototype.flat': [ '1.3.3' ],
27 silly audit   'array.prototype.flatmap': [ '1.3.3' ],
27 silly audit   'array.prototype.tosorted': [ '1.1.4' ],
27 silly audit   'arraybuffer.prototype.slice': [ '1.0.4' ],
27 silly audit   'ast-types-flow': [ '0.0.8' ],
27 silly audit   'async-function': [ '1.0.0' ],
27 silly audit   'available-typed-arrays': [ '1.0.7' ],
27 silly audit   'axe-core': [ '4.11.2' ],
27 silly audit   'axobject-query': [ '4.1.0' ],
27 silly audit   'baseline-browser-mapping': [ '2.10.17' ],
27 silly audit   braces: [ '3.0.3' ],
27 silly audit   browserslist: [ '4.28.2' ],
27 silly audit   c12: [ '3.1.0' ],
27 silly audit   'call-bind': [ '1.0.9' ],
27 silly audit   'call-bind-apply-helpers': [ '1.0.2' ],
27 silly audit   'call-bound': [ '1.0.4' ],
27 silly audit   callsites: [ '3.1.0' ],
27 silly audit   'caniuse-lite': [ '1.0.30001787' ],
27 silly audit   chalk: [ '4.1.2' ],
27 silly audit   chokidar: [ '4.0.3' ],
27 silly audit   citty: [ '0.1.6', '0.2.2' ],
27 silly audit   'client-only': [ '0.0.1' ],
27 silly audit   'color-convert': [ '2.0.1' ],
27 silly audit   'color-name': [ '1.1.4' ],
27 silly audit   'concat-map': [ '0.0.1' ],
27 silly audit   confbox: [ '0.2.4' ],
27 silly audit   consola: [ '3.4.2' ],
27 silly audit   'convert-source-map': [ '2.0.0' ],
27 silly audit   'cross-spawn': [ '7.0.6' ],
27 silly audit   csstype: [ '3.2.3' ],
27 silly audit   'damerau-levenshtein': [ '1.0.8' ],
27 silly audit   'data-view-buffer': [ '1.0.2' ],
27 silly audit   'data-view-byte-length': [ '1.0.2' ],
27 silly audit   'data-view-byte-offset': [ '1.0.1' ],
27 silly audit   debug: [ '4.4.3', '3.2.7' ],
27 silly audit   'deep-is': [ '0.1.4' ],
27 silly audit   'deepmerge-ts': [ '7.1.5' ],
27 silly audit   'define-data-property': [ '1.1.4' ],
27 silly audit   'define-properties': [ '1.2.1' ],
27 silly audit   defu: [ '6.1.7' ],
27 silly audit   destr: [ '2.0.5' ],
27 silly audit   'detect-libc': [ '2.1.2' ],
27 silly audit   doctrine: [ '2.1.0' ],
27 silly audit   dotenv: [ '16.6.1' ],
27 silly audit   'dunder-proto': [ '1.0.1' ],
27 silly audit   effect: [ '3.21.0' ],
27 silly audit   'electron-to-chromium': [ '1.5.334' ],
27 silly audit   'emoji-regex': [ '9.2.2' ],
27 silly audit   empathic: [ '2.0.0' ],
27 silly audit   'enhanced-resolve': [ '5.20.1' ],
27 silly audit   'es-abstract': [ '1.24.2' ],
27 silly audit   'es-define-property': [ '1.0.1' ],
27 silly audit   'es-errors': [ '1.3.0' ],
27 silly audit   'es-iterator-helpers': [ '1.3.2' ],
27 silly audit   'es-object-atoms': [ '1.1.1' ],
27 silly audit   'es-set-tostringtag': [ '2.1.0' ],
27 silly audit   'es-shim-unscopables': [ '1.1.0' ],
27 silly audit   'es-to-primitive': [ '1.3.0' ],
27 silly audit   esbuild: [ '0.27.7' ],
27 silly audit   escalade: [ '3.2.0' ],
27 silly audit   'escape-string-regexp': [ '4.0.0' ],
27 silly audit   eslint: [ '9.39.4' ],
27 silly audit   'eslint-config-next': [ '16.1.6' ],
27 silly audit   globals: [ '16.4.0', '14.0.0' ],
27 silly audit   'eslint-import-resolver-node': [ '0.3.10' ],
27 silly audit   'eslint-import-resolver-typescript': [ '3.10.1' ],
27 silly audit   'eslint-module-utils': [ '2.12.1' ],
27 silly audit   'eslint-plugin-import': [ '2.32.0' ],
27 silly audit   'eslint-plugin-jsx-a11y': [ '6.10.2' ],
27 silly audit   'eslint-plugin-react': [ '7.37.5' ],
27 silly audit   'eslint-plugin-react-hooks': [ '7.0.1' ],
27 silly audit   'eslint-scope': [ '8.4.0' ],
27 silly audit   espree: [ '10.4.0' ],
27 silly audit   esquery: [ '1.7.0' ],
27 silly audit   esrecurse: [ '4.3.0' ],
27 silly audit   estraverse: [ '5.3.0' ],
27 silly audit   esutils: [ '2.0.3' ],
27 silly audit   exsolve: [ '1.0.8' ],
27 silly audit   'fast-check': [ '3.23.2' ],
27 silly audit   'fast-deep-equal': [ '3.1.3' ],
27 silly audit   'fast-glob': [ '3.3.1' ],
27 silly audit   'glob-parent': [ '5.1.2', '6.0.2' ],
27 silly audit   'fast-json-stable-stringify': [ '2.1.0' ],
27 silly audit   'fast-levenshtein': [ '2.0.6' ],
27 silly audit   fastq: [ '1.20.1' ],
27 silly audit   'file-entry-cache': [ '8.0.0' ],
27 silly audit   'fill-range': [ '7.1.1' ],
27 silly audit   'find-up': [ '5.0.0' ],
27 silly audit   'flat-cache': [ '4.0.1' ],
27 silly audit   flatted: [ '3.4.2' ],
27 silly audit   'for-each': [ '0.3.5' ],
27 silly audit   fsevents: [ '2.3.3' ],
27 silly audit   'function-bind': [ '1.1.2' ],
27 silly audit   'function.prototype.name': [ '1.1.8' ],
27 silly audit   'functions-have-names': [ '1.2.3' ],
27 silly audit   'generator-function': [ '2.0.1' ],
27 silly audit   gensync: [ '1.0.0-beta.2' ],
27 silly audit   'get-intrinsic': [ '1.3.0' ],
27 silly audit   'get-proto': [ '1.0.1' ],
27 silly audit   'get-symbol-description': [ '1.1.0' ],
27 silly audit   'get-tsconfig': [ '4.13.7' ],
27 silly audit   giget: [ '2.0.0' ],
27 silly audit   globalthis: [ '1.0.4' ],
27 silly audit   gopd: [ '1.2.0' ],
27 silly audit   'graceful-fs': [ '4.2.11' ],
27 silly audit   gsap: [ '3.14.2' ],
27 silly audit   'has-bigints': [ '1.1.0' ],
27 silly audit   'has-flag': [ '4.0.0' ],
27 silly audit   'has-property-descriptors': [ '1.0.2' ],
27 silly audit   'has-proto': [ '1.2.0' ],
27 silly audit   'has-symbols': [ '1.1.0' ],
27 silly audit   'has-tostringtag': [ '1.0.2' ],
27 silly audit   hasown: [ '2.0.2' ],
27 silly audit   'hermes-estree': [ '0.25.1' ],
27 silly audit   'hermes-parser': [ '0.25.1' ],
27 silly audit   'import-fresh': [ '3.3.1' ],
27 silly audit   imurmurhash: [ '0.1.4' ],
27 silly audit   'internal-slot': [ '1.1.0' ],
27 silly audit   'is-array-buffer': [ '3.0.5' ],
27 silly audit   'is-async-function': [ '2.1.1' ],
27 silly audit   'is-bigint': [ '1.1.0' ],
27 silly audit   'is-boolean-object': [ '1.2.2' ],
27 silly audit   'is-bun-module': [ '2.0.0' ],
27 silly audit   'is-callable': [ '1.2.7' ],
27 silly audit   'is-core-module': [ '2.16.1' ],
27 silly audit   'is-data-view': [ '1.0.2' ],
27 silly audit   'is-date-object': [ '1.1.0' ],
27 silly audit   'is-extglob': [ '2.1.1' ],
27 silly audit   'is-finalizationregistry': [ '1.1.1' ],
27 silly audit   'is-generator-function': [ '1.1.2' ],
27 silly audit   'is-glob': [ '4.0.3' ],
27 silly audit   'is-map': [ '2.0.3' ],
27 silly audit   'is-negative-zero': [ '2.0.3' ],
27 silly audit   'is-number': [ '7.0.0' ],
27 silly audit   'is-number-object': [ '1.1.1' ],
27 silly audit   'is-regex': [ '1.2.1' ],
27 silly audit   'is-set': [ '2.0.3' ],
27 silly audit   'is-shared-array-buffer': [ '1.0.4' ],
27 silly audit   'is-string': [ '1.1.1' ],
27 silly audit   'is-symbol': [ '1.1.1' ],
27 silly audit   'is-typed-array': [ '1.1.15' ],
27 silly audit   'is-weakmap': [ '2.0.2' ],
27 silly audit   'is-weakref': [ '1.1.1' ],
27 silly audit   'is-weakset': [ '2.0.4' ],
27 silly audit   isarray: [ '2.0.5' ],
27 silly audit   isexe: [ '2.0.0' ],
27 silly audit   'iterator.prototype': [ '1.1.5' ],
27 silly audit   jiti: [ '2.6.1' ],
27 silly audit   jose: [ '6.2.2' ],
27 silly audit   'js-tokens': [ '4.0.0' ],
27 silly audit   'js-yaml': [ '4.1.1' ],
27 silly audit   jsesc: [ '3.1.0' ],
27 silly audit   'json-buffer': [ '3.0.1' ],
27 silly audit   'json-schema-traverse': [ '0.4.1' ],
27 silly audit   'json-stable-stringify-without-jsonify': [ '1.0.1' ],
27 silly audit   json5: [ '2.2.3', '1.0.2' ],
27 silly audit   'jsx-ast-utils': [ '3.3.5' ],
27 silly audit   keyv: [ '4.5.4' ],
27 silly audit   'language-subtag-registry': [ '0.3.23' ],
27 silly audit   'language-tags': [ '1.0.9' ],
27 silly audit   levn: [ '0.4.1' ],
27 silly audit   lightningcss: [ '1.32.0' ],
27 silly audit   'lightningcss-android-arm64': [ '1.32.0' ],
27 silly audit   'lightningcss-darwin-arm64': [ '1.32.0' ],
27 silly audit   'lightningcss-darwin-x64': [ '1.32.0' ],
27 silly audit   'lightningcss-freebsd-x64': [ '1.32.0' ],
27 silly audit   'lightningcss-linux-arm-gnueabihf': [ '1.32.0' ],
27 silly audit   'lightningcss-linux-arm64-gnu': [ '1.32.0' ],
27 silly audit   'lightningcss-linux-arm64-musl': [ '1.32.0' ],
27 silly audit   'lightningcss-linux-x64-gnu': [ '1.32.0' ],
27 silly audit   'lightningcss-linux-x64-musl': [ '1.32.0' ],
27 silly audit   'lightningcss-win32-arm64-msvc': [ '1.32.0' ],
27 silly audit   'lightningcss-win32-x64-msvc': [ '1.32.0' ],
27 silly audit   'locate-path': [ '6.0.0' ],
27 silly audit   'lodash.merge': [ '4.6.2' ],
27 silly audit   'loose-envify': [ '1.4.0' ],
27 silly audit   'lru-cache': [ '5.1.1' ],
27 silly audit   'lucide-react': [ '1.8.0' ],
27 silly audit   'magic-string': [ '0.30.21' ],
27 silly audit   'math-intrinsics': [ '1.1.0' ],
27 silly audit   merge2: [ '1.4.1' ],
27 silly audit   micromatch: [ '4.0.8' ],
27 silly audit   minimist: [ '1.2.8' ],
27 silly audit   ms: [ '2.1.3' ],
27 silly audit   nanoid: [ '3.3.11' ],
27 silly audit   'napi-postinstall': [ '0.3.4' ],
27 silly audit   'natural-compare': [ '1.4.0' ],
27 silly audit   next: [ '16.1.6' ],
27 silly audit   'next-auth': [ '5.0.0-beta.30' ],
27 silly audit   postcss: [ '8.4.31', '8.5.9' ],
27 silly audit   'node-exports-info': [ '1.6.0' ],
27 silly audit   'node-fetch-native': [ '1.6.7' ],
27 silly audit   'node-releases': [ '2.0.37' ],
27 silly audit   nodemailer: [ '6.10.1' ],
27 silly audit   nypm: [ '0.6.5' ],
27 silly audit   oauth4webapi: [ '3.8.5' ],
27 silly audit   'object-assign': [ '4.1.1' ],
27 silly audit   'object-inspect': [ '1.13.4' ],
27 silly audit   'object-keys': [ '1.1.1' ],
27 silly audit   'object.assign': [ '4.1.7' ],
27 silly audit   'object.entries': [ '1.1.9' ],
27 silly audit   'object.fromentries': [ '2.0.8' ],
27 silly audit   'object.groupby': [ '1.0.3' ],
27 silly audit   'object.values': [ '1.2.1' ],
27 silly audit   ohash: [ '2.0.11' ],
27 silly audit   optionator: [ '0.9.4' ],
27 silly audit   'own-keys': [ '1.0.1' ],
27 silly audit   'p-limit': [ '3.1.0' ],
27 silly audit   'p-locate': [ '5.0.0' ],
27 silly audit   'parent-module': [ '1.0.1' ],
27 silly audit   'path-exists': [ '4.0.0' ],
27 silly audit   'path-key': [ '3.1.1' ],
27 silly audit   'path-parse': [ '1.0.7' ],
27 silly audit   pathe: [ '2.0.3' ],
27 silly audit   'perfect-debounce': [ '1.0.0' ],
27 silly audit   picocolors: [ '1.1.1' ],
27 silly audit   picomatch: [ '2.3.2', '4.0.4' ],
27 silly audit   'pkg-types': [ '2.3.0' ],
27 silly audit   'possible-typed-array-names': [ '1.1.0' ],
27 silly audit   preact: [ '10.24.3' ],
27 silly audit   'preact-render-to-string': [ '6.5.11' ],
27 silly audit   'prelude-ls': [ '1.2.1' ],
27 silly audit   prisma: [ '6.19.3' ],
27 silly audit   'prop-types': [ '15.8.1' ],
27 silly audit   punycode: [ '2.3.1' ],
27 silly audit   'pure-rand': [ '6.1.0' ],
27 silly audit   'queue-microtask': [ '1.2.3' ],
27 silly audit   rc9: [ '2.1.2' ],
27 silly audit   react: [ '19.2.3' ],
27 silly audit   'react-dom': [ '19.2.3' ],
27 silly audit   'react-is': [ '16.13.1' ],
27 silly audit   readdirp: [ '4.1.2' ],
27 silly audit   'reflect.getprototypeof': [ '1.0.10' ],
27 silly audit   'regexp.prototype.flags': [ '1.5.4' ],
27 silly audit   resolve: [ '2.0.0-next.6' ],
27 silly audit   'resolve-from': [ '4.0.0' ],
27 silly audit   'resolve-pkg-maps': [ '1.0.0' ],
27 silly audit   reusify: [ '1.1.0' ],
27 silly audit   'run-parallel': [ '1.2.0' ],
27 silly audit   'safe-array-concat': [ '1.1.3' ],
27 silly audit   'safe-push-apply': [ '1.0.0' ],
27 silly audit   'safe-regex-test': [ '1.1.0' ],
27 silly audit   scheduler: [ '0.27.0' ],
27 silly audit   'set-function-length': [ '1.2.2' ],
27 silly audit   'set-function-name': [ '2.0.2' ],
27 silly audit   'set-proto': [ '1.0.0' ],
27 silly audit   sharp: [ '0.34.5' ],
27 silly audit   'shebang-command': [ '2.0.0' ],
27 silly audit   'shebang-regex': [ '3.0.0' ],
27 silly audit   'side-channel': [ '1.1.0' ],
27 silly audit   'side-channel-list': [ '1.0.1' ],
27 silly audit   'side-channel-map': [ '1.0.1' ],
27 silly audit   'side-channel-weakmap': [ '1.0.2' ],
27 silly audit   sonner: [ '2.0.7' ],
27 silly audit   'source-map-js': [ '1.2.1' ],
27 silly audit   'stable-hash': [ '0.0.5' ],
27 silly audit   'stop-iteration-iterator': [ '1.1.0' ],
27 silly audit   'string.prototype.includes': [ '2.0.1' ],
27 silly audit   'string.prototype.matchall': [ '4.0.12' ],
27 silly audit   'string.prototype.repeat': [ '1.0.0' ],
27 silly audit   'string.prototype.trim': [ '1.2.10' ],
27 silly audit   'string.prototype.trimend': [ '1.0.9' ],
27 silly audit   'string.prototype.trimstart': [ '1.0.8' ],
27 silly audit   'strip-bom': [ '3.0.0' ],
27 silly audit   'strip-json-comments': [ '3.1.1' ],
27 silly audit   'styled-jsx': [ '5.1.6' ],
27 silly audit   'supports-color': [ '7.2.0' ],
27 silly audit   'supports-preserve-symlinks-flag': [ '1.0.0' ],
27 silly audit   tailwindcss: [ '4.2.2' ],
27 silly audit   tapable: [ '2.3.2' ],
27 silly audit   tinyexec: [ '1.1.1' ],
27 silly audit   tinyglobby: [ '0.2.16' ],
27 silly audit   fdir: [ '6.5.0' ],
27 silly audit   'to-regex-range': [ '5.0.1' ],
27 silly audit   'ts-api-utils': [ '2.5.0' ],
27 silly audit   'tsconfig-paths': [ '3.15.0' ],
27 silly audit   tslib: [ '2.8.1' ],
27 silly audit   tsx: [ '4.21.0' ],
27 silly audit   'type-check': [ '0.4.0' ],
27 silly audit   'typed-array-buffer': [ '1.0.3' ],
27 silly audit   'typed-array-byte-length': [ '1.0.3' ],
27 silly audit   'typed-array-byte-offset': [ '1.0.4' ],
27 silly audit   'typed-array-length': [ '1.0.7' ],
27 silly audit   typescript: [ '5.9.3' ],
27 silly audit   'typescript-eslint': [ '8.58.1' ],
27 silly audit   'unbox-primitive': [ '1.1.0' ],
27 silly audit   'undici-types': [ '6.21.0' ],
27 silly audit   'unrs-resolver': [ '1.11.1' ],
27 silly audit   'update-browserslist-db': [ '1.2.3' ],
27 silly audit   'uri-js': [ '4.4.1' ],
27 silly audit   uuid: [ '13.0.0' ],
27 silly audit   which: [ '2.0.2' ],
27 silly audit   'which-boxed-primitive': [ '1.1.1' ],
27 silly audit   'which-builtin-type': [ '1.2.1' ],
27 silly audit   'which-collection': [ '1.0.2' ],
27 silly audit   'which-typed-array': [ '1.1.20' ],
27 silly audit   'word-wrap': [ '1.2.5' ],
27 silly audit   yallist: [ '3.1.1' ],
27 silly audit   'yocto-queue': [ '0.1.0' ],
27 silly audit   zod: [ '4.3.6' ],
27 silly audit   'zod-validation-error': [ '4.0.2' ],
27 silly audit   '@types/bcryptjs': [ '2.4.6' ],
27 silly audit   bcryptjs: [ '3.0.3' ],
27 silly audit   '@tailwindcss/oxide-wasm32-wasi': [ '4.2.2' ]
27 silly audit }
28 verbose reify failed optional dependency /Users/macbook/Documents/Abdullah/personal portfilio/portfilio/node_modules/lightningcss-win32-x64-msvc
29 silly reify mark deleted [
29 silly reify   '/Users/macbook/Documents/Abdullah/personal portfilio/portfilio/node_modules/lightningcss-win32-x64-msvc'
29 silly reify ]
30 verbose reify failed optional dependency /Users/macbook/Documents/Abdullah/personal portfilio/portfilio/node_modules/lightningcss-win32-arm64-msvc
31 silly reify mark deleted [
31 silly reify   '/Users/macbook/Documents/Abdullah/personal portfilio/portfilio/node_modules/lightningcss-win32-arm64-msvc'
31 silly reify ]
32 verbose reify failed optional dependency /Users/macbook/Documents/Abdullah/personal portfilio/portfilio/node_modules/lightningcss-linux-x64-musl
33 silly reify mark deleted [
33 silly reify   '/Users/macbook/Documents/Abdullah/personal portfilio/portfilio/node_modules/lightningcss-linux-x64-musl'
33 silly reify ]
34 verbose reify failed optional dependency /Users/macbook/Documents/Abdullah/personal portfilio/portfilio/node_modules/lightningcss-linux-x64-gnu
35 silly reify mark deleted [
35 silly reify   '/Users/macbook/Documents/Abdullah/personal portfilio/portfilio/node_modules/lightningcss-linux-x64-gnu'
35 silly reify ]
36 verbose reify failed optional dependency /Users/macbook/Documents/Abdullah/personal portfilio/portfilio/node_modules/lightningcss-linux-arm64-musl
37 silly reify mark deleted [
37 silly reify   '/Users/macbook/Documents/Abdullah/personal portfilio/portfilio/node_modules/lightningcss-linux-arm64-musl'
37 silly reify ]
38 verbose reify failed optional dependency /Users/macbook/Documents/Abdullah/personal portfilio/portfilio/node_modules/lightningcss-linux-arm64-gnu
39 silly reify mark deleted [
39 silly reify   '/Users/macbook/Documents/Abdullah/personal portfilio/portfilio/node_modules/lightningcss-linux-arm64-gnu'
39 silly reify ]
40 verbose reify failed optional dependency /Users/macbook/Documents/Abdullah/personal portfilio/portfilio/node_modules/lightningcss-linux-arm-gnueabihf
41 silly reify mark deleted [
41 silly reify   '/Users/macbook/Documents/Abdullah/personal portfilio/portfilio/node_modules/lightningcss-linux-arm-gnueabihf'
41 silly reify ]
42 verbose reify failed optional dependency /Users/macbook/Documents/Abdullah/personal portfilio/portfilio/node_modules/lightningcss-freebsd-x64
43 silly reify mark deleted [
43 silly reify   '/Users/macbook/Documents/Abdullah/personal portfilio/portfilio/node_modules/lightningcss-freebsd-x64'
43 silly reify ]
44 verbose reify failed optional dependency /Users/macbook/Documents/Abdullah/personal portfilio/portfilio/node_modules/lightningcss-darwin-x64
45 silly reify mark deleted [
45 silly reify   '/Users/macbook/Documents/Abdullah/personal portfilio/portfilio/node_modules/lightningcss-darwin-x64'
45 silly reify ]
46 verbose reify failed optional dependency /Users/macbook/Documents/Abdullah/personal portfilio/portfilio/node_modules/lightningcss-android-arm64
47 silly reify mark deleted [
47 silly reify   '/Users/macbook/Documents/Abdullah/personal portfilio/portfilio/node_modules/lightningcss-android-arm64'
47 silly reify ]
48 verbose reify failed optional dependency /Users/macbook/Documents/Abdullah/personal portfilio/portfilio/node_modules/@unrs/resolver-binding-win32-x64-msvc
49 silly reify mark deleted [
49 silly reify   '/Users/macbook/Documents/Abdullah/personal portfilio/portfilio/node_modules/@unrs/resolver-binding-win32-x64-msvc'
49 silly reify ]
50 verbose reify failed optional dependency /Users/macbook/Documents/Abdullah/personal portfilio/portfilio/node_modules/@unrs/resolver-binding-win32-ia32-msvc
51 silly reify mark deleted [
51 silly reify   '/Users/macbook/Documents/Abdullah/personal portfilio/portfilio/node_modules/@unrs/resolver-binding-win32-ia32-msvc'
51 silly reify ]
52 verbose reify failed optional dependency /Users/macbook/Documents/Abdullah/personal portfilio/portfilio/node_modules/@unrs/resolver-binding-win32-arm64-msvc
53 silly reify mark deleted [
53 silly reify   '/Users/macbook/Documents/Abdullah/personal portfilio/portfilio/node_modules/@unrs/resolver-binding-win32-arm64-msvc'
53 silly reify ]
54 verbose reify failed optional dependency /Users/macbook/Documents/Abdullah/personal portfilio/portfilio/node_modules/@unrs/resolver-binding-wasm32-wasi
55 silly reify mark deleted [
55 silly reify   '/Users/macbook/Documents/Abdullah/personal portfilio/portfilio/node_modules/@unrs/resolver-binding-wasm32-wasi'
55 silly reify ]
56 verbose reify failed optional dependency /Users/macbook/Documents/Abdullah/personal portfilio/portfilio/node_modules/@unrs/resolver-binding-linux-x64-musl
57 silly reify mark deleted [
57 silly reify   '/Users/macbook/Documents/Abdullah/personal portfilio/portfilio/node_modules/@unrs/resolver-binding-linux-x64-musl'
57 silly reify ]
58 verbose reify failed optional dependency /Users/macbook/Documents/Abdullah/personal portfilio/portfilio/node_modules/@unrs/resolver-binding-linux-x64-gnu
59 silly reify mark deleted [
59 silly reify   '/Users/macbook/Documents/Abdullah/personal portfilio/portfilio/node_modules/@unrs/resolver-binding-linux-x64-gnu'
59 silly reify ]
60 verbose reify failed optional dependency /Users/macbook/Documents/Abdullah/personal portfilio/portfilio/node_modules/@unrs/resolver-binding-linux-s390x-gnu
61 silly reify mark deleted [
61 silly reify   '/Users/macbook/Documents/Abdullah/personal portfilio/portfilio/node_modules/@unrs/resolver-binding-linux-s390x-gnu'
61 silly reify ]
62 verbose reify failed optional dependency /Users/macbook/Documents/Abdullah/personal portfilio/portfilio/node_modules/@unrs/resolver-binding-linux-riscv64-musl
63 silly reify mark deleted [
63 silly reify   '/Users/macbook/Documents/Abdullah/personal portfilio/portfilio/node_modules/@unrs/resolver-binding-linux-riscv64-musl'
63 silly reify ]
64 verbose reify failed optional dependency /Users/macbook/Documents/Abdullah/personal portfilio/portfilio/node_modules/@unrs/resolver-binding-linux-riscv64-gnu
65 silly reify mark deleted [
65 silly reify   '/Users/macbook/Documents/Abdullah/personal portfilio/portfilio/node_modules/@unrs/resolver-binding-linux-riscv64-gnu'
65 silly reify ]
66 verbose reify failed optional dependency /Users/macbook/Documents/Abdullah/personal portfilio/portfilio/node_modules/@unrs/resolver-binding-linux-ppc64-gnu
67 silly reify mark deleted [
67 silly reify   '/Users/macbook/Documents/Abdullah/personal portfilio/portfilio/node_modules/@unrs/resolver-binding-linux-ppc64-gnu'
67 silly reify ]
68 verbose reify failed optional dependency /Users/macbook/Documents/Abdullah/personal portfilio/portfilio/node_modules/@unrs/resolver-binding-linux-arm64-musl
69 silly reify mark deleted [
69 silly reify   '/Users/macbook/Documents/Abdullah/personal portfilio/portfilio/node_modules/@unrs/resolver-binding-linux-arm64-musl'
69 silly reify ]
70 verbose reify failed optional dependency /Users/macbook/Documents/Abdullah/personal portfilio/portfilio/node_modules/@unrs/resolver-binding-linux-arm64-gnu
71 silly reify mark deleted [
71 silly reify   '/Users/macbook/Documents/Abdullah/personal portfilio/portfilio/node_modules/@unrs/resolver-binding-linux-arm64-gnu'
71 silly reify ]
72 verbose reify failed optional dependency /Users/macbook/Documents/Abdullah/personal portfilio/portfilio/node_modules/@unrs/resolver-binding-linux-arm-musleabihf
73 silly reify mark deleted [
73 silly reify   '/Users/macbook/Documents/Abdullah/personal portfilio/portfilio/node_modules/@unrs/resolver-binding-linux-arm-musleabihf'
73 silly reify ]
74 verbose reify failed optional dependency /Users/macbook/Documents/Abdullah/personal portfilio/portfilio/node_modules/@unrs/resolver-binding-linux-arm-gnueabihf
75 silly reify mark deleted [
75 silly reify   '/Users/macbook/Documents/Abdullah/personal portfilio/portfilio/node_modules/@unrs/resolver-binding-linux-arm-gnueabihf'
75 silly reify ]
76 verbose reify failed optional dependency /Users/macbook/Documents/Abdullah/personal portfilio/portfilio/node_modules/@unrs/resolver-binding-freebsd-x64
77 silly reify mark deleted [
77 silly reify   '/Users/macbook/Documents/Abdullah/personal portfilio/portfilio/node_modules/@unrs/resolver-binding-freebsd-x64'
77 silly reify ]
78 verbose reify failed optional dependency /Users/macbook/Documents/Abdullah/personal portfilio/portfilio/node_modules/@unrs/resolver-binding-darwin-x64
79 silly reify mark deleted [
79 silly reify   '/Users/macbook/Documents/Abdullah/personal portfilio/portfilio/node_modules/@unrs/resolver-binding-darwin-x64'
79 silly reify ]
80 verbose reify failed optional dependency /Users/macbook/Documents/Abdullah/personal portfilio/portfilio/node_modules/@unrs/resolver-binding-android-arm64
81 silly reify mark deleted [
81 silly reify   '/Users/macbook/Documents/Abdullah/personal portfilio/portfilio/node_modules/@unrs/resolver-binding-android-arm64'
81 silly reify ]
82 verbose reify failed optional dependency /Users/macbook/Documents/Abdullah/personal portfilio/portfilio/node_modules/@unrs/resolver-binding-android-arm-eabi
83 silly reify mark deleted [
83 silly reify   '/Users/macbook/Documents/Abdullah/personal portfilio/portfilio/node_modules/@unrs/resolver-binding-android-arm-eabi'
83 silly reify ]
84 verbose reify failed optional dependency /Users/macbook/Documents/Abdullah/personal portfilio/portfilio/node_modules/@tailwindcss/oxide-win32-x64-msvc
85 silly reify mark deleted [
85 silly reify   '/Users/macbook/Documents/Abdullah/personal portfilio/portfilio/node_modules/@tailwindcss/oxide-win32-x64-msvc'
85 silly reify ]
86 verbose reify failed optional dependency /Users/macbook/Documents/Abdullah/personal portfilio/portfilio/node_modules/@tailwindcss/oxide-win32-arm64-msvc
87 silly reify mark deleted [
87 silly reify   '/Users/macbook/Documents/Abdullah/personal portfilio/portfilio/node_modules/@tailwindcss/oxide-win32-arm64-msvc'
87 silly reify ]
88 verbose reify failed optional dependency /Users/macbook/Documents/Abdullah/personal portfilio/portfilio/node_modules/@tailwindcss/oxide-linux-x64-musl
89 silly reify mark deleted [
89 silly reify   '/Users/macbook/Documents/Abdullah/personal portfilio/portfilio/node_modules/@tailwindcss/oxide-linux-x64-musl'
89 silly reify ]
90 verbose reify failed optional dependency /Users/macbook/Documents/Abdullah/personal portfilio/portfilio/node_modules/@tailwindcss/oxide-linux-x64-gnu
91 silly reify mark deleted [
91 silly reify   '/Users/macbook/Documents/Abdullah/personal portfilio/portfilio/node_modules/@tailwindcss/oxide-linux-x64-gnu'
91 silly reify ]
92 verbose reify failed optional dependency /Users/macbook/Documents/Abdullah/personal portfilio/portfilio/node_modules/@tailwindcss/oxide-linux-arm64-musl
93 silly reify mark deleted [
93 silly reify   '/Users/macbook/Documents/Abdullah/personal portfilio/portfilio/node_modules/@tailwindcss/oxide-linux-arm64-musl'
93 silly reify ]
94 verbose reify failed optional dependency /Users/macbook/Documents/Abdullah/personal portfilio/portfilio/node_modules/@tailwindcss/oxide-linux-arm64-gnu
95 silly reify mark deleted [
95 silly reify   '/Users/macbook/Documents/Abdullah/personal portfilio/portfilio/node_modules/@tailwindcss/oxide-linux-arm64-gnu'
95 silly reify ]
96 verbose reify failed optional dependency /Users/macbook/Documents/Abdullah/personal portfilio/portfilio/node_modules/@tailwindcss/oxide-linux-arm-gnueabihf
97 silly reify mark deleted [
97 silly reify   '/Users/macbook/Documents/Abdullah/personal portfilio/portfilio/node_modules/@tailwindcss/oxide-linux-arm-gnueabihf'
97 silly reify ]
98 verbose reify failed optional dependency /Users/macbook/Documents/Abdullah/personal portfilio/portfilio/node_modules/@tailwindcss/oxide-freebsd-x64
99 silly reify mark deleted [
99 silly reify   '/Users/macbook/Documents/Abdullah/personal portfilio/portfilio/node_modules/@tailwindcss/oxide-freebsd-x64'
99 silly reify ]
100 verbose reify failed optional dependency /Users/macbook/Documents/Abdullah/personal portfilio/portfilio/node_modules/@tailwindcss/oxide-darwin-x64
101 silly reify mark deleted [
101 silly reify   '/Users/macbook/Documents/Abdullah/personal portfilio/portfilio/node_modules/@tailwindcss/oxide-darwin-x64'
101 silly reify ]
102 verbose reify failed optional dependency /Users/macbook/Documents/Abdullah/personal portfilio/portfilio/node_modules/@tailwindcss/oxide-android-arm64
103 silly reify mark deleted [
103 silly reify   '/Users/macbook/Documents/Abdullah/personal portfilio/portfilio/node_modules/@tailwindcss/oxide-android-arm64'
103 silly reify ]
104 verbose reify failed optional dependency /Users/macbook/Documents/Abdullah/personal portfilio/portfilio/node_modules/@next/swc-win32-x64-msvc
105 silly reify mark deleted [
105 silly reify   '/Users/macbook/Documents/Abdullah/personal portfilio/portfilio/node_modules/@next/swc-win32-x64-msvc'
105 silly reify ]
106 verbose reify failed optional dependency /Users/macbook/Documents/Abdullah/personal portfilio/portfilio/node_modules/@next/swc-win32-arm64-msvc
107 silly reify mark deleted [
107 silly reify   '/Users/macbook/Documents/Abdullah/personal portfilio/portfilio/node_modules/@next/swc-win32-arm64-msvc'
107 silly reify ]
108 verbose reify failed optional dependency /Users/macbook/Documents/Abdullah/personal portfilio/portfilio/node_modules/@next/swc-linux-x64-musl
109 silly reify mark deleted [
109 silly reify   '/Users/macbook/Documents/Abdullah/personal portfilio/portfilio/node_modules/@next/swc-linux-x64-musl'
109 silly reify ]
110 verbose reify failed optional dependency /Users/macbook/Documents/Abdullah/personal portfilio/portfilio/node_modules/@next/swc-linux-x64-gnu
111 silly reify mark deleted [
111 silly reify   '/Users/macbook/Documents/Abdullah/personal portfilio/portfilio/node_modules/@next/swc-linux-x64-gnu'
111 silly reify ]
112 verbose reify failed optional dependency /Users/macbook/Documents/Abdullah/personal portfilio/portfilio/node_modules/@next/swc-linux-arm64-musl
113 silly reify mark deleted [
113 silly reify   '/Users/macbook/Documents/Abdullah/personal portfilio/portfilio/node_modules/@next/swc-linux-arm64-musl'
113 silly reify ]
114 verbose reify failed optional dependency /Users/macbook/Documents/Abdullah/personal portfilio/portfilio/node_modules/@next/swc-linux-arm64-gnu
115 silly reify mark deleted [
115 silly reify   '/Users/macbook/Documents/Abdullah/personal portfilio/portfilio/node_modules/@next/swc-linux-arm64-gnu'
115 silly reify ]
116 verbose reify failed optional dependency /Users/macbook/Documents/Abdullah/personal portfilio/portfilio/node_modules/@next/swc-darwin-x64
117 silly reify mark deleted [
117 silly reify   '/Users/macbook/Documents/Abdullah/personal portfilio/portfilio/node_modules/@next/swc-darwin-x64'
117 silly reify ]
118 verbose reify failed optional dependency /Users/macbook/Documents/Abdullah/personal portfilio/portfilio/node_modules/@img/sharp-win32-x64
119 silly reify mark deleted [
119 silly reify   '/Users/macbook/Documents/Abdullah/personal portfilio/portfilio/node_modules/@img/sharp-win32-x64'
119 silly reify ]
120 verbose reify failed optional dependency /Users/macbook/Documents/Abdullah/personal portfilio/portfilio/node_modules/@img/sharp-win32-ia32
121 silly reify mark deleted [
121 silly reify   '/Users/macbook/Documents/Abdullah/personal portfilio/portfilio/node_modules/@img/sharp-win32-ia32'
121 silly reify ]
122 verbose reify failed optional dependency /Users/macbook/Documents/Abdullah/personal portfilio/portfilio/node_modules/@img/sharp-win32-arm64
123 silly reify mark deleted [
123 silly reify   '/Users/macbook/Documents/Abdullah/personal portfilio/portfilio/node_modules/@img/sharp-win32-arm64'
123 silly reify ]
124 verbose reify failed optional dependency /Users/macbook/Documents/Abdullah/personal portfilio/portfilio/node_modules/@img/sharp-wasm32
125 silly reify mark deleted [
125 silly reify   '/Users/macbook/Documents/Abdullah/personal portfilio/portfilio/node_modules/@img/sharp-wasm32'
125 silly reify ]
126 verbose reify failed optional dependency /Users/macbook/Documents/Abdullah/personal portfilio/portfilio/node_modules/@img/sharp-linuxmusl-x64
127 silly reify mark deleted [
127 silly reify   '/Users/macbook/Documents/Abdullah/personal portfilio/portfilio/node_modules/@img/sharp-linuxmusl-x64'
127 silly reify ]
128 verbose reify failed optional dependency /Users/macbook/Documents/Abdullah/personal portfilio/portfilio/node_modules/@img/sharp-linuxmusl-arm64
129 silly reify mark deleted [
129 silly reify   '/Users/macbook/Documents/Abdullah/personal portfilio/portfilio/node_modules/@img/sharp-linuxmusl-arm64'
129 silly reify ]
130 verbose reify failed optional dependency /Users/macbook/Documents/Abdullah/personal portfilio/portfilio/node_modules/@img/sharp-linux-x64
131 silly reify mark deleted [
131 silly reify   '/Users/macbook/Documents/Abdullah/personal portfilio/portfilio/node_modules/@img/sharp-linux-x64'
131 silly reify ]
132 verbose reify failed optional dependency /Users/macbook/Documents/Abdullah/personal portfilio/portfilio/node_modules/@img/sharp-linux-s390x
133 silly reify mark deleted [
133 silly reify   '/Users/macbook/Documents/Abdullah/personal portfilio/portfilio/node_modules/@img/sharp-linux-s390x'
133 silly reify ]
134 verbose reify failed optional dependency /Users/macbook/Documents/Abdullah/personal portfilio/portfilio/node_modules/@img/sharp-linux-riscv64
135 silly reify mark deleted [
135 silly reify   '/Users/macbook/Documents/Abdullah/personal portfilio/portfilio/node_modules/@img/sharp-linux-riscv64'
135 silly reify ]
136 verbose reify failed optional dependency /Users/macbook/Documents/Abdullah/personal portfilio/portfilio/node_modules/@img/sharp-linux-ppc64
137 silly reify mark deleted [
137 silly reify   '/Users/macbook/Documents/Abdullah/personal portfilio/portfilio/node_modules/@img/sharp-linux-ppc64'
137 silly reify ]
138 verbose reify failed optional dependency /Users/macbook/Documents/Abdullah/personal portfilio/portfilio/node_modules/@img/sharp-linux-arm64
139 silly reify mark deleted [
139 silly reify   '/Users/macbook/Documents/Abdullah/personal portfilio/portfilio/node_modules/@img/sharp-linux-arm64'
139 silly reify ]
140 verbose reify failed optional dependency /Users/macbook/Documents/Abdullah/personal portfilio/portfilio/node_modules/@img/sharp-linux-arm
141 silly reify mark deleted [
141 silly reify   '/Users/macbook/Documents/Abdullah/personal portfilio/portfilio/node_modules/@img/sharp-linux-arm'
141 silly reify ]
142 verbose reify failed optional dependency /Users/macbook/Documents/Abdullah/personal portfilio/portfilio/node_modules/@img/sharp-libvips-linuxmusl-x64
143 silly reify mark deleted [
143 silly reify   '/Users/macbook/Documents/Abdullah/personal portfilio/portfilio/node_modules/@img/sharp-libvips-linuxmusl-x64'
143 silly reify ]
144 verbose reify failed optional dependency /Users/macbook/Documents/Abdullah/personal portfilio/portfilio/node_modules/@img/sharp-libvips-linuxmusl-arm64
145 silly reify mark deleted [
145 silly reify   '/Users/macbook/Documents/Abdullah/personal portfilio/portfilio/node_modules/@img/sharp-libvips-linuxmusl-arm64'
145 silly reify ]
146 verbose reify failed optional dependency /Users/macbook/Documents/Abdullah/personal portfilio/portfilio/node_modules/@img/sharp-libvips-linux-x64
147 silly reify mark deleted [
147 silly reify   '/Users/macbook/Documents/Abdullah/personal portfilio/portfilio/node_modules/@img/sharp-libvips-linux-x64'
147 silly reify ]
148 verbose reify failed optional dependency /Users/macbook/Documents/Abdullah/personal portfilio/portfilio/node_modules/@img/sharp-libvips-linux-s390x
149 silly reify mark deleted [
149 silly reify   '/Users/macbook/Documents/Abdullah/personal portfilio/portfilio/node_modules/@img/sharp-libvips-linux-s390x'
149 silly reify ]
150 verbose reify failed optional dependency /Users/macbook/Documents/Abdullah/personal portfilio/portfilio/node_modules/@img/sharp-libvips-linux-riscv64
151 silly reify mark deleted [
151 silly reify   '/Users/macbook/Documents/Abdullah/personal portfilio/portfilio/node_modules/@img/sharp-libvips-linux-riscv64'
151 silly reify ]
152 verbose reify failed optional dependency /Users/macbook/Documents/Abdullah/personal portfilio/portfilio/node_modules/@img/sharp-libvips-linux-ppc64
153 silly reify mark deleted [
153 silly reify   '/Users/macbook/Documents/Abdullah/personal portfilio/portfilio/node_modules/@img/sharp-libvips-linux-ppc64'
153 silly reify ]
154 verbose reify failed optional dependency /Users/macbook/Documents/Abdullah/personal portfilio/portfilio/node_modules/@img/sharp-libvips-linux-arm64
155 silly reify mark deleted [
155 silly reify   '/Users/macbook/Documents/Abdullah/personal portfilio/portfilio/node_modules/@img/sharp-libvips-linux-arm64'
155 silly reify ]
156 verbose reify failed optional dependency /Users/macbook/Documents/Abdullah/personal portfilio/portfilio/node_modules/@img/sharp-libvips-linux-arm
157 silly reify mark deleted [
157 silly reify   '/Users/macbook/Documents/Abdullah/personal portfilio/portfilio/node_modules/@img/sharp-libvips-linux-arm'
157 silly reify ]
158 verbose reify failed optional dependency /Users/macbook/Documents/Abdullah/personal portfilio/portfilio/node_modules/@img/sharp-libvips-darwin-x64
159 silly reify mark deleted [
159 silly reify   '/Users/macbook/Documents/Abdullah/personal portfilio/portfilio/node_modules/@img/sharp-libvips-darwin-x64'
159 silly reify ]
160 verbose reify failed optional dependency /Users/macbook/Documents/Abdullah/personal portfilio/portfilio/node_modules/@img/sharp-darwin-x64
161 silly reify mark deleted [
161 silly reify   '/Users/macbook/Documents/Abdullah/personal portfilio/portfilio/node_modules/@img/sharp-darwin-x64'
161 silly reify ]
162 verbose reify failed optional dependency /Users/macbook/Documents/Abdullah/personal portfilio/portfilio/node_modules/@esbuild/win32-x64
163 silly reify mark deleted [
163 silly reify   '/Users/macbook/Documents/Abdullah/personal portfilio/portfilio/node_modules/@esbuild/win32-x64'
163 silly reify ]
164 verbose reify failed optional dependency /Users/macbook/Documents/Abdullah/personal portfilio/portfilio/node_modules/@esbuild/win32-ia32
165 silly reify mark deleted [
165 silly reify   '/Users/macbook/Documents/Abdullah/personal portfilio/portfilio/node_modules/@esbuild/win32-ia32'
165 silly reify ]
166 verbose reify failed optional dependency /Users/macbook/Documents/Abdullah/personal portfilio/portfilio/node_modules/@esbuild/win32-arm64
167 silly reify mark deleted [
167 silly reify   '/Users/macbook/Documents/Abdullah/personal portfilio/portfilio/node_modules/@esbuild/win32-arm64'
167 silly reify ]
168 verbose reify failed optional dependency /Users/macbook/Documents/Abdullah/personal portfilio/portfilio/node_modules/@esbuild/sunos-x64
169 silly reify mark deleted [
169 silly reify   '/Users/macbook/Documents/Abdullah/personal portfilio/portfilio/node_modules/@esbuild/sunos-x64'
169 silly reify ]
170 verbose reify failed optional dependency /Users/macbook/Documents/Abdullah/personal portfilio/portfilio/node_modules/@esbuild/openharmony-arm64
171 silly reify mark deleted [
171 silly reify   '/Users/macbook/Documents/Abdullah/personal portfilio/portfilio/node_modules/@esbuild/openharmony-arm64'
171 silly reify ]
172 verbose reify failed optional dependency /Users/macbook/Documents/Abdullah/personal portfilio/portfilio/node_modules/@esbuild/openbsd-x64
173 silly reify mark deleted [
173 silly reify   '/Users/macbook/Documents/Abdullah/personal portfilio/portfilio/node_modules/@esbuild/openbsd-x64'
173 silly reify ]
174 verbose reify failed optional dependency /Users/macbook/Documents/Abdullah/personal portfilio/portfilio/node_modules/@esbuild/openbsd-arm64
175 silly reify mark deleted [
175 silly reify   '/Users/macbook/Documents/Abdullah/personal portfilio/portfilio/node_modules/@esbuild/openbsd-arm64'
175 silly reify ]
176 verbose reify failed optional dependency /Users/macbook/Documents/Abdullah/personal portfilio/portfilio/node_modules/@esbuild/netbsd-x64
177 silly reify mark deleted [
177 silly reify   '/Users/macbook/Documents/Abdullah/personal portfilio/portfilio/node_modules/@esbuild/netbsd-x64'
177 silly reify ]
178 verbose reify failed optional dependency /Users/macbook/Documents/Abdullah/personal portfilio/portfilio/node_modules/@esbuild/netbsd-arm64
179 silly reify mark deleted [
179 silly reify   '/Users/macbook/Documents/Abdullah/personal portfilio/portfilio/node_modules/@esbuild/netbsd-arm64'
179 silly reify ]
180 verbose reify failed optional dependency /Users/macbook/Documents/Abdullah/personal portfilio/portfilio/node_modules/@esbuild/linux-x64
181 silly reify mark deleted [
181 silly reify   '/Users/macbook/Documents/Abdullah/personal portfilio/portfilio/node_modules/@esbuild/linux-x64'
181 silly reify ]
182 verbose reify failed optional dependency /Users/macbook/Documents/Abdullah/personal portfilio/portfilio/node_modules/@esbuild/linux-s390x
183 silly reify mark deleted [
183 silly reify   '/Users/macbook/Documents/Abdullah/personal portfilio/portfilio/node_modules/@esbuild/linux-s390x'
183 silly reify ]
184 verbose reify failed optional dependency /Users/macbook/Documents/Abdullah/personal portfilio/portfilio/node_modules/@esbuild/linux-riscv64
185 silly reify mark deleted [
185 silly reify   '/Users/macbook/Documents/Abdullah/personal portfilio/portfilio/node_modules/@esbuild/linux-riscv64'
185 silly reify ]
186 verbose reify failed optional dependency /Users/macbook/Documents/Abdullah/personal portfilio/portfilio/node_modules/@esbuild/linux-ppc64
187 silly reify mark deleted [
187 silly reify   '/Users/macbook/Documents/Abdullah/personal portfilio/portfilio/node_modules/@esbuild/linux-ppc64'
187 silly reify ]
188 verbose reify failed optional dependency /Users/macbook/Documents/Abdullah/personal portfilio/portfilio/node_modules/@esbuild/linux-mips64el
189 silly reify mark deleted [
189 silly reify   '/Users/macbook/Documents/Abdullah/personal portfilio/portfilio/node_modules/@esbuild/linux-mips64el'
189 silly reify ]
190 verbose reify failed optional dependency /Users/macbook/Documents/Abdullah/personal portfilio/portfilio/node_modules/@esbuild/linux-loong64
191 silly reify mark deleted [
191 silly reify   '/Users/macbook/Documents/Abdullah/personal portfilio/portfilio/node_modules/@esbuild/linux-loong64'
191 silly reify ]
192 verbose reify failed optional dependency /Users/macbook/Documents/Abdullah/personal portfilio/portfilio/node_modules/@esbuild/linux-ia32
193 silly reify mark deleted [
193 silly reify   '/Users/macbook/Documents/Abdullah/personal portfilio/portfilio/node_modules/@esbuild/linux-ia32'
193 silly reify ]
194 verbose reify failed optional dependency /Users/macbook/Documents/Abdullah/personal portfilio/portfilio/node_modules/@esbuild/linux-arm64
195 silly reify mark deleted [
195 silly reify   '/Users/macbook/Documents/Abdullah/personal portfilio/portfilio/node_modules/@esbuild/linux-arm64'
195 silly reify ]
196 verbose reify failed optional dependency /Users/macbook/Documents/Abdullah/personal portfilio/portfilio/node_modules/@esbuild/linux-arm
197 silly reify mark deleted [
197 silly reify   '/Users/macbook/Documents/Abdullah/personal portfilio/portfilio/node_modules/@esbuild/linux-arm'
197 silly reify ]
198 verbose reify failed optional dependency /Users/macbook/Documents/Abdullah/personal portfilio/portfilio/node_modules/@esbuild/freebsd-x64
199 silly reify mark deleted [
199 silly reify   '/Users/macbook/Documents/Abdullah/personal portfilio/portfilio/node_modules/@esbuild/freebsd-x64'
199 silly reify ]
200 verbose reify failed optional dependency /Users/macbook/Documents/Abdullah/personal portfilio/portfilio/node_modules/@esbuild/freebsd-arm64
201 silly reify mark deleted [
201 silly reify   '/Users/macbook/Documents/Abdullah/personal portfilio/portfilio/node_modules/@esbuild/freebsd-arm64'
201 silly reify ]
202 verbose reify failed optional dependency /Users/macbook/Documents/Abdullah/personal portfilio/portfilio/node_modules/@esbuild/darwin-x64
203 silly reify mark deleted [
203 silly reify   '/Users/macbook/Documents/Abdullah/personal portfilio/portfilio/node_modules/@esbuild/darwin-x64'
203 silly reify ]
204 verbose reify failed optional dependency /Users/macbook/Documents/Abdullah/personal portfilio/portfilio/node_modules/@esbuild/android-x64
205 silly reify mark deleted [
205 silly reify   '/Users/macbook/Documents/Abdullah/personal portfilio/portfilio/node_modules/@esbuild/android-x64'
205 silly reify ]
206 verbose reify failed optional dependency /Users/macbook/Documents/Abdullah/personal portfilio/portfilio/node_modules/@esbuild/android-arm64
207 silly reify mark deleted [
207 silly reify   '/Users/macbook/Documents/Abdullah/personal portfilio/portfilio/node_modules/@esbuild/android-arm64'
207 silly reify ]
208 verbose reify failed optional dependency /Users/macbook/Documents/Abdullah/personal portfilio/portfilio/node_modules/@esbuild/android-arm
209 silly reify mark deleted [
209 silly reify   '/Users/macbook/Documents/Abdullah/personal portfilio/portfilio/node_modules/@esbuild/android-arm'
209 silly reify ]
210 verbose reify failed optional dependency /Users/macbook/Documents/Abdullah/personal portfilio/portfilio/node_modules/@esbuild/aix-ppc64
211 silly reify mark deleted [
211 silly reify   '/Users/macbook/Documents/Abdullah/personal portfilio/portfilio/node_modules/@esbuild/aix-ppc64'
211 silly reify ]
212 http cache bcryptjs@https://registry.npmjs.org/bcryptjs/-/bcryptjs-3.0.3.tgz 0ms (cache hit)
213 http cache @types/bcryptjs@https://registry.npmjs.org/@types/bcryptjs/-/bcryptjs-2.4.6.tgz 0ms (cache hit)
214 silly tarball no local data for bcryptjs@https://registry.npmjs.org/bcryptjs/-/bcryptjs-3.0.3.tgz. Extracting by manifest.
215 silly tarball no local data for @types/bcryptjs@https://registry.npmjs.org/@types/bcryptjs/-/bcryptjs-2.4.6.tgz. Extracting by manifest.
216 http fetch GET 200 https://registry.npmjs.org/bcryptjs/-/bcryptjs-3.0.3.tgz 1770ms (cache miss)
217 http fetch GET 200 https://registry.npmjs.org/@types/bcryptjs/-/bcryptjs-2.4.6.tgz 1802ms (cache miss)
218 http fetch POST 200 https://registry.npmjs.org/-/npm/v1/security/advisories/bulk 1985ms
219 silly audit report {
219 silly audit report   next: [
219 silly audit report     {
219 silly audit report       id: 1114898,
219 silly audit report       url: 'https://github.com/advisories/GHSA-ggv3-7p47-pfv8',
219 silly audit report       title: 'Next.js: HTTP request smuggling in rewrites',
219 silly audit report       severity: 'moderate',
219 silly audit report       vulnerable_versions: '>=16.0.0-beta.0 <16.1.7',
219 silly audit report       cwe: [Array],
219 silly audit report       cvss: [Object]
219 silly audit report     },
219 silly audit report     {
219 silly audit report       id: 1114941,
219 silly audit report       url: 'https://github.com/advisories/GHSA-3x4c-7xq6-9pq8',
219 silly audit report       title: 'Next.js: Unbounded next/image disk cache growth can exhaust storage',
219 silly audit report       severity: 'moderate',
219 silly audit report       vulnerable_versions: '>=16.0.0-beta.0 <16.1.7',
219 silly audit report       cwe: [Array],
219 silly audit report       cvss: [Object]
219 silly audit report     },
219 silly audit report     {
219 silly audit report       id: 1114942,
219 silly audit report       url: 'https://github.com/advisories/GHSA-h27x-g6w4-24gq',
219 silly audit report       title: 'Next.js: Unbounded postponed resume buffering can lead to DoS',
219 silly audit report       severity: 'moderate',
219 silly audit report       vulnerable_versions: '>=16.0.1 <16.1.7',
219 silly audit report       cwe: [Array],
219 silly audit report       cvss: [Object]
219 silly audit report     },
219 silly audit report     {
219 silly audit report       id: 1114943,
219 silly audit report       url: 'https://github.com/advisories/GHSA-mq59-m269-xvcx',
219 silly audit report       title: 'Next.js: null origin can bypass Server Actions CSRF checks',
219 silly audit report       severity: 'moderate',
219 silly audit report       vulnerable_versions: '>=16.0.1 <16.1.7',
219 silly audit report       cwe: [Array],
219 silly audit report       cvss: [Object]
219 silly audit report     },
219 silly audit report     {
219 silly audit report       id: 1115360,
219 silly audit report       url: 'https://github.com/advisories/GHSA-jcc7-9wpm-mj36',
219 silly audit report       title: 'Next.js: null origin can bypass dev HMR websocket CSRF checks',
219 silly audit report       severity: 'low',
219 silly audit report       vulnerable_versions: '>=16.0.1 <16.1.7',
219 silly audit report       cwe: [Array],
219 silly audit report       cvss: [Object]
219 silly audit report     },
219 silly audit report     {
219 silly audit report       id: 1116375,
219 silly audit report       url: 'https://github.com/advisories/GHSA-q4gf-8mx6-v5v3',
219 silly audit report       title: 'Next.js has a Denial of Service with Server Components',
219 silly audit report       severity: 'high',
219 silly audit report       vulnerable_versions: '>=16.0.0-beta.0 <16.2.3',
219 silly audit report       cwe: [Array],
219 silly audit report       cvss: [Object]
219 silly audit report     }
219 silly audit report   ],
219 silly audit report   nodemailer: [
219 silly audit report     {
219 silly audit report       id: 1109804,
219 silly audit report       url: 'https://github.com/advisories/GHSA-mm7p-fcc7-pg87',
219 silly audit report       title: 'Nodemailer: Email to an unintended domain can occur due to Interpretation Conflict',
219 silly audit report       severity: 'moderate',
219 silly audit report       vulnerable_versions: '<7.0.7',
219 silly audit report       cwe: [Array],
219 silly audit report       cvss: [Object]
219 silly audit report     },
219 silly audit report     {
219 silly audit report       id: 1113165,
219 silly audit report       url: 'https://github.com/advisories/GHSA-rcmh-qjqh-p98v',
219 silly audit report       title: 'Nodemailer’s addressparser is vulnerable to DoS caused by recursive calls',
219 silly audit report       severity: 'high',
219 silly audit report       vulnerable_versions: '<=7.0.10',
219 silly audit report       cwe: [Array],
219 silly audit report       cvss: [Object]
219 silly audit report     },
219 silly audit report     {
219 silly audit report       id: 1115470,
219 silly audit report       url: 'https://github.com/advisories/GHSA-c7w3-x93f-qmm8',
219 silly audit report       title: 'Nodemailer has SMTP command injection due to unsanitized `envelope.size` parameter',
219 silly audit report       severity: 'low',
219 silly audit report       vulnerable_versions: '<8.0.4',
219 silly audit report       cwe: [Array],
219 silly audit report       cvss: [Object]
219 silly audit report     },
219 silly audit report     {
219 silly audit report       id: 1116270,
219 silly audit report       url: 'https://github.com/advisories/GHSA-vvjj-xcjg-gr5g',
219 silly audit report       title: 'Nodemailer Vulnerable to SMTP Command Injection via CRLF in Transport name Option (EHLO/HELO) ',
219 silly audit report       severity: 'moderate',
219 silly audit report       vulnerable_versions: '<=8.0.4',
219 silly audit report       cwe: [Array],
219 silly audit report       cvss: [Object]
219 silly audit report     }
219 silly audit report   ]
219 silly audit report }
220 silly packumentCache corgi:https://registry.npmjs.org/next cache-miss
221 silly packumentCache corgi:https://registry.npmjs.org/nodemailer cache-miss
222 http fetch GET 200 https://registry.npmjs.org/nodemailer 4742ms (cache miss)
223 silly packumentCache corgi:https://registry.npmjs.org/nodemailer set size:undefined disposed:false
224 http fetch GET 200 https://registry.npmjs.org/next 16479ms (cache miss)
225 silly packumentCache corgi:https://registry.npmjs.org/next set size:undefined disposed:false
226 silly ADD node_modules/bcryptjs
227 silly ADD node_modules/@types/bcryptjs
228 silly ADD
229 silly ADD
230 silly ADD
231 silly ADD
232 silly ADD
233 silly ADD
234 silly ADD
235 silly ADD
236 silly ADD
237 silly ADD
238 silly ADD
239 silly ADD
240 silly ADD
241 silly ADD
242 silly ADD
243 silly ADD
244 silly ADD
245 silly ADD
246 silly ADD
247 silly ADD
248 silly ADD
249 silly ADD
250 silly ADD
251 silly ADD
252 silly ADD
253 silly ADD
254 silly ADD
255 silly ADD
256 silly ADD
257 silly ADD
258 silly ADD
259 silly ADD
260 silly ADD
261 silly ADD
262 silly ADD
263 silly ADD
264 silly ADD
265 silly ADD
266 silly ADD
267 silly ADD
268 silly ADD
269 silly ADD
270 silly ADD
271 silly ADD
272 silly ADD
273 silly ADD
274 silly ADD
275 silly ADD
276 silly ADD
277 silly ADD
278 silly ADD
279 silly ADD
280 silly ADD
281 silly ADD
282 silly ADD
283 silly ADD
284 silly ADD
285 silly ADD
286 silly ADD
287 silly ADD
288 silly ADD
289 silly ADD
290 silly ADD
291 silly ADD
292 silly ADD
293 silly ADD
294 silly ADD
295 silly ADD
296 silly ADD
297 silly ADD
298 silly ADD
299 silly ADD
300 silly ADD
301 silly ADD
302 silly ADD
303 silly ADD
304 silly ADD
305 silly ADD
306 silly ADD
307 silly ADD
308 silly ADD
309 silly ADD
310 silly ADD
311 silly ADD
312 silly ADD
313 silly ADD
314 silly ADD
315 silly ADD
316 silly ADD
317 silly ADD
318 silly ADD
319 silly ADD
320 silly ADD
321 verbose cwd /Users/macbook/Documents/Abdullah/personal portfilio/portfilio
322 verbose os Darwin 25.3.0
323 verbose node v22.20.0
324 verbose npm  v10.9.3
325 verbose exit 0
326 info ok
