0 verbose cli /usr/local/bin/node /usr/local/bin/npm
1 info using npm@10.9.3
2 info using node@v22.20.0
3 silly config load:file:/usr/local/lib/node_modules/npm/npmrc
4 silly config load:file:/Users/macbook/Documents/Abdullah/personal portfilio/portfilio/.npmrc
5 silly config load:file:/Users/macbook/.npmrc
6 silly config load:file:/usr/local/etc/npmrc
7 verbose title npm install bcryptjs @types/bcryptjs
8 verbose argv "install" "bcryptjs" "@types/bcryptjs" "--cache" ".npm-cache"
9 verbose logfile logs-max:10 dir:/Users/macbook/Documents/Abdullah/personal portfilio/portfilio/.npm-cache/_logs/2026-04-11T14_23_17_982Z-
10 verbose logfile /Users/macbook/Documents/Abdullah/personal portfilio/portfilio/.npm-cache/_logs/2026-04-11T14_23_17_982Z-debug-0.log
11 silly logfile done cleaning log files
12 silly packumentCache heap:4345298944 maxSize:1086324736 maxEntrySize:543162368
13 silly idealTree buildDeps
14 silly fetch manifest bcryptjs@*
15 silly packumentCache full:https://registry.npmjs.org/bcryptjs cache-miss
16 http fetch GET 200 https://registry.npmjs.org/npm 6824ms
17 http fetch GET 200 https://registry.npmjs.org/bcryptjs 7500ms (cache miss)
18 silly packumentCache full:https://registry.npmjs.org/bcryptjs set size:undefined disposed:false
19 silly fetch manifest @types/bcryptjs@*
20 silly packumentCache full:https://registry.npmjs.org/@types%2fbcryptjs cache-miss
21 http fetch GET 200 https://registry.npmjs.org/@types%2fbcryptjs 3078ms (cache miss)
22 silly packumentCache full:https://registry.npmjs.org/@types%2fbcryptjs set size:undefined disposed:false
23 silly placeDep ROOT @types/bcryptjs@2.4.6 OK for: portfilio@0.1.0 want: *
24 silly placeDep ROOT bcryptjs@3.0.3 OK for: portfilio@0.1.0 want: *
25 silly fetch manifest nodemailer@^7.0.7
26 silly packumentCache full:https://registry.npmjs.org/nodemailer cache-miss
27 http fetch GET 200 https://registry.npmjs.org/nodemailer 3989ms (cache miss)
28 silly packumentCache full:https://registry.npmjs.org/nodemailer set size:undefined disposed:false
29 verbose stack Error: could not resolve
29 verbose stack     at PlaceDep.failPeerConflict (/usr/local/lib/node_modules/npm/node_modules/@npmcli/arborist/lib/place-dep.js:503:25)
29 verbose stack     at new PlaceDep (/usr/local/lib/node_modules/npm/node_modules/@npmcli/arborist/lib/place-dep.js:157:21)
29 verbose stack     at #buildDepStep (/usr/local/lib/node_modules/npm/node_modules/@npmcli/arborist/lib/arborist/build-ideal-tree.js:920:18)
29 verbose stack     at async Arborist.buildIdealTree (/usr/local/lib/node_modules/npm/node_modules/@npmcli/arborist/lib/arborist/build-ideal-tree.js:181:7)
29 verbose stack     at async Promise.all (index 1)
29 verbose stack     at async Arborist.reify (/usr/local/lib/node_modules/npm/node_modules/@npmcli/arborist/lib/arborist/reify.js:131:5)
29 verbose stack     at async Install.exec (/usr/local/lib/node_modules/npm/lib/commands/install.js:150:5)
29 verbose stack     at async Npm.exec (/usr/local/lib/node_modules/npm/lib/npm.js:207:9)
29 verbose stack     at async module.exports (/usr/local/lib/node_modules/npm/lib/cli/entry.js:74:5)
30 error code ERESOLVE
31 error ERESOLVE could not resolve
32 error
33 error While resolving: next-auth@5.0.0-beta.30
33 error Found: nodemailer@6.10.1[2m[22m
33 error [2mnode_modules/nodemailer[22m
33 error   peerOptional nodemailer@"^6.8.0" from @auth/core@0.41.0[2m[22m
33 error   [2mnode_modules/@auth/core[22m
33 error     @auth/core@"0.41.0" from next-auth@5.0.0-beta.30[2m[22m
33 error     [2mnode_modules/next-auth[22m
33 error       next-auth@"^5.0.0-beta.30" from the root project
33 error   nodemailer@"^6.10.1" from the root project
33 error
33 error Could not resolve dependency:
33 error peerOptional nodemailer@"^7.0.7" from next-auth@5.0.0-beta.30[2m[22m
33 error [2mnode_modules/next-auth[22m
33 error   next-auth@"^5.0.0-beta.30" from the root project
33 error
33 error Conflicting peer dependency: nodemailer@7.0.13[2m[22m
33 error [2mnode_modules/nodemailer[22m
33 error   peerOptional nodemailer@"^7.0.7" from next-auth@5.0.0-beta.30[2m[22m
33 error   [2mnode_modules/next-auth[22m
33 error     next-auth@"^5.0.0-beta.30" from the root project
33 error
33 error Fix the upstream dependency conflict, or retry
33 error this command with --force or --legacy-peer-deps
33 error to accept an incorrect (and potentially broken) dependency resolution.
34 error
34 error
34 error For a full report see:
34 error /Users/macbook/Documents/Abdullah/personal portfilio/portfilio/.npm-cache/_logs/2026-04-11T14_23_17_982Z-eresolve-report.txt
35 silly unfinished npm timer reify 1775917398384
36 silly unfinished npm timer reify:loadTrees 1775917398385
37 silly unfinished npm timer idealTree:buildDeps 1775917398492
38 silly unfinished npm timer idealTree:node_modules/next-auth 1775917409083
39 verbose cwd /Users/macbook/Documents/Abdullah/personal portfilio/portfilio
40 verbose os Darwin 25.3.0
41 verbose node v22.20.0
42 verbose npm  v10.9.3
43 notice
43 notice New [31mmajor[39m version of npm available! [31m10.9.3[39m -> [34m11.12.1[39m
43 notice Changelog: [34mhttps://github.com/npm/cli/releases/tag/v11.12.1[39m
43 notice To update run: [4mnpm install -g npm@11.12.1[24m
43 notice  { force: true, [Symbol(proc-log.meta)]: true }
44 verbose exit 1
45 verbose code 1
46 error A complete log of this run can be found in: /Users/macbook/Documents/Abdullah/personal portfilio/portfilio/.npm-cache/_logs/2026-04-11T14_23_17_982Z-debug-0.log
