0 verbose cli /usr/local/bin/node /usr/local/bin/npm
1 info using npm@10.9.3
2 info using node@v22.20.0
3 silly config load:file:/usr/local/lib/node_modules/npm/npmrc
4 silly config load:file:/Users/macbook/Documents/Abdullah/personal portfilio/portfilio/.npmrc
5 silly config load:file:/Users/macbook/.npmrc
6 silly config load:file:/usr/local/etc/npmrc
7 verbose title npm install socket.io socket.io-client
8 verbose argv "install" "socket.io" "socket.io-client" "--cache" ".npm-cache" "--legacy-peer-deps"
9 verbose logfile logs-max:10 dir:/Users/macbook/Documents/Abdullah/personal portfilio/portfilio/.npm-cache/_logs/2026-04-11T14_55_04_741Z-
10 verbose logfile /Users/macbook/Documents/Abdullah/personal portfilio/portfilio/.npm-cache/_logs/2026-04-11T14_55_04_741Z-debug-0.log
11 silly logfile done cleaning log files
12 silly packumentCache heap:4345298944 maxSize:1086324736 maxEntrySize:543162368
13 silly idealTree buildDeps
14 silly fetch manifest socket.io@*
15 silly packumentCache full:https://registry.npmjs.org/socket.io cache-miss
16 http fetch GET 200 https://registry.npmjs.org/socket.io 893ms (cache miss)
17 silly packumentCache full:https://registry.npmjs.org/socket.io set size:undefined disposed:false
18 silly fetch manifest socket.io-client@*
19 silly packumentCache full:https://registry.npmjs.org/socket.io-client cache-miss
20 http fetch GET 200 https://registry.npmjs.org/socket.io-client 819ms (cache miss)
21 silly packumentCache full:https://registry.npmjs.org/socket.io-client set size:undefined disposed:false
22 silly placeDep ROOT socket.io@4.8.3 OK for: portfilio@0.1.0 want: *
23 silly placeDep ROOT socket.io-client@4.8.3 OK for: portfilio@0.1.0 want: *
24 silly fetch manifest accepts@~1.3.4
25 silly packumentCache full:https://registry.npmjs.org/accepts cache-miss
26 silly fetch manifest base64id@~2.0.0
27 silly packumentCache full:https://registry.npmjs.org/base64id cache-miss
28 silly fetch manifest cors@~2.8.5
29 silly packumentCache full:https://registry.npmjs.org/cors cache-miss
30 silly fetch manifest engine.io@~6.6.0
31 silly packumentCache full:https://registry.npmjs.org/engine.io cache-miss
32 silly fetch manifest socket.io-adapter@~2.5.2
33 silly packumentCache full:https://registry.npmjs.org/socket.io-adapter cache-miss
34 silly fetch manifest socket.io-parser@~4.2.4
35 silly packumentCache full:https://registry.npmjs.org/socket.io-parser cache-miss
36 silly fetch manifest @socket.io/component-emitter@~3.1.0
37 silly packumentCache full:https://registry.npmjs.org/@socket.io%2fcomponent-emitter cache-miss
38 silly fetch manifest engine.io-client@~6.6.1
39 silly packumentCache full:https://registry.npmjs.org/engine.io-client cache-miss
40 silly fetch manifest socket.io-parser@~4.2.4
41 silly packumentCache full:https://registry.npmjs.org/socket.io-parser cache-miss
42 http fetch GET 200 https://registry.npmjs.org/accepts 158ms (cache miss)
43 silly packumentCache full:https://registry.npmjs.org/accepts set size:undefined disposed:false
44 http fetch GET 200 https://registry.npmjs.org/socket.io-parser 602ms (cache miss)
45 silly packumentCache full:https://registry.npmjs.org/socket.io-parser set size:undefined disposed:false
46 http fetch GET 200 https://registry.npmjs.org/@socket.io%2fcomponent-emitter 607ms (cache miss)
47 silly packumentCache full:https://registry.npmjs.org/@socket.io%2fcomponent-emitter set size:undefined disposed:false
48 http fetch GET 200 https://registry.npmjs.org/cors 622ms (cache miss)
49 silly packumentCache full:https://registry.npmjs.org/cors set size:undefined disposed:false
50 http fetch GET 200 https://registry.npmjs.org/socket.io-parser 628ms (cache miss)
51 silly packumentCache full:https://registry.npmjs.org/socket.io-parser set size:undefined disposed:false
52 http fetch GET 200 https://registry.npmjs.org/engine.io 699ms (cache miss)
53 silly packumentCache full:https://registry.npmjs.org/engine.io set size:undefined disposed:false
54 http fetch GET 200 https://registry.npmjs.org/socket.io-adapter 734ms (cache miss)
55 silly packumentCache full:https://registry.npmjs.org/socket.io-adapter set size:undefined disposed:false
56 http fetch GET 200 https://registry.npmjs.org/base64id 833ms (cache miss)
57 silly packumentCache full:https://registry.npmjs.org/base64id set size:undefined disposed:false
58 http fetch GET 200 https://registry.npmjs.org/engine.io-client 1220ms (cache miss)
59 silly packumentCache full:https://registry.npmjs.org/engine.io-client set size:undefined disposed:false
60 silly placeDep ROOT accepts@1.3.8 OK for: socket.io@4.8.3 want: ~1.3.4
61 silly placeDep ROOT base64id@2.0.0 OK for: socket.io@4.8.3 want: ~2.0.0
62 silly placeDep ROOT cors@2.8.6 OK for: socket.io@4.8.3 want: ~2.8.5
63 silly placeDep ROOT engine.io@6.6.6 OK for: socket.io@4.8.3 want: ~6.6.0
64 silly placeDep ROOT socket.io-adapter@2.5.6 OK for: socket.io@4.8.3 want: ~2.5.2
65 silly placeDep ROOT socket.io-parser@4.2.6 OK for: socket.io@4.8.3 want: ~4.2.4
66 silly fetch manifest mime-types@~2.1.34
67 silly packumentCache full:https://registry.npmjs.org/mime-types cache-miss
68 silly fetch manifest negotiator@0.6.3
69 silly packumentCache full:https://registry.npmjs.org/negotiator cache-miss
70 silly fetch manifest vary@^1
71 silly packumentCache full:https://registry.npmjs.org/vary cache-miss
72 silly fetch manifest @types/cors@^2.8.12
73 silly packumentCache full:https://registry.npmjs.org/@types%2fcors cache-miss
74 silly fetch manifest @types/ws@^8.5.12
75 silly packumentCache full:https://registry.npmjs.org/@types%2fws cache-miss
76 silly fetch manifest cookie@~0.7.2
77 silly packumentCache full:https://registry.npmjs.org/cookie cache-miss
78 silly fetch manifest engine.io-parser@~5.2.1
79 silly packumentCache full:https://registry.npmjs.org/engine.io-parser cache-miss
80 silly fetch manifest ws@~8.18.3
81 silly packumentCache full:https://registry.npmjs.org/ws cache-miss
82 silly fetch manifest ws@~8.18.3
83 silly packumentCache full:https://registry.npmjs.org/ws cache-miss
84 http fetch GET 200 https://registry.npmjs.org/negotiator 156ms (cache miss)
85 silly packumentCache full:https://registry.npmjs.org/negotiator set size:undefined disposed:false
86 http fetch GET 200 https://registry.npmjs.org/vary 158ms (cache miss)
87 silly packumentCache full:https://registry.npmjs.org/vary set size:undefined disposed:false
88 http fetch GET 200 https://registry.npmjs.org/cookie 165ms (cache miss)
89 silly packumentCache full:https://registry.npmjs.org/cookie set size:undefined disposed:false
90 http fetch GET 200 https://registry.npmjs.org/@types%2fcors 178ms (cache miss)
91 silly packumentCache full:https://registry.npmjs.org/@types%2fcors set size:undefined disposed:false
92 http fetch GET 200 https://registry.npmjs.org/@types%2fws 202ms (cache miss)
93 silly packumentCache full:https://registry.npmjs.org/@types%2fws set size:undefined disposed:false
94 http fetch GET 200 https://registry.npmjs.org/ws 281ms (cache miss)
95 silly packumentCache full:https://registry.npmjs.org/ws set size:undefined disposed:false
96 http fetch GET 200 https://registry.npmjs.org/ws 425ms (cache miss)
97 silly packumentCache full:https://registry.npmjs.org/ws set size:undefined disposed:false
98 http fetch GET 200 https://registry.npmjs.org/engine.io-parser 648ms (cache miss)
99 silly packumentCache full:https://registry.npmjs.org/engine.io-parser set size:undefined disposed:false
100 http fetch GET 200 https://registry.npmjs.org/mime-types 669ms (cache miss)
101 silly packumentCache full:https://registry.npmjs.org/mime-types set size:undefined disposed:false
102 silly placeDep ROOT mime-types@2.1.35 OK for: accepts@1.3.8 want: ~2.1.34
103 silly placeDep ROOT negotiator@0.6.3 OK for: accepts@1.3.8 want: 0.6.3
104 silly fetch manifest mime-db@1.52.0
105 silly packumentCache full:https://registry.npmjs.org/mime-db cache-miss
106 http fetch GET 200 https://registry.npmjs.org/mime-db 165ms (cache miss)
107 silly packumentCache full:https://registry.npmjs.org/mime-db set size:undefined disposed:false
108 silly placeDep ROOT vary@1.1.2 OK for: cors@2.8.6 want: ^1
109 silly placeDep ROOT @types/cors@2.8.19 OK for: engine.io@6.6.6 want: ^2.8.12
110 silly placeDep ROOT @types/ws@8.18.1 OK for: engine.io@6.6.6 want: ^8.5.12
111 silly placeDep ROOT cookie@0.7.2 OK for: engine.io@6.6.6 want: ~0.7.2
112 silly placeDep ROOT engine.io-parser@5.2.3 OK for: engine.io@6.6.6 want: ~5.2.1
113 silly placeDep ROOT ws@8.18.3 OK for: engine.io@6.6.6 want: ~8.18.3
114 silly placeDep ROOT mime-db@1.52.0 OK for: mime-types@2.1.35 want: 1.52.0
115 silly placeDep ROOT @socket.io/component-emitter@3.1.2 OK for: socket.io-client@4.8.3 want: ~3.1.0
116 silly placeDep ROOT engine.io-client@6.6.4 OK for: socket.io-client@4.8.3 want: ~6.6.1
117 silly fetch manifest xmlhttprequest-ssl@~2.1.1
118 silly packumentCache full:https://registry.npmjs.org/xmlhttprequest-ssl cache-miss
119 http fetch GET 200 https://registry.npmjs.org/xmlhttprequest-ssl 152ms (cache miss)
120 silly packumentCache full:https://registry.npmjs.org/xmlhttprequest-ssl set size:undefined disposed:false
121 silly placeDep ROOT xmlhttprequest-ssl@2.1.2 OK for: engine.io-client@6.6.4 want: ~2.1.1
122 silly reify moves {}
123 verbose reify failed optional dependency /Users/macbook/Documents/Abdullah/personal portfilio/portfilio/node_modules/@tailwindcss/oxide-wasm32-wasi
124 silly reify mark deleted [
124 silly reify   '/Users/macbook/Documents/Abdullah/personal portfilio/portfilio/node_modules/@tailwindcss/oxide-wasm32-wasi'
124 silly reify ]
125 silly audit bulk request {
125 silly audit   '@alloc/quick-lru': [ '5.2.0' ],
125 silly audit   '@auth/core': [ '0.41.0' ],
125 silly audit   '@babel/code-frame': [ '7.29.0' ],
125 silly audit   '@babel/compat-data': [ '7.29.0' ],
125 silly audit   '@babel/core': [ '7.29.0' ],
125 silly audit   '@babel/generator': [ '7.29.1' ],
125 silly audit   '@babel/helper-compilation-targets': [ '7.28.6' ],
125 silly audit   '@babel/helper-globals': [ '7.28.0' ],
125 silly audit   '@babel/helper-module-imports': [ '7.28.6' ],
125 silly audit   '@babel/helper-module-transforms': [ '7.28.6' ],
125 silly audit   '@babel/helper-string-parser': [ '7.27.1' ],
125 silly audit   '@babel/helper-validator-identifier': [ '7.28.5' ],
125 silly audit   '@babel/helper-validator-option': [ '7.27.1' ],
125 silly audit   '@babel/helpers': [ '7.29.2' ],
125 silly audit   '@babel/parser': [ '7.29.2' ],
125 silly audit   '@babel/template': [ '7.28.6' ],
125 silly audit   '@babel/traverse': [ '7.29.0' ],
125 silly audit   '@babel/types': [ '7.29.0' ],
125 silly audit   '@emnapi/core': [ '1.9.2' ],
125 silly audit   '@emnapi/runtime': [ '1.9.2' ],
125 silly audit   '@emnapi/wasi-threads': [ '1.2.1' ],
125 silly audit   '@esbuild/aix-ppc64': [ '0.27.7' ],
125 silly audit   '@esbuild/android-arm': [ '0.27.7' ],
125 silly audit   '@esbuild/android-arm64': [ '0.27.7' ],
125 silly audit   '@esbuild/android-x64': [ '0.27.7' ],
125 silly audit   '@esbuild/darwin-arm64': [ '0.27.7' ],
125 silly audit   '@esbuild/darwin-x64': [ '0.27.7' ],
125 silly audit   '@esbuild/freebsd-arm64': [ '0.27.7' ],
125 silly audit   '@esbuild/freebsd-x64': [ '0.27.7' ],
125 silly audit   '@esbuild/linux-arm': [ '0.27.7' ],
125 silly audit   '@esbuild/linux-arm64': [ '0.27.7' ],
125 silly audit   '@esbuild/linux-ia32': [ '0.27.7' ],
125 silly audit   '@esbuild/linux-loong64': [ '0.27.7' ],
125 silly audit   '@esbuild/linux-mips64el': [ '0.27.7' ],
125 silly audit   '@esbuild/linux-ppc64': [ '0.27.7' ],
125 silly audit   '@esbuild/linux-riscv64': [ '0.27.7' ],
125 silly audit   '@esbuild/linux-s390x': [ '0.27.7' ],
125 silly audit   '@esbuild/linux-x64': [ '0.27.7' ],
125 silly audit   '@esbuild/netbsd-arm64': [ '0.27.7' ],
125 silly audit   '@esbuild/netbsd-x64': [ '0.27.7' ],
125 silly audit   '@esbuild/openbsd-arm64': [ '0.27.7' ],
125 silly audit   '@esbuild/openbsd-x64': [ '0.27.7' ],
125 silly audit   '@esbuild/openharmony-arm64': [ '0.27.7' ],
125 silly audit   '@esbuild/sunos-x64': [ '0.27.7' ],
125 silly audit   '@esbuild/win32-arm64': [ '0.27.7' ],
125 silly audit   '@esbuild/win32-ia32': [ '0.27.7' ],
125 silly audit   '@esbuild/win32-x64': [ '0.27.7' ],
125 silly audit   '@eslint-community/eslint-utils': [ '4.9.1' ],
125 silly audit   'eslint-visitor-keys': [ '3.4.3', '5.0.1', '4.2.1' ],
125 silly audit   '@eslint-community/regexpp': [ '4.12.2' ],
125 silly audit   '@eslint/config-array': [ '0.21.2' ],
125 silly audit   '@eslint/config-helpers': [ '0.4.2' ],
125 silly audit   '@eslint/core': [ '0.17.0' ],
125 silly audit   '@eslint/eslintrc': [ '3.3.5' ],
125 silly audit   '@eslint/js': [ '9.39.4' ],
125 silly audit   '@eslint/object-schema': [ '2.1.7' ],
125 silly audit   '@eslint/plugin-kit': [ '0.4.1' ],
125 silly audit   '@humanfs/core': [ '0.19.1' ],
125 silly audit   '@humanfs/node': [ '0.16.7' ],
125 silly audit   '@humanwhocodes/module-importer': [ '1.0.1' ],
125 silly audit   '@humanwhocodes/retry': [ '0.4.3' ],
125 silly audit   '@img/colour': [ '1.1.0' ],
125 silly audit   '@img/sharp-darwin-arm64': [ '0.34.5' ],
125 silly audit   '@img/sharp-darwin-x64': [ '0.34.5' ],
125 silly audit   '@img/sharp-libvips-darwin-arm64': [ '1.2.4' ],
125 silly audit   '@img/sharp-libvips-darwin-x64': [ '1.2.4' ],
125 silly audit   '@img/sharp-libvips-linux-arm': [ '1.2.4' ],
125 silly audit   '@img/sharp-libvips-linux-arm64': [ '1.2.4' ],
125 silly audit   '@img/sharp-libvips-linux-ppc64': [ '1.2.4' ],
125 silly audit   '@img/sharp-libvips-linux-riscv64': [ '1.2.4' ],
125 silly audit   '@img/sharp-libvips-linux-s390x': [ '1.2.4' ],
125 silly audit   '@img/sharp-libvips-linux-x64': [ '1.2.4' ],
125 silly audit   '@img/sharp-libvips-linuxmusl-arm64': [ '1.2.4' ],
125 silly audit   '@img/sharp-libvips-linuxmusl-x64': [ '1.2.4' ],
125 silly audit   '@img/sharp-linux-arm': [ '0.34.5' ],
125 silly audit   '@img/sharp-linux-arm64': [ '0.34.5' ],
125 silly audit   '@img/sharp-linux-ppc64': [ '0.34.5' ],
125 silly audit   '@img/sharp-linux-riscv64': [ '0.34.5' ],
125 silly audit   '@img/sharp-linux-s390x': [ '0.34.5' ],
125 silly audit   '@img/sharp-linux-x64': [ '0.34.5' ],
125 silly audit   '@img/sharp-linuxmusl-arm64': [ '0.34.5' ],
125 silly audit   '@img/sharp-linuxmusl-x64': [ '0.34.5' ],
125 silly audit   '@img/sharp-wasm32': [ '0.34.5' ],
125 silly audit   '@img/sharp-win32-arm64': [ '0.34.5' ],
125 silly audit   '@img/sharp-win32-ia32': [ '0.34.5' ],
125 silly audit   '@img/sharp-win32-x64': [ '0.34.5' ],
125 silly audit   '@jridgewell/gen-mapping': [ '0.3.13' ],
125 silly audit   '@jridgewell/remapping': [ '2.3.5' ],
125 silly audit   '@jridgewell/resolve-uri': [ '3.1.2' ],
125 silly audit   '@jridgewell/sourcemap-codec': [ '1.5.5' ],
125 silly audit   '@jridgewell/trace-mapping': [ '0.3.31' ],
125 silly audit   '@napi-rs/wasm-runtime': [ '0.2.12' ],
125 silly audit   '@next/env': [ '16.1.6' ],
125 silly audit   '@next/eslint-plugin-next': [ '16.1.6' ],
125 silly audit   '@next/swc-darwin-arm64': [ '16.1.6' ],
125 silly audit   '@next/swc-darwin-x64': [ '16.1.6' ],
125 silly audit   '@next/swc-linux-arm64-gnu': [ '16.1.6' ],
125 silly audit   '@next/swc-linux-arm64-musl': [ '16.1.6' ],
125 silly audit   '@next/swc-linux-x64-gnu': [ '16.1.6' ],
125 silly audit   '@next/swc-linux-x64-musl': [ '16.1.6' ],
125 silly audit   '@next/swc-win32-arm64-msvc': [ '16.1.6' ],
125 silly audit   '@next/swc-win32-x64-msvc': [ '16.1.6' ],
125 silly audit   '@nodelib/fs.scandir': [ '2.1.5' ],
125 silly audit   '@nodelib/fs.stat': [ '2.0.5' ],
125 silly audit   '@nodelib/fs.walk': [ '1.2.8' ],
125 silly audit   '@nolyfill/is-core-module': [ '1.0.39' ],
125 silly audit   '@panva/hkdf': [ '1.2.1' ],
125 silly audit   '@prisma/client': [ '6.19.3' ],
125 silly audit   '@prisma/config': [ '6.19.3' ],
125 silly audit   '@prisma/debug': [ '6.19.3' ],
125 silly audit   '@prisma/engines': [ '6.19.3' ],
125 silly audit   '@prisma/engines-version': [ '7.1.1-3.c2990dca591cba766e3b7ef5d9e8a84796e47ab7' ],
125 silly audit   '@prisma/fetch-engine': [ '6.19.3' ],
125 silly audit   '@prisma/get-platform': [ '6.19.3' ],
125 silly audit   '@rtsao/scc': [ '1.1.0' ],
125 silly audit   '@standard-schema/spec': [ '1.1.0' ],
125 silly audit   '@swc/helpers': [ '0.5.15' ],
125 silly audit   '@tailwindcss/node': [ '4.2.2' ],
125 silly audit   '@tailwindcss/oxide': [ '4.2.2' ],
125 silly audit   '@tailwindcss/oxide-android-arm64': [ '4.2.2' ],
125 silly audit   '@tailwindcss/oxide-darwin-arm64': [ '4.2.2' ],
125 silly audit   '@tailwindcss/oxide-darwin-x64': [ '4.2.2' ],
125 silly audit   '@tailwindcss/oxide-freebsd-x64': [ '4.2.2' ],
125 silly audit   '@tailwindcss/oxide-linux-arm-gnueabihf': [ '4.2.2' ],
125 silly audit   '@tailwindcss/oxide-linux-arm64-gnu': [ '4.2.2' ],
125 silly audit   '@tailwindcss/oxide-linux-arm64-musl': [ '4.2.2' ],
125 silly audit   '@tailwindcss/oxide-linux-x64-gnu': [ '4.2.2' ],
125 silly audit   '@tailwindcss/oxide-linux-x64-musl': [ '4.2.2' ],
125 silly audit   '@tailwindcss/oxide-win32-arm64-msvc': [ '4.2.2' ],
125 silly audit   '@tailwindcss/oxide-win32-x64-msvc': [ '4.2.2' ],
125 silly audit   '@tailwindcss/postcss': [ '4.2.2' ],
125 silly audit   '@tybys/wasm-util': [ '0.10.1' ],
125 silly audit   '@types/bcryptjs': [ '2.4.6' ],
125 silly audit   '@types/estree': [ '1.0.8' ],
125 silly audit   '@types/json-schema': [ '7.0.15' ],
125 silly audit   '@types/json5': [ '0.0.29' ],
125 silly audit   '@types/node': [ '20.19.39' ],
125 silly audit   '@types/nodemailer': [ '8.0.0' ],
125 silly audit   '@types/react': [ '19.2.14' ],
125 silly audit   '@types/react-dom': [ '19.2.3' ],
125 silly audit   '@types/uuid': [ '10.0.0' ],
125 silly audit   '@typescript-eslint/eslint-plugin': [ '8.58.1' ],
125 silly audit   ignore: [ '7.0.5', '5.3.2' ],
125 silly audit   '@typescript-eslint/parser': [ '8.58.1' ],
125 silly audit   '@typescript-eslint/project-service': [ '8.58.1' ],
125 silly audit   '@typescript-eslint/scope-manager': [ '8.58.1' ],
125 silly audit   '@typescript-eslint/tsconfig-utils': [ '8.58.1' ],
125 silly audit   '@typescript-eslint/type-utils': [ '8.58.1' ],
125 silly audit   '@typescript-eslint/types': [ '8.58.1' ],
125 silly audit   '@typescript-eslint/typescript-estree': [ '8.58.1' ],
125 silly audit   'balanced-match': [ '4.0.4', '1.0.2' ],
125 silly audit   'brace-expansion': [ '5.0.5', '1.1.13' ],
125 silly audit   minimatch: [ '10.2.5', '3.1.5' ],
125 silly audit   semver: [ '7.7.4', '6.3.1' ],
125 silly audit   '@typescript-eslint/utils': [ '8.58.1' ],
125 silly audit   '@typescript-eslint/visitor-keys': [ '8.58.1' ],
125 silly audit   '@unrs/resolver-binding-android-arm-eabi': [ '1.11.1' ],
125 silly audit   '@unrs/resolver-binding-android-arm64': [ '1.11.1' ],
125 silly audit   '@unrs/resolver-binding-darwin-arm64': [ '1.11.1' ],
125 silly audit   '@unrs/resolver-binding-darwin-x64': [ '1.11.1' ],
125 silly audit   '@unrs/resolver-binding-freebsd-x64': [ '1.11.1' ],
125 silly audit   '@unrs/resolver-binding-linux-arm-gnueabihf': [ '1.11.1' ],
125 silly audit   '@unrs/resolver-binding-linux-arm-musleabihf': [ '1.11.1' ],
125 silly audit   '@unrs/resolver-binding-linux-arm64-gnu': [ '1.11.1' ],
125 silly audit   '@unrs/resolver-binding-linux-arm64-musl': [ '1.11.1' ],
125 silly audit   '@unrs/resolver-binding-linux-ppc64-gnu': [ '1.11.1' ],
125 silly audit   '@unrs/resolver-binding-linux-riscv64-gnu': [ '1.11.1' ],
125 silly audit   '@unrs/resolver-binding-linux-riscv64-musl': [ '1.11.1' ],
125 silly audit   '@unrs/resolver-binding-linux-s390x-gnu': [ '1.11.1' ],
125 silly audit   '@unrs/resolver-binding-linux-x64-gnu': [ '1.11.1' ],
125 silly audit   '@unrs/resolver-binding-linux-x64-musl': [ '1.11.1' ],
125 silly audit   '@unrs/resolver-binding-wasm32-wasi': [ '1.11.1' ],
125 silly audit   '@unrs/resolver-binding-win32-arm64-msvc': [ '1.11.1' ],
125 silly audit   '@unrs/resolver-binding-win32-ia32-msvc': [ '1.11.1' ],
125 silly audit   '@unrs/resolver-binding-win32-x64-msvc': [ '1.11.1' ],
125 silly audit   acorn: [ '8.16.0' ],
125 silly audit   'acorn-jsx': [ '5.3.2' ],
125 silly audit   ajv: [ '6.14.0' ],
125 silly audit   'ansi-styles': [ '4.3.0' ],
125 silly audit   argparse: [ '2.0.1' ],
125 silly audit   'aria-query': [ '5.3.2' ],
125 silly audit   'array-buffer-byte-length': [ '1.0.2' ],
125 silly audit   'array-includes': [ '3.1.9' ],
125 silly audit   'array.prototype.findlast': [ '1.2.5' ],
125 silly audit   'array.prototype.findlastindex': [ '1.2.6' ],
125 silly audit   'array.prototype.flat': [ '1.3.3' ],
125 silly audit   'array.prototype.flatmap': [ '1.3.3' ],
125 silly audit   'array.prototype.tosorted': [ '1.1.4' ],
125 silly audit   'arraybuffer.prototype.slice': [ '1.0.4' ],
125 silly audit   'ast-types-flow': [ '0.0.8' ],
125 silly audit   'async-function': [ '1.0.0' ],
125 silly audit   'available-typed-arrays': [ '1.0.7' ],
125 silly audit   'axe-core': [ '4.11.2' ],
125 silly audit   'axobject-query': [ '4.1.0' ],
125 silly audit   'baseline-browser-mapping': [ '2.10.17' ],
125 silly audit   bcryptjs: [ '3.0.3' ],
125 silly audit   braces: [ '3.0.3' ],
125 silly audit   browserslist: [ '4.28.2' ],
125 silly audit   c12: [ '3.1.0' ],
125 silly audit   'call-bind': [ '1.0.9' ],
125 silly audit   'call-bind-apply-helpers': [ '1.0.2' ],
125 silly audit   'call-bound': [ '1.0.4' ],
125 silly audit   callsites: [ '3.1.0' ],
125 silly audit   'caniuse-lite': [ '1.0.30001787' ],
125 silly audit   chalk: [ '4.1.2' ],
125 silly audit   chokidar: [ '4.0.3' ],
125 silly audit   citty: [ '0.1.6', '0.2.2' ],
125 silly audit   'client-only': [ '0.0.1' ],
125 silly audit   'color-convert': [ '2.0.1' ],
125 silly audit   'color-name': [ '1.1.4' ],
125 silly audit   'concat-map': [ '0.0.1' ],
125 silly audit   confbox: [ '0.2.4' ],
125 silly audit   consola: [ '3.4.2' ],
125 silly audit   'convert-source-map': [ '2.0.0' ],
125 silly audit   'cross-spawn': [ '7.0.6' ],
125 silly audit   csstype: [ '3.2.3' ],
125 silly audit   'damerau-levenshtein': [ '1.0.8' ],
125 silly audit   'data-view-buffer': [ '1.0.2' ],
125 silly audit   'data-view-byte-length': [ '1.0.2' ],
125 silly audit   'data-view-byte-offset': [ '1.0.1' ],
125 silly audit   debug: [ '4.4.3', '3.2.7' ],
125 silly audit   'deep-is': [ '0.1.4' ],
125 silly audit   'deepmerge-ts': [ '7.1.5' ],
125 silly audit   'define-data-property': [ '1.1.4' ],
125 silly audit   'define-properties': [ '1.2.1' ],
125 silly audit   defu: [ '6.1.7' ],
125 silly audit   destr: [ '2.0.5' ],
125 silly audit   'detect-libc': [ '2.1.2' ],
125 silly audit   doctrine: [ '2.1.0' ],
125 silly audit   dotenv: [ '16.6.1' ],
125 silly audit   'dunder-proto': [ '1.0.1' ],
125 silly audit   effect: [ '3.21.0' ],
125 silly audit   'electron-to-chromium': [ '1.5.334' ],
125 silly audit   'emoji-regex': [ '9.2.2' ],
125 silly audit   empathic: [ '2.0.0' ],
125 silly audit   'enhanced-resolve': [ '5.20.1' ],
125 silly audit   'es-abstract': [ '1.24.2' ],
125 silly audit   'es-define-property': [ '1.0.1' ],
125 silly audit   'es-errors': [ '1.3.0' ],
125 silly audit   'es-iterator-helpers': [ '1.3.2' ],
125 silly audit   'es-object-atoms': [ '1.1.1' ],
125 silly audit   'es-set-tostringtag': [ '2.1.0' ],
125 silly audit   'es-shim-unscopables': [ '1.1.0' ],
125 silly audit   'es-to-primitive': [ '1.3.0' ],
125 silly audit   esbuild: [ '0.27.7' ],
125 silly audit   escalade: [ '3.2.0' ],
125 silly audit   'escape-string-regexp': [ '4.0.0' ],
125 silly audit   eslint: [ '9.39.4' ],
125 silly audit   'eslint-config-next': [ '16.1.6' ],
125 silly audit   globals: [ '16.4.0', '14.0.0' ],
125 silly audit   'eslint-import-resolver-node': [ '0.3.10' ],
125 silly audit   'eslint-import-resolver-typescript': [ '3.10.1' ],
125 silly audit   'eslint-module-utils': [ '2.12.1' ],
125 silly audit   'eslint-plugin-import': [ '2.32.0' ],
125 silly audit   'eslint-plugin-jsx-a11y': [ '6.10.2' ],
125 silly audit   'eslint-plugin-react': [ '7.37.5' ],
125 silly audit   'eslint-plugin-react-hooks': [ '7.0.1' ],
125 silly audit   'eslint-scope': [ '8.4.0' ],
125 silly audit   espree: [ '10.4.0' ],
125 silly audit   esquery: [ '1.7.0' ],
125 silly audit   esrecurse: [ '4.3.0' ],
125 silly audit   estraverse: [ '5.3.0' ],
125 silly audit   esutils: [ '2.0.3' ],
125 silly audit   exsolve: [ '1.0.8' ],
125 silly audit   'fast-check': [ '3.23.2' ],
125 silly audit   'fast-deep-equal': [ '3.1.3' ],
125 silly audit   'fast-glob': [ '3.3.1' ],
125 silly audit   'glob-parent': [ '5.1.2', '6.0.2' ],
125 silly audit   'fast-json-stable-stringify': [ '2.1.0' ],
125 silly audit   'fast-levenshtein': [ '2.0.6' ],
125 silly audit   fastq: [ '1.20.1' ],
125 silly audit   'file-entry-cache': [ '8.0.0' ],
125 silly audit   'fill-range': [ '7.1.1' ],
125 silly audit   'find-up': [ '5.0.0' ],
125 silly audit   'flat-cache': [ '4.0.1' ],
125 silly audit   flatted: [ '3.4.2' ],
125 silly audit   'for-each': [ '0.3.5' ],
125 silly audit   fsevents: [ '2.3.3' ],
125 silly audit   'function-bind': [ '1.1.2' ],
125 silly audit   'function.prototype.name': [ '1.1.8' ],
125 silly audit   'functions-have-names': [ '1.2.3' ],
125 silly audit   'generator-function': [ '2.0.1' ],
125 silly audit   gensync: [ '1.0.0-beta.2' ],
125 silly audit   'get-intrinsic': [ '1.3.0' ],
125 silly audit   'get-proto': [ '1.0.1' ],
125 silly audit   'get-symbol-description': [ '1.1.0' ],
125 silly audit   'get-tsconfig': [ '4.13.7' ],
125 silly audit   giget: [ '2.0.0' ],
125 silly audit   globalthis: [ '1.0.4' ],
125 silly audit   gopd: [ '1.2.0' ],
125 silly audit   'graceful-fs': [ '4.2.11' ],
125 silly audit   gsap: [ '3.14.2' ],
125 silly audit   'has-bigints': [ '1.1.0' ],
125 silly audit   'has-flag': [ '4.0.0' ],
125 silly audit   'has-property-descriptors': [ '1.0.2' ],
125 silly audit   'has-proto': [ '1.2.0' ],
125 silly audit   'has-symbols': [ '1.1.0' ],
125 silly audit   'has-tostringtag': [ '1.0.2' ],
125 silly audit   hasown: [ '2.0.2' ],
125 silly audit   'hermes-estree': [ '0.25.1' ],
125 silly audit   'hermes-parser': [ '0.25.1' ],
125 silly audit   'import-fresh': [ '3.3.1' ],
125 silly audit   imurmurhash: [ '0.1.4' ],
125 silly audit   'internal-slot': [ '1.1.0' ],
125 silly audit   'is-array-buffer': [ '3.0.5' ],
125 silly audit   'is-async-function': [ '2.1.1' ],
125 silly audit   'is-bigint': [ '1.1.0' ],
125 silly audit   'is-boolean-object': [ '1.2.2' ],
125 silly audit   'is-bun-module': [ '2.0.0' ],
125 silly audit   'is-callable': [ '1.2.7' ],
125 silly audit   'is-core-module': [ '2.16.1' ],
125 silly audit   'is-data-view': [ '1.0.2' ],
125 silly audit   'is-date-object': [ '1.1.0' ],
125 silly audit   'is-extglob': [ '2.1.1' ],
125 silly audit   'is-finalizationregistry': [ '1.1.1' ],
125 silly audit   'is-generator-function': [ '1.1.2' ],
125 silly audit   'is-glob': [ '4.0.3' ],
125 silly audit   'is-map': [ '2.0.3' ],
125 silly audit   'is-negative-zero': [ '2.0.3' ],
125 silly audit   'is-number': [ '7.0.0' ],
125 silly audit   'is-number-object': [ '1.1.1' ],
125 silly audit   'is-regex': [ '1.2.1' ],
125 silly audit   'is-set': [ '2.0.3' ],
125 silly audit   'is-shared-array-buffer': [ '1.0.4' ],
125 silly audit   'is-string': [ '1.1.1' ],
125 silly audit   'is-symbol': [ '1.1.1' ],
125 silly audit   'is-typed-array': [ '1.1.15' ],
125 silly audit   'is-weakmap': [ '2.0.2' ],
125 silly audit   'is-weakref': [ '1.1.1' ],
125 silly audit   'is-weakset': [ '2.0.4' ],
125 silly audit   isarray: [ '2.0.5' ],
125 silly audit   isexe: [ '2.0.0' ],
125 silly audit   'iterator.prototype': [ '1.1.5' ],
125 silly audit   jiti: [ '2.6.1' ],
125 silly audit   jose: [ '6.2.2' ],
125 silly audit   'js-tokens': [ '4.0.0' ],
125 silly audit   'js-yaml': [ '4.1.1' ],
125 silly audit   jsesc: [ '3.1.0' ],
125 silly audit   'json-buffer': [ '3.0.1' ],
125 silly audit   'json-schema-traverse': [ '0.4.1' ],
125 silly audit   'json-stable-stringify-without-jsonify': [ '1.0.1' ],
125 silly audit   json5: [ '2.2.3', '1.0.2' ],
125 silly audit   'jsx-ast-utils': [ '3.3.5' ],
125 silly audit   keyv: [ '4.5.4' ],
125 silly audit   'language-subtag-registry': [ '0.3.23' ],
125 silly audit   'language-tags': [ '1.0.9' ],
125 silly audit   levn: [ '0.4.1' ],
125 silly audit   lightningcss: [ '1.32.0' ],
125 silly audit   'lightningcss-android-arm64': [ '1.32.0' ],
125 silly audit   'lightningcss-darwin-arm64': [ '1.32.0' ],
125 silly audit   'lightningcss-darwin-x64': [ '1.32.0' ],
125 silly audit   'lightningcss-freebsd-x64': [ '1.32.0' ],
125 silly audit   'lightningcss-linux-arm-gnueabihf': [ '1.32.0' ],
125 silly audit   'lightningcss-linux-arm64-gnu': [ '1.32.0' ],
125 silly audit   'lightningcss-linux-arm64-musl': [ '1.32.0' ],
125 silly audit   'lightningcss-linux-x64-gnu': [ '1.32.0' ],
125 silly audit   'lightningcss-linux-x64-musl': [ '1.32.0' ],
125 silly audit   'lightningcss-win32-arm64-msvc': [ '1.32.0' ],
125 silly audit   'lightningcss-win32-x64-msvc': [ '1.32.0' ],
125 silly audit   'locate-path': [ '6.0.0' ],
125 silly audit   'lodash.merge': [ '4.6.2' ],
125 silly audit   'loose-envify': [ '1.4.0' ],
125 silly audit   'lru-cache': [ '5.1.1' ],
125 silly audit   'lucide-react': [ '1.8.0' ],
125 silly audit   'magic-string': [ '0.30.21' ],
125 silly audit   'math-intrinsics': [ '1.1.0' ],
125 silly audit   merge2: [ '1.4.1' ],
125 silly audit   micromatch: [ '4.0.8' ],
125 silly audit   minimist: [ '1.2.8' ],
125 silly audit   ms: [ '2.1.3' ],
125 silly audit   nanoid: [ '3.3.11' ],
125 silly audit   'napi-postinstall': [ '0.3.4' ],
125 silly audit   'natural-compare': [ '1.4.0' ],
125 silly audit   next: [ '16.1.6' ],
125 silly audit   'next-auth': [ '5.0.0-beta.30' ],
125 silly audit   postcss: [ '8.4.31', '8.5.9' ],
125 silly audit   'node-exports-info': [ '1.6.0' ],
125 silly audit   'node-fetch-native': [ '1.6.7' ],
125 silly audit   'node-releases': [ '2.0.37' ],
125 silly audit   nodemailer: [ '6.10.1' ],
125 silly audit   nypm: [ '0.6.5' ],
125 silly audit   oauth4webapi: [ '3.8.5' ],
125 silly audit   'object-assign': [ '4.1.1' ],
125 silly audit   'object-inspect': [ '1.13.4' ],
125 silly audit   'object-keys': [ '1.1.1' ],
125 silly audit   'object.assign': [ '4.1.7' ],
125 silly audit   'object.entries': [ '1.1.9' ],
125 silly audit   'object.fromentries': [ '2.0.8' ],
125 silly audit   'object.groupby': [ '1.0.3' ],
125 silly audit   'object.values': [ '1.2.1' ],
125 silly audit   ohash: [ '2.0.11' ],
125 silly audit   optionator: [ '0.9.4' ],
125 silly audit   'own-keys': [ '1.0.1' ],
125 silly audit   'p-limit': [ '3.1.0' ],
125 silly audit   'p-locate': [ '5.0.0' ],
125 silly audit   'parent-module': [ '1.0.1' ],
125 silly audit   'path-exists': [ '4.0.0' ],
125 silly audit   'path-key': [ '3.1.1' ],
125 silly audit   'path-parse': [ '1.0.7' ],
125 silly audit   pathe: [ '2.0.3' ],
125 silly audit   'perfect-debounce': [ '1.0.0' ],
125 silly audit   picocolors: [ '1.1.1' ],
125 silly audit   picomatch: [ '2.3.2', '4.0.4' ],
125 silly audit   'pkg-types': [ '2.3.0' ],
125 silly audit   'possible-typed-array-names': [ '1.1.0' ],
125 silly audit   preact: [ '10.24.3' ],
125 silly audit   'preact-render-to-string': [ '6.5.11' ],
125 silly audit   'prelude-ls': [ '1.2.1' ],
125 silly audit   prisma: [ '6.19.3' ],
125 silly audit   'prop-types': [ '15.8.1' ],
125 silly audit   punycode: [ '2.3.1' ],
125 silly audit   'pure-rand': [ '6.1.0' ],
125 silly audit   'queue-microtask': [ '1.2.3' ],
125 silly audit   rc9: [ '2.1.2' ],
125 silly audit   react: [ '19.2.3' ],
125 silly audit   'react-dom': [ '19.2.3' ],
125 silly audit   'react-is': [ '16.13.1' ],
125 silly audit   readdirp: [ '4.1.2' ],
125 silly audit   'reflect.getprototypeof': [ '1.0.10' ],
125 silly audit   'regexp.prototype.flags': [ '1.5.4' ],
125 silly audit   resolve: [ '2.0.0-next.6' ],
125 silly audit   'resolve-from': [ '4.0.0' ],
125 silly audit   'resolve-pkg-maps': [ '1.0.0' ],
125 silly audit   reusify: [ '1.1.0' ],
125 silly audit   'run-parallel': [ '1.2.0' ],
125 silly audit   'safe-array-concat': [ '1.1.3' ],
125 silly audit   'safe-push-apply': [ '1.0.0' ],
125 silly audit   'safe-regex-test': [ '1.1.0' ],
125 silly audit   scheduler: [ '0.27.0' ],
125 silly audit   'set-function-length': [ '1.2.2' ],
125 silly audit   'set-function-name': [ '2.0.2' ],
125 silly audit   'set-proto': [ '1.0.0' ],
125 silly audit   sharp: [ '0.34.5' ],
125 silly audit   'shebang-command': [ '2.0.0' ],
125 silly audit   'shebang-regex': [ '3.0.0' ],
125 silly audit   'side-channel': [ '1.1.0' ],
125 silly audit   'side-channel-list': [ '1.0.1' ],
125 silly audit   'side-channel-map': [ '1.0.1' ],
125 silly audit   'side-channel-weakmap': [ '1.0.2' ],
125 silly audit   sonner: [ '2.0.7' ],
125 silly audit   'source-map-js': [ '1.2.1' ],
125 silly audit   'stable-hash': [ '0.0.5' ],
125 silly audit   'stop-iteration-iterator': [ '1.1.0' ],
125 silly audit   'string.prototype.includes': [ '2.0.1' ],
125 silly audit   'string.prototype.matchall': [ '4.0.12' ],
125 silly audit   'string.prototype.repeat': [ '1.0.0' ],
125 silly audit   'string.prototype.trim': [ '1.2.10' ],
125 silly audit   'string.prototype.trimend': [ '1.0.9' ],
125 silly audit   'string.prototype.trimstart': [ '1.0.8' ],
125 silly audit   'strip-bom': [ '3.0.0' ],
125 silly audit   'strip-json-comments': [ '3.1.1' ],
125 silly audit   'styled-jsx': [ '5.1.6' ],
125 silly audit   'supports-color': [ '7.2.0' ],
125 silly audit   'supports-preserve-symlinks-flag': [ '1.0.0' ],
125 silly audit   tailwindcss: [ '4.2.2' ],
125 silly audit   tapable: [ '2.3.2' ],
125 silly audit   tinyexec: [ '1.1.1' ],
125 silly audit   tinyglobby: [ '0.2.16' ],
125 silly audit   fdir: [ '6.5.0' ],
125 silly audit   'to-regex-range': [ '5.0.1' ],
125 silly audit   'ts-api-utils': [ '2.5.0' ],
125 silly audit   'tsconfig-paths': [ '3.15.0' ],
125 silly audit   tslib: [ '2.8.1' ],
125 silly audit   tsx: [ '4.21.0' ],
125 silly audit   'type-check': [ '0.4.0' ],
125 silly audit   'typed-array-buffer': [ '1.0.3' ],
125 silly audit   'typed-array-byte-length': [ '1.0.3' ],
125 silly audit   'typed-array-byte-offset': [ '1.0.4' ],
125 silly audit   'typed-array-length': [ '1.0.7' ],
125 silly audit   typescript: [ '5.9.3' ],
125 silly audit   'typescript-eslint': [ '8.58.1' ],
125 silly audit   'unbox-primitive': [ '1.1.0' ],
125 silly audit   'undici-types': [ '6.21.0' ],
125 silly audit   'unrs-resolver': [ '1.11.1' ],
125 silly audit   'update-browserslist-db': [ '1.2.3' ],
125 silly audit   'uri-js': [ '4.4.1' ],
125 silly audit   uuid: [ '13.0.0' ],
125 silly audit   which: [ '2.0.2' ],
125 silly audit   'which-boxed-primitive': [ '1.1.1' ],
125 silly audit   'which-builtin-type': [ '1.2.1' ],
125 silly audit   'which-collection': [ '1.0.2' ],
125 silly audit   'which-typed-array': [ '1.1.20' ],
125 silly audit   'word-wrap': [ '1.2.5' ],
125 silly audit   yallist: [ '3.1.1' ],
125 silly audit   'yocto-queue': [ '0.1.0' ],
125 silly audit   zod: [ '4.3.6' ],
125 silly audit   'zod-validation-error': [ '4.0.2' ],
125 silly audit   'socket.io': [ '4.8.3' ],
125 silly audit   'socket.io-client': [ '4.8.3' ],
125 silly audit   accepts: [ '1.3.8' ],
125 silly audit   base64id: [ '2.0.0' ],
125 silly audit   cors: [ '2.8.6' ],
125 silly audit   'engine.io': [ '6.6.6' ],
125 silly audit   'socket.io-adapter': [ '2.5.6' ],
125 silly audit   'socket.io-parser': [ '4.2.6' ],
125 silly audit   'mime-types': [ '2.1.35' ],
125 silly audit   negotiator: [ '0.6.3' ],
125 silly audit   vary: [ '1.1.2' ],
125 silly audit   '@types/cors': [ '2.8.19' ],
125 silly audit   '@types/ws': [ '8.18.1' ],
125 silly audit   cookie: [ '0.7.2' ],
125 silly audit   'engine.io-parser': [ '5.2.3' ],
125 silly audit   ws: [ '8.18.3' ],
125 silly audit   'mime-db': [ '1.52.0' ],
125 silly audit   '@socket.io/component-emitter': [ '3.1.2' ],
125 silly audit   'engine.io-client': [ '6.6.4' ],
125 silly audit   'xmlhttprequest-ssl': [ '2.1.2' ],
125 silly audit   '@tailwindcss/oxide-wasm32-wasi': [ '4.2.2' ]
125 silly audit }
126 verbose reify failed optional dependency /Users/macbook/Documents/Abdullah/personal portfilio/portfilio/node_modules/lightningcss-win32-x64-msvc
127 silly reify mark deleted [
127 silly reify   '/Users/macbook/Documents/Abdullah/personal portfilio/portfilio/node_modules/lightningcss-win32-x64-msvc'
127 silly reify ]
128 verbose reify failed optional dependency /Users/macbook/Documents/Abdullah/personal portfilio/portfilio/node_modules/lightningcss-win32-arm64-msvc
129 silly reify mark deleted [
129 silly reify   '/Users/macbook/Documents/Abdullah/personal portfilio/portfilio/node_modules/lightningcss-win32-arm64-msvc'
129 silly reify ]
130 verbose reify failed optional dependency /Users/macbook/Documents/Abdullah/personal portfilio/portfilio/node_modules/lightningcss-linux-x64-musl
131 silly reify mark deleted [
131 silly reify   '/Users/macbook/Documents/Abdullah/personal portfilio/portfilio/node_modules/lightningcss-linux-x64-musl'
131 silly reify ]
132 verbose reify failed optional dependency /Users/macbook/Documents/Abdullah/personal portfilio/portfilio/node_modules/lightningcss-linux-x64-gnu
133 silly reify mark deleted [
133 silly reify   '/Users/macbook/Documents/Abdullah/personal portfilio/portfilio/node_modules/lightningcss-linux-x64-gnu'
133 silly reify ]
134 verbose reify failed optional dependency /Users/macbook/Documents/Abdullah/personal portfilio/portfilio/node_modules/lightningcss-linux-arm64-musl
135 silly reify mark deleted [
135 silly reify   '/Users/macbook/Documents/Abdullah/personal portfilio/portfilio/node_modules/lightningcss-linux-arm64-musl'
135 silly reify ]
136 verbose reify failed optional dependency /Users/macbook/Documents/Abdullah/personal portfilio/portfilio/node_modules/lightningcss-linux-arm64-gnu
137 silly reify mark deleted [
137 silly reify   '/Users/macbook/Documents/Abdullah/personal portfilio/portfilio/node_modules/lightningcss-linux-arm64-gnu'
137 silly reify ]
138 verbose reify failed optional dependency /Users/macbook/Documents/Abdullah/personal portfilio/portfilio/node_modules/lightningcss-linux-arm-gnueabihf
139 silly reify mark deleted [
139 silly reify   '/Users/macbook/Documents/Abdullah/personal portfilio/portfilio/node_modules/lightningcss-linux-arm-gnueabihf'
139 silly reify ]
140 verbose reify failed optional dependency /Users/macbook/Documents/Abdullah/personal portfilio/portfilio/node_modules/lightningcss-freebsd-x64
141 silly reify mark deleted [
141 silly reify   '/Users/macbook/Documents/Abdullah/personal portfilio/portfilio/node_modules/lightningcss-freebsd-x64'
141 silly reify ]
142 verbose reify failed optional dependency /Users/macbook/Documents/Abdullah/personal portfilio/portfilio/node_modules/lightningcss-darwin-x64
143 silly reify mark deleted [
143 silly reify   '/Users/macbook/Documents/Abdullah/personal portfilio/portfilio/node_modules/lightningcss-darwin-x64'
143 silly reify ]
144 verbose reify failed optional dependency /Users/macbook/Documents/Abdullah/personal portfilio/portfilio/node_modules/lightningcss-android-arm64
145 silly reify mark deleted [
145 silly reify   '/Users/macbook/Documents/Abdullah/personal portfilio/portfilio/node_modules/lightningcss-android-arm64'
145 silly reify ]
146 verbose reify failed optional dependency /Users/macbook/Documents/Abdullah/personal portfilio/portfilio/node_modules/@unrs/resolver-binding-win32-x64-msvc
147 silly reify mark deleted [
147 silly reify   '/Users/macbook/Documents/Abdullah/personal portfilio/portfilio/node_modules/@unrs/resolver-binding-win32-x64-msvc'
147 silly reify ]
148 verbose reify failed optional dependency /Users/macbook/Documents/Abdullah/personal portfilio/portfilio/node_modules/@unrs/resolver-binding-win32-ia32-msvc
149 silly reify mark deleted [
149 silly reify   '/Users/macbook/Documents/Abdullah/personal portfilio/portfilio/node_modules/@unrs/resolver-binding-win32-ia32-msvc'
149 silly reify ]
150 verbose reify failed optional dependency /Users/macbook/Documents/Abdullah/personal portfilio/portfilio/node_modules/@unrs/resolver-binding-win32-arm64-msvc
151 silly reify mark deleted [
151 silly reify   '/Users/macbook/Documents/Abdullah/personal portfilio/portfilio/node_modules/@unrs/resolver-binding-win32-arm64-msvc'
151 silly reify ]
152 verbose reify failed optional dependency /Users/macbook/Documents/Abdullah/personal portfilio/portfilio/node_modules/@unrs/resolver-binding-wasm32-wasi
153 silly reify mark deleted [
153 silly reify   '/Users/macbook/Documents/Abdullah/personal portfilio/portfilio/node_modules/@unrs/resolver-binding-wasm32-wasi'
153 silly reify ]
154 verbose reify failed optional dependency /Users/macbook/Documents/Abdullah/personal portfilio/portfilio/node_modules/@unrs/resolver-binding-linux-x64-musl
155 silly reify mark deleted [
155 silly reify   '/Users/macbook/Documents/Abdullah/personal portfilio/portfilio/node_modules/@unrs/resolver-binding-linux-x64-musl'
155 silly reify ]
156 verbose reify failed optional dependency /Users/macbook/Documents/Abdullah/personal portfilio/portfilio/node_modules/@unrs/resolver-binding-linux-x64-gnu
157 silly reify mark deleted [
157 silly reify   '/Users/macbook/Documents/Abdullah/personal portfilio/portfilio/node_modules/@unrs/resolver-binding-linux-x64-gnu'
157 silly reify ]
158 verbose reify failed optional dependency /Users/macbook/Documents/Abdullah/personal portfilio/portfilio/node_modules/@unrs/resolver-binding-linux-s390x-gnu
159 silly reify mark deleted [
159 silly reify   '/Users/macbook/Documents/Abdullah/personal portfilio/portfilio/node_modules/@unrs/resolver-binding-linux-s390x-gnu'
159 silly reify ]
160 verbose reify failed optional dependency /Users/macbook/Documents/Abdullah/personal portfilio/portfilio/node_modules/@unrs/resolver-binding-linux-riscv64-musl
161 silly reify mark deleted [
161 silly reify   '/Users/macbook/Documents/Abdullah/personal portfilio/portfilio/node_modules/@unrs/resolver-binding-linux-riscv64-musl'
161 silly reify ]
162 verbose reify failed optional dependency /Users/macbook/Documents/Abdullah/personal portfilio/portfilio/node_modules/@unrs/resolver-binding-linux-riscv64-gnu
163 silly reify mark deleted [
163 silly reify   '/Users/macbook/Documents/Abdullah/personal portfilio/portfilio/node_modules/@unrs/resolver-binding-linux-riscv64-gnu'
163 silly reify ]
164 verbose reify failed optional dependency /Users/macbook/Documents/Abdullah/personal portfilio/portfilio/node_modules/@unrs/resolver-binding-linux-ppc64-gnu
165 silly reify mark deleted [
165 silly reify   '/Users/macbook/Documents/Abdullah/personal portfilio/portfilio/node_modules/@unrs/resolver-binding-linux-ppc64-gnu'
165 silly reify ]
166 verbose reify failed optional dependency /Users/macbook/Documents/Abdullah/personal portfilio/portfilio/node_modules/@unrs/resolver-binding-linux-arm64-musl
167 silly reify mark deleted [
167 silly reify   '/Users/macbook/Documents/Abdullah/personal portfilio/portfilio/node_modules/@unrs/resolver-binding-linux-arm64-musl'
167 silly reify ]
168 verbose reify failed optional dependency /Users/macbook/Documents/Abdullah/personal portfilio/portfilio/node_modules/@unrs/resolver-binding-linux-arm64-gnu
169 silly reify mark deleted [
169 silly reify   '/Users/macbook/Documents/Abdullah/personal portfilio/portfilio/node_modules/@unrs/resolver-binding-linux-arm64-gnu'
169 silly reify ]
170 verbose reify failed optional dependency /Users/macbook/Documents/Abdullah/personal portfilio/portfilio/node_modules/@unrs/resolver-binding-linux-arm-musleabihf
171 silly reify mark deleted [
171 silly reify   '/Users/macbook/Documents/Abdullah/personal portfilio/portfilio/node_modules/@unrs/resolver-binding-linux-arm-musleabihf'
171 silly reify ]
172 verbose reify failed optional dependency /Users/macbook/Documents/Abdullah/personal portfilio/portfilio/node_modules/@unrs/resolver-binding-linux-arm-gnueabihf
173 silly reify mark deleted [
173 silly reify   '/Users/macbook/Documents/Abdullah/personal portfilio/portfilio/node_modules/@unrs/resolver-binding-linux-arm-gnueabihf'
173 silly reify ]
174 verbose reify failed optional dependency /Users/macbook/Documents/Abdullah/personal portfilio/portfilio/node_modules/@unrs/resolver-binding-freebsd-x64
175 silly reify mark deleted [
175 silly reify   '/Users/macbook/Documents/Abdullah/personal portfilio/portfilio/node_modules/@unrs/resolver-binding-freebsd-x64'
175 silly reify ]
176 verbose reify failed optional dependency /Users/macbook/Documents/Abdullah/personal portfilio/portfilio/node_modules/@unrs/resolver-binding-darwin-x64
177 silly reify mark deleted [
177 silly reify   '/Users/macbook/Documents/Abdullah/personal portfilio/portfilio/node_modules/@unrs/resolver-binding-darwin-x64'
177 silly reify ]
178 verbose reify failed optional dependency /Users/macbook/Documents/Abdullah/personal portfilio/portfilio/node_modules/@unrs/resolver-binding-android-arm64
179 silly reify mark deleted [
179 silly reify   '/Users/macbook/Documents/Abdullah/personal portfilio/portfilio/node_modules/@unrs/resolver-binding-android-arm64'
179 silly reify ]
180 verbose reify failed optional dependency /Users/macbook/Documents/Abdullah/personal portfilio/portfilio/node_modules/@unrs/resolver-binding-android-arm-eabi
181 silly reify mark deleted [
181 silly reify   '/Users/macbook/Documents/Abdullah/personal portfilio/portfilio/node_modules/@unrs/resolver-binding-android-arm-eabi'
181 silly reify ]
182 verbose reify failed optional dependency /Users/macbook/Documents/Abdullah/personal portfilio/portfilio/node_modules/@tailwindcss/oxide-win32-x64-msvc
183 silly reify mark deleted [
183 silly reify   '/Users/macbook/Documents/Abdullah/personal portfilio/portfilio/node_modules/@tailwindcss/oxide-win32-x64-msvc'
183 silly reify ]
184 verbose reify failed optional dependency /Users/macbook/Documents/Abdullah/personal portfilio/portfilio/node_modules/@tailwindcss/oxide-win32-arm64-msvc
185 silly reify mark deleted [
185 silly reify   '/Users/macbook/Documents/Abdullah/personal portfilio/portfilio/node_modules/@tailwindcss/oxide-win32-arm64-msvc'
185 silly reify ]
186 verbose reify failed optional dependency /Users/macbook/Documents/Abdullah/personal portfilio/portfilio/node_modules/@tailwindcss/oxide-linux-x64-musl
187 silly reify mark deleted [
187 silly reify   '/Users/macbook/Documents/Abdullah/personal portfilio/portfilio/node_modules/@tailwindcss/oxide-linux-x64-musl'
187 silly reify ]
188 verbose reify failed optional dependency /Users/macbook/Documents/Abdullah/personal portfilio/portfilio/node_modules/@tailwindcss/oxide-linux-x64-gnu
189 silly reify mark deleted [
189 silly reify   '/Users/macbook/Documents/Abdullah/personal portfilio/portfilio/node_modules/@tailwindcss/oxide-linux-x64-gnu'
189 silly reify ]
190 verbose reify failed optional dependency /Users/macbook/Documents/Abdullah/personal portfilio/portfilio/node_modules/@tailwindcss/oxide-linux-arm64-musl
191 silly reify mark deleted [
191 silly reify   '/Users/macbook/Documents/Abdullah/personal portfilio/portfilio/node_modules/@tailwindcss/oxide-linux-arm64-musl'
191 silly reify ]
192 verbose reify failed optional dependency /Users/macbook/Documents/Abdullah/personal portfilio/portfilio/node_modules/@tailwindcss/oxide-linux-arm64-gnu
193 silly reify mark deleted [
193 silly reify   '/Users/macbook/Documents/Abdullah/personal portfilio/portfilio/node_modules/@tailwindcss/oxide-linux-arm64-gnu'
193 silly reify ]
194 verbose reify failed optional dependency /Users/macbook/Documents/Abdullah/personal portfilio/portfilio/node_modules/@tailwindcss/oxide-linux-arm-gnueabihf
195 silly reify mark deleted [
195 silly reify   '/Users/macbook/Documents/Abdullah/personal portfilio/portfilio/node_modules/@tailwindcss/oxide-linux-arm-gnueabihf'
195 silly reify ]
196 verbose reify failed optional dependency /Users/macbook/Documents/Abdullah/personal portfilio/portfilio/node_modules/@tailwindcss/oxide-freebsd-x64
197 silly reify mark deleted [
197 silly reify   '/Users/macbook/Documents/Abdullah/personal portfilio/portfilio/node_modules/@tailwindcss/oxide-freebsd-x64'
197 silly reify ]
198 verbose reify failed optional dependency /Users/macbook/Documents/Abdullah/personal portfilio/portfilio/node_modules/@tailwindcss/oxide-darwin-x64
199 silly reify mark deleted [
199 silly reify   '/Users/macbook/Documents/Abdullah/personal portfilio/portfilio/node_modules/@tailwindcss/oxide-darwin-x64'
199 silly reify ]
200 verbose reify failed optional dependency /Users/macbook/Documents/Abdullah/personal portfilio/portfilio/node_modules/@tailwindcss/oxide-android-arm64
201 silly reify mark deleted [
201 silly reify   '/Users/macbook/Documents/Abdullah/personal portfilio/portfilio/node_modules/@tailwindcss/oxide-android-arm64'
201 silly reify ]
202 verbose reify failed optional dependency /Users/macbook/Documents/Abdullah/personal portfilio/portfilio/node_modules/@next/swc-win32-x64-msvc
203 silly reify mark deleted [
203 silly reify   '/Users/macbook/Documents/Abdullah/personal portfilio/portfilio/node_modules/@next/swc-win32-x64-msvc'
203 silly reify ]
204 verbose reify failed optional dependency /Users/macbook/Documents/Abdullah/personal portfilio/portfilio/node_modules/@next/swc-win32-arm64-msvc
205 silly reify mark deleted [
205 silly reify   '/Users/macbook/Documents/Abdullah/personal portfilio/portfilio/node_modules/@next/swc-win32-arm64-msvc'
205 silly reify ]
206 verbose reify failed optional dependency /Users/macbook/Documents/Abdullah/personal portfilio/portfilio/node_modules/@next/swc-linux-x64-musl
207 silly reify mark deleted [
207 silly reify   '/Users/macbook/Documents/Abdullah/personal portfilio/portfilio/node_modules/@next/swc-linux-x64-musl'
207 silly reify ]
208 verbose reify failed optional dependency /Users/macbook/Documents/Abdullah/personal portfilio/portfilio/node_modules/@next/swc-linux-x64-gnu
209 silly reify mark deleted [
209 silly reify   '/Users/macbook/Documents/Abdullah/personal portfilio/portfilio/node_modules/@next/swc-linux-x64-gnu'
209 silly reify ]
210 verbose reify failed optional dependency /Users/macbook/Documents/Abdullah/personal portfilio/portfilio/node_modules/@next/swc-linux-arm64-musl
211 silly reify mark deleted [
211 silly reify   '/Users/macbook/Documents/Abdullah/personal portfilio/portfilio/node_modules/@next/swc-linux-arm64-musl'
211 silly reify ]
212 verbose reify failed optional dependency /Users/macbook/Documents/Abdullah/personal portfilio/portfilio/node_modules/@next/swc-linux-arm64-gnu
213 silly reify mark deleted [
213 silly reify   '/Users/macbook/Documents/Abdullah/personal portfilio/portfilio/node_modules/@next/swc-linux-arm64-gnu'
213 silly reify ]
214 verbose reify failed optional dependency /Users/macbook/Documents/Abdullah/personal portfilio/portfilio/node_modules/@next/swc-darwin-x64
215 silly reify mark deleted [
215 silly reify   '/Users/macbook/Documents/Abdullah/personal portfilio/portfilio/node_modules/@next/swc-darwin-x64'
215 silly reify ]
216 verbose reify failed optional dependency /Users/macbook/Documents/Abdullah/personal portfilio/portfilio/node_modules/@img/sharp-win32-x64
217 silly reify mark deleted [
217 silly reify   '/Users/macbook/Documents/Abdullah/personal portfilio/portfilio/node_modules/@img/sharp-win32-x64'
217 silly reify ]
218 verbose reify failed optional dependency /Users/macbook/Documents/Abdullah/personal portfilio/portfilio/node_modules/@img/sharp-win32-ia32
219 silly reify mark deleted [
219 silly reify   '/Users/macbook/Documents/Abdullah/personal portfilio/portfilio/node_modules/@img/sharp-win32-ia32'
219 silly reify ]
220 verbose reify failed optional dependency /Users/macbook/Documents/Abdullah/personal portfilio/portfilio/node_modules/@img/sharp-win32-arm64
221 silly reify mark deleted [
221 silly reify   '/Users/macbook/Documents/Abdullah/personal portfilio/portfilio/node_modules/@img/sharp-win32-arm64'
221 silly reify ]
222 verbose reify failed optional dependency /Users/macbook/Documents/Abdullah/personal portfilio/portfilio/node_modules/@img/sharp-wasm32
223 silly reify mark deleted [
223 silly reify   '/Users/macbook/Documents/Abdullah/personal portfilio/portfilio/node_modules/@img/sharp-wasm32'
223 silly reify ]
224 verbose reify failed optional dependency /Users/macbook/Documents/Abdullah/personal portfilio/portfilio/node_modules/@img/sharp-linuxmusl-x64
225 silly reify mark deleted [
225 silly reify   '/Users/macbook/Documents/Abdullah/personal portfilio/portfilio/node_modules/@img/sharp-linuxmusl-x64'
225 silly reify ]
226 verbose reify failed optional dependency /Users/macbook/Documents/Abdullah/personal portfilio/portfilio/node_modules/@img/sharp-linuxmusl-arm64
227 silly reify mark deleted [
227 silly reify   '/Users/macbook/Documents/Abdullah/personal portfilio/portfilio/node_modules/@img/sharp-linuxmusl-arm64'
227 silly reify ]
228 verbose reify failed optional dependency /Users/macbook/Documents/Abdullah/personal portfilio/portfilio/node_modules/@img/sharp-linux-x64
229 silly reify mark deleted [
229 silly reify   '/Users/macbook/Documents/Abdullah/personal portfilio/portfilio/node_modules/@img/sharp-linux-x64'
229 silly reify ]
230 verbose reify failed optional dependency /Users/macbook/Documents/Abdullah/personal portfilio/portfilio/node_modules/@img/sharp-linux-s390x
231 silly reify mark deleted [
231 silly reify   '/Users/macbook/Documents/Abdullah/personal portfilio/portfilio/node_modules/@img/sharp-linux-s390x'
231 silly reify ]
232 verbose reify failed optional dependency /Users/macbook/Documents/Abdullah/personal portfilio/portfilio/node_modules/@img/sharp-linux-riscv64
233 silly reify mark deleted [
233 silly reify   '/Users/macbook/Documents/Abdullah/personal portfilio/portfilio/node_modules/@img/sharp-linux-riscv64'
233 silly reify ]
234 verbose reify failed optional dependency /Users/macbook/Documents/Abdullah/personal portfilio/portfilio/node_modules/@img/sharp-linux-ppc64
235 silly reify mark deleted [
235 silly reify   '/Users/macbook/Documents/Abdullah/personal portfilio/portfilio/node_modules/@img/sharp-linux-ppc64'
235 silly reify ]
236 verbose reify failed optional dependency /Users/macbook/Documents/Abdullah/personal portfilio/portfilio/node_modules/@img/sharp-linux-arm64
237 silly reify mark deleted [
237 silly reify   '/Users/macbook/Documents/Abdullah/personal portfilio/portfilio/node_modules/@img/sharp-linux-arm64'
237 silly reify ]
238 verbose reify failed optional dependency /Users/macbook/Documents/Abdullah/personal portfilio/portfilio/node_modules/@img/sharp-linux-arm
239 silly reify mark deleted [
239 silly reify   '/Users/macbook/Documents/Abdullah/personal portfilio/portfilio/node_modules/@img/sharp-linux-arm'
239 silly reify ]
240 verbose reify failed optional dependency /Users/macbook/Documents/Abdullah/personal portfilio/portfilio/node_modules/@img/sharp-libvips-linuxmusl-x64
241 silly reify mark deleted [
241 silly reify   '/Users/macbook/Documents/Abdullah/personal portfilio/portfilio/node_modules/@img/sharp-libvips-linuxmusl-x64'
241 silly reify ]
242 verbose reify failed optional dependency /Users/macbook/Documents/Abdullah/personal portfilio/portfilio/node_modules/@img/sharp-libvips-linuxmusl-arm64
243 silly reify mark deleted [
243 silly reify   '/Users/macbook/Documents/Abdullah/personal portfilio/portfilio/node_modules/@img/sharp-libvips-linuxmusl-arm64'
243 silly reify ]
244 verbose reify failed optional dependency /Users/macbook/Documents/Abdullah/personal portfilio/portfilio/node_modules/@img/sharp-libvips-linux-x64
245 silly reify mark deleted [
245 silly reify   '/Users/macbook/Documents/Abdullah/personal portfilio/portfilio/node_modules/@img/sharp-libvips-linux-x64'
245 silly reify ]
246 verbose reify failed optional dependency /Users/macbook/Documents/Abdullah/personal portfilio/portfilio/node_modules/@img/sharp-libvips-linux-s390x
247 silly reify mark deleted [
247 silly reify   '/Users/macbook/Documents/Abdullah/personal portfilio/portfilio/node_modules/@img/sharp-libvips-linux-s390x'
247 silly reify ]
248 verbose reify failed optional dependency /Users/macbook/Documents/Abdullah/personal portfilio/portfilio/node_modules/@img/sharp-libvips-linux-riscv64
249 silly reify mark deleted [
249 silly reify   '/Users/macbook/Documents/Abdullah/personal portfilio/portfilio/node_modules/@img/sharp-libvips-linux-riscv64'
249 silly reify ]
250 verbose reify failed optional dependency /Users/macbook/Documents/Abdullah/personal portfilio/portfilio/node_modules/@img/sharp-libvips-linux-ppc64
251 silly reify mark deleted [
251 silly reify   '/Users/macbook/Documents/Abdullah/personal portfilio/portfilio/node_modules/@img/sharp-libvips-linux-ppc64'
251 silly reify ]
252 verbose reify failed optional dependency /Users/macbook/Documents/Abdullah/personal portfilio/portfilio/node_modules/@img/sharp-libvips-linux-arm64
253 silly reify mark deleted [
253 silly reify   '/Users/macbook/Documents/Abdullah/personal portfilio/portfilio/node_modules/@img/sharp-libvips-linux-arm64'
253 silly reify ]
254 verbose reify failed optional dependency /Users/macbook/Documents/Abdullah/personal portfilio/portfilio/node_modules/@img/sharp-libvips-linux-arm
255 silly reify mark deleted [
255 silly reify   '/Users/macbook/Documents/Abdullah/personal portfilio/portfilio/node_modules/@img/sharp-libvips-linux-arm'
255 silly reify ]
256 verbose reify failed optional dependency /Users/macbook/Documents/Abdullah/personal portfilio/portfilio/node_modules/@img/sharp-libvips-darwin-x64
257 silly reify mark deleted [
257 silly reify   '/Users/macbook/Documents/Abdullah/personal portfilio/portfilio/node_modules/@img/sharp-libvips-darwin-x64'
257 silly reify ]
258 verbose reify failed optional dependency /Users/macbook/Documents/Abdullah/personal portfilio/portfilio/node_modules/@img/sharp-darwin-x64
259 silly reify mark deleted [
259 silly reify   '/Users/macbook/Documents/Abdullah/personal portfilio/portfilio/node_modules/@img/sharp-darwin-x64'
259 silly reify ]
260 verbose reify failed optional dependency /Users/macbook/Documents/Abdullah/personal portfilio/portfilio/node_modules/@esbuild/win32-x64
261 silly reify mark deleted [
261 silly reify   '/Users/macbook/Documents/Abdullah/personal portfilio/portfilio/node_modules/@esbuild/win32-x64'
261 silly reify ]
262 verbose reify failed optional dependency /Users/macbook/Documents/Abdullah/personal portfilio/portfilio/node_modules/@esbuild/win32-ia32
263 silly reify mark deleted [
263 silly reify   '/Users/macbook/Documents/Abdullah/personal portfilio/portfilio/node_modules/@esbuild/win32-ia32'
263 silly reify ]
264 verbose reify failed optional dependency /Users/macbook/Documents/Abdullah/personal portfilio/portfilio/node_modules/@esbuild/win32-arm64
265 silly reify mark deleted [
265 silly reify   '/Users/macbook/Documents/Abdullah/personal portfilio/portfilio/node_modules/@esbuild/win32-arm64'
265 silly reify ]
266 verbose reify failed optional dependency /Users/macbook/Documents/Abdullah/personal portfilio/portfilio/node_modules/@esbuild/sunos-x64
267 silly reify mark deleted [
267 silly reify   '/Users/macbook/Documents/Abdullah/personal portfilio/portfilio/node_modules/@esbuild/sunos-x64'
267 silly reify ]
268 verbose reify failed optional dependency /Users/macbook/Documents/Abdullah/personal portfilio/portfilio/node_modules/@esbuild/openharmony-arm64
269 silly reify mark deleted [
269 silly reify   '/Users/macbook/Documents/Abdullah/personal portfilio/portfilio/node_modules/@esbuild/openharmony-arm64'
269 silly reify ]
270 verbose reify failed optional dependency /Users/macbook/Documents/Abdullah/personal portfilio/portfilio/node_modules/@esbuild/openbsd-x64
271 silly reify mark deleted [
271 silly reify   '/Users/macbook/Documents/Abdullah/personal portfilio/portfilio/node_modules/@esbuild/openbsd-x64'
271 silly reify ]
272 verbose reify failed optional dependency /Users/macbook/Documents/Abdullah/personal portfilio/portfilio/node_modules/@esbuild/openbsd-arm64
273 silly reify mark deleted [
273 silly reify   '/Users/macbook/Documents/Abdullah/personal portfilio/portfilio/node_modules/@esbuild/openbsd-arm64'
273 silly reify ]
274 verbose reify failed optional dependency /Users/macbook/Documents/Abdullah/personal portfilio/portfilio/node_modules/@esbuild/netbsd-x64
275 silly reify mark deleted [
275 silly reify   '/Users/macbook/Documents/Abdullah/personal portfilio/portfilio/node_modules/@esbuild/netbsd-x64'
275 silly reify ]
276 verbose reify failed optional dependency /Users/macbook/Documents/Abdullah/personal portfilio/portfilio/node_modules/@esbuild/netbsd-arm64
277 silly reify mark deleted [
277 silly reify   '/Users/macbook/Documents/Abdullah/personal portfilio/portfilio/node_modules/@esbuild/netbsd-arm64'
277 silly reify ]
278 verbose reify failed optional dependency /Users/macbook/Documents/Abdullah/personal portfilio/portfilio/node_modules/@esbuild/linux-x64
279 silly reify mark deleted [
279 silly reify   '/Users/macbook/Documents/Abdullah/personal portfilio/portfilio/node_modules/@esbuild/linux-x64'
279 silly reify ]
280 verbose reify failed optional dependency /Users/macbook/Documents/Abdullah/personal portfilio/portfilio/node_modules/@esbuild/linux-s390x
281 silly reify mark deleted [
281 silly reify   '/Users/macbook/Documents/Abdullah/personal portfilio/portfilio/node_modules/@esbuild/linux-s390x'
281 silly reify ]
282 verbose reify failed optional dependency /Users/macbook/Documents/Abdullah/personal portfilio/portfilio/node_modules/@esbuild/linux-riscv64
283 silly reify mark deleted [
283 silly reify   '/Users/macbook/Documents/Abdullah/personal portfilio/portfilio/node_modules/@esbuild/linux-riscv64'
283 silly reify ]
284 verbose reify failed optional dependency /Users/macbook/Documents/Abdullah/personal portfilio/portfilio/node_modules/@esbuild/linux-ppc64
285 silly reify mark deleted [
285 silly reify   '/Users/macbook/Documents/Abdullah/personal portfilio/portfilio/node_modules/@esbuild/linux-ppc64'
285 silly reify ]
286 verbose reify failed optional dependency /Users/macbook/Documents/Abdullah/personal portfilio/portfilio/node_modules/@esbuild/linux-mips64el
287 silly reify mark deleted [
287 silly reify   '/Users/macbook/Documents/Abdullah/personal portfilio/portfilio/node_modules/@esbuild/linux-mips64el'
287 silly reify ]
288 verbose reify failed optional dependency /Users/macbook/Documents/Abdullah/personal portfilio/portfilio/node_modules/@esbuild/linux-loong64
289 silly reify mark deleted [
289 silly reify   '/Users/macbook/Documents/Abdullah/personal portfilio/portfilio/node_modules/@esbuild/linux-loong64'
289 silly reify ]
290 verbose reify failed optional dependency /Users/macbook/Documents/Abdullah/personal portfilio/portfilio/node_modules/@esbuild/linux-ia32
291 silly reify mark deleted [
291 silly reify   '/Users/macbook/Documents/Abdullah/personal portfilio/portfilio/node_modules/@esbuild/linux-ia32'
291 silly reify ]
292 verbose reify failed optional dependency /Users/macbook/Documents/Abdullah/personal portfilio/portfilio/node_modules/@esbuild/linux-arm64
293 silly reify mark deleted [
293 silly reify   '/Users/macbook/Documents/Abdullah/personal portfilio/portfilio/node_modules/@esbuild/linux-arm64'
293 silly reify ]
294 verbose reify failed optional dependency /Users/macbook/Documents/Abdullah/personal portfilio/portfilio/node_modules/@esbuild/linux-arm
295 silly reify mark deleted [
295 silly reify   '/Users/macbook/Documents/Abdullah/personal portfilio/portfilio/node_modules/@esbuild/linux-arm'
295 silly reify ]
296 verbose reify failed optional dependency /Users/macbook/Documents/Abdullah/personal portfilio/portfilio/node_modules/@esbuild/freebsd-x64
297 silly reify mark deleted [
297 silly reify   '/Users/macbook/Documents/Abdullah/personal portfilio/portfilio/node_modules/@esbuild/freebsd-x64'
297 silly reify ]
298 verbose reify failed optional dependency /Users/macbook/Documents/Abdullah/personal portfilio/portfilio/node_modules/@esbuild/freebsd-arm64
299 silly reify mark deleted [
299 silly reify   '/Users/macbook/Documents/Abdullah/personal portfilio/portfilio/node_modules/@esbuild/freebsd-arm64'
299 silly reify ]
300 verbose reify failed optional dependency /Users/macbook/Documents/Abdullah/personal portfilio/portfilio/node_modules/@esbuild/darwin-x64
301 silly reify mark deleted [
301 silly reify   '/Users/macbook/Documents/Abdullah/personal portfilio/portfilio/node_modules/@esbuild/darwin-x64'
301 silly reify ]
302 verbose reify failed optional dependency /Users/macbook/Documents/Abdullah/personal portfilio/portfilio/node_modules/@esbuild/android-x64
303 silly reify mark deleted [
303 silly reify   '/Users/macbook/Documents/Abdullah/personal portfilio/portfilio/node_modules/@esbuild/android-x64'
303 silly reify ]
304 verbose reify failed optional dependency /Users/macbook/Documents/Abdullah/personal portfilio/portfilio/node_modules/@esbuild/android-arm64
305 silly reify mark deleted [
305 silly reify   '/Users/macbook/Documents/Abdullah/personal portfilio/portfilio/node_modules/@esbuild/android-arm64'
305 silly reify ]
306 verbose reify failed optional dependency /Users/macbook/Documents/Abdullah/personal portfilio/portfilio/node_modules/@esbuild/android-arm
307 silly reify mark deleted [
307 silly reify   '/Users/macbook/Documents/Abdullah/personal portfilio/portfilio/node_modules/@esbuild/android-arm'
307 silly reify ]
308 verbose reify failed optional dependency /Users/macbook/Documents/Abdullah/personal portfilio/portfilio/node_modules/@esbuild/aix-ppc64
309 silly reify mark deleted [
309 silly reify   '/Users/macbook/Documents/Abdullah/personal portfilio/portfilio/node_modules/@esbuild/aix-ppc64'
309 silly reify ]
310 http cache @socket.io/component-emitter@https://registry.npmjs.org/@socket.io/component-emitter/-/component-emitter-3.1.2.tgz 1ms (cache hit)
311 http cache ws@https://registry.npmjs.org/ws/-/ws-8.18.3.tgz 0ms (cache hit)
312 http cache engine.io-parser@https://registry.npmjs.org/engine.io-parser/-/engine.io-parser-5.2.3.tgz 0ms (cache hit)
313 http cache cookie@https://registry.npmjs.org/cookie/-/cookie-0.7.2.tgz 0ms (cache hit)
314 http cache engine.io-client@https://registry.npmjs.org/engine.io-client/-/engine.io-client-6.6.4.tgz 0ms (cache hit)
315 http cache @types/ws@https://registry.npmjs.org/@types/ws/-/ws-8.18.1.tgz 0ms (cache hit)
316 http cache vary@https://registry.npmjs.org/vary/-/vary-1.1.2.tgz 0ms (cache hit)
317 http cache @types/cors@https://registry.npmjs.org/@types/cors/-/cors-2.8.19.tgz 0ms (cache hit)
318 http cache negotiator@https://registry.npmjs.org/negotiator/-/negotiator-0.6.3.tgz 0ms (cache hit)
319 http cache mime-types@https://registry.npmjs.org/mime-types/-/mime-types-2.1.35.tgz 0ms (cache hit)
320 http cache socket.io-adapter@https://registry.npmjs.org/socket.io-adapter/-/socket.io-adapter-2.5.6.tgz 0ms (cache hit)
321 http cache engine.io@https://registry.npmjs.org/engine.io/-/engine.io-6.6.6.tgz 0ms (cache hit)
322 http cache base64id@https://registry.npmjs.org/base64id/-/base64id-2.0.0.tgz 0ms (cache hit)
323 http cache accepts@https://registry.npmjs.org/accepts/-/accepts-1.3.8.tgz 0ms (cache hit)
324 http cache socket.io-parser@https://registry.npmjs.org/socket.io-parser/-/socket.io-parser-4.2.6.tgz 0ms (cache hit)
325 http cache mime-db@https://registry.npmjs.org/mime-db/-/mime-db-1.52.0.tgz 0ms (cache hit)
326 http cache cors@https://registry.npmjs.org/cors/-/cors-2.8.6.tgz 0ms (cache hit)
327 http cache xmlhttprequest-ssl@https://registry.npmjs.org/xmlhttprequest-ssl/-/xmlhttprequest-ssl-2.1.2.tgz 0ms (cache hit)
328 http cache socket.io-client@https://registry.npmjs.org/socket.io-client/-/socket.io-client-4.8.3.tgz 0ms (cache hit)
329 silly tarball no local data for @socket.io/component-emitter@https://registry.npmjs.org/@socket.io/component-emitter/-/component-emitter-3.1.2.tgz. Extracting by manifest.
330 silly tarball no local data for ws@https://registry.npmjs.org/ws/-/ws-8.18.3.tgz. Extracting by manifest.
331 silly tarball no local data for engine.io-parser@https://registry.npmjs.org/engine.io-parser/-/engine.io-parser-5.2.3.tgz. Extracting by manifest.
332 silly tarball no local data for cookie@https://registry.npmjs.org/cookie/-/cookie-0.7.2.tgz. Extracting by manifest.
333 silly tarball no local data for engine.io-client@https://registry.npmjs.org/engine.io-client/-/engine.io-client-6.6.4.tgz. Extracting by manifest.
334 silly tarball no local data for @types/ws@https://registry.npmjs.org/@types/ws/-/ws-8.18.1.tgz. Extracting by manifest.
335 silly tarball no local data for vary@https://registry.npmjs.org/vary/-/vary-1.1.2.tgz. Extracting by manifest.
336 silly tarball no local data for @types/cors@https://registry.npmjs.org/@types/cors/-/cors-2.8.19.tgz. Extracting by manifest.
337 silly tarball no local data for negotiator@https://registry.npmjs.org/negotiator/-/negotiator-0.6.3.tgz. Extracting by manifest.
338 silly tarball no local data for mime-types@https://registry.npmjs.org/mime-types/-/mime-types-2.1.35.tgz. Extracting by manifest.
339 silly tarball no local data for socket.io-adapter@https://registry.npmjs.org/socket.io-adapter/-/socket.io-adapter-2.5.6.tgz. Extracting by manifest.
340 silly tarball no local data for engine.io@https://registry.npmjs.org/engine.io/-/engine.io-6.6.6.tgz. Extracting by manifest.
341 silly tarball no local data for base64id@https://registry.npmjs.org/base64id/-/base64id-2.0.0.tgz. Extracting by manifest.
342 silly tarball no local data for accepts@https://registry.npmjs.org/accepts/-/accepts-1.3.8.tgz. Extracting by manifest.
343 silly tarball no local data for socket.io-parser@https://registry.npmjs.org/socket.io-parser/-/socket.io-parser-4.2.6.tgz. Extracting by manifest.
344 silly tarball no local data for mime-db@https://registry.npmjs.org/mime-db/-/mime-db-1.52.0.tgz. Extracting by manifest.
345 http cache socket.io@https://registry.npmjs.org/socket.io/-/socket.io-4.8.3.tgz 0ms (cache hit)
346 silly tarball no local data for cors@https://registry.npmjs.org/cors/-/cors-2.8.6.tgz. Extracting by manifest.
347 silly tarball no local data for xmlhttprequest-ssl@https://registry.npmjs.org/xmlhttprequest-ssl/-/xmlhttprequest-ssl-2.1.2.tgz. Extracting by manifest.
348 silly tarball no local data for socket.io-client@https://registry.npmjs.org/socket.io-client/-/socket.io-client-4.8.3.tgz. Extracting by manifest.
349 silly tarball no local data for socket.io@https://registry.npmjs.org/socket.io/-/socket.io-4.8.3.tgz. Extracting by manifest.
350 http fetch GET 200 https://registry.npmjs.org/vary/-/vary-1.1.2.tgz 243ms (cache miss)
351 http fetch GET 200 https://registry.npmjs.org/@types/ws/-/ws-8.18.1.tgz 258ms (cache miss)
352 http fetch GET 200 https://registry.npmjs.org/cookie/-/cookie-0.7.2.tgz 261ms (cache miss)
353 http fetch GET 200 https://registry.npmjs.org/engine.io-parser/-/engine.io-parser-5.2.3.tgz 267ms (cache miss)
354 http fetch GET 200 https://registry.npmjs.org/ws/-/ws-8.18.3.tgz 272ms (cache miss)
355 http fetch POST 200 https://registry.npmjs.org/-/npm/v1/security/advisories/bulk 319ms
356 silly audit report {
356 silly audit report   next: [
356 silly audit report     {
356 silly audit report       id: 1114898,
356 silly audit report       url: 'https://github.com/advisories/GHSA-ggv3-7p47-pfv8',
356 silly audit report       title: 'Next.js: HTTP request smuggling in rewrites',
356 silly audit report       severity: 'moderate',
356 silly audit report       vulnerable_versions: '>=16.0.0-beta.0 <16.1.7',
356 silly audit report       cwe: [Array],
356 silly audit report       cvss: [Object]
356 silly audit report     },
356 silly audit report     {
356 silly audit report       id: 1114941,
356 silly audit report       url: 'https://github.com/advisories/GHSA-3x4c-7xq6-9pq8',
356 silly audit report       title: 'Next.js: Unbounded next/image disk cache growth can exhaust storage',
356 silly audit report       severity: 'moderate',
356 silly audit report       vulnerable_versions: '>=16.0.0-beta.0 <16.1.7',
356 silly audit report       cwe: [Array],
356 silly audit report       cvss: [Object]
356 silly audit report     },
356 silly audit report     {
356 silly audit report       id: 1114942,
356 silly audit report       url: 'https://github.com/advisories/GHSA-h27x-g6w4-24gq',
356 silly audit report       title: 'Next.js: Unbounded postponed resume buffering can lead to DoS',
356 silly audit report       severity: 'moderate',
356 silly audit report       vulnerable_versions: '>=16.0.1 <16.1.7',
356 silly audit report       cwe: [Array],
356 silly audit report       cvss: [Object]
356 silly audit report     },
356 silly audit report     {
356 silly audit report       id: 1114943,
356 silly audit report       url: 'https://github.com/advisories/GHSA-mq59-m269-xvcx',
356 silly audit report       title: 'Next.js: null origin can bypass Server Actions CSRF checks',
356 silly audit report       severity: 'moderate',
356 silly audit report       vulnerable_versions: '>=16.0.1 <16.1.7',
356 silly audit report       cwe: [Array],
356 silly audit report       cvss: [Object]
356 silly audit report     },
356 silly audit report     {
356 silly audit report       id: 1115360,
356 silly audit report       url: 'https://github.com/advisories/GHSA-jcc7-9wpm-mj36',
356 silly audit report       title: 'Next.js: null origin can bypass dev HMR websocket CSRF checks',
356 silly audit report       severity: 'low',
356 silly audit report       vulnerable_versions: '>=16.0.1 <16.1.7',
356 silly audit report       cwe: [Array],
356 silly audit report       cvss: [Object]
356 silly audit report     },
356 silly audit report     {
356 silly audit report       id: 1116375,
356 silly audit report       url: 'https://github.com/advisories/GHSA-q4gf-8mx6-v5v3',
356 silly audit report       title: 'Next.js has a Denial of Service with Server Components',
356 silly audit report       severity: 'high',
356 silly audit report       vulnerable_versions: '>=16.0.0-beta.0 <16.2.3',
356 silly audit report       cwe: [Array],
356 silly audit report       cvss: [Object]
356 silly audit report     }
356 silly audit report   ],
356 silly audit report   nodemailer: [
356 silly audit report     {
356 silly audit report       id: 1109804,
356 silly audit report       url: 'https://github.com/advisories/GHSA-mm7p-fcc7-pg87',
356 silly audit report       title: 'Nodemailer: Email to an unintended domain can occur due to Interpretation Conflict',
356 silly audit report       severity: 'moderate',
356 silly audit report       vulnerable_versions: '<7.0.7',
356 silly audit report       cwe: [Array],
356 silly audit report       cvss: [Object]
356 silly audit report     },
356 silly audit report     {
356 silly audit report       id: 1113165,
356 silly audit report       url: 'https://github.com/advisories/GHSA-rcmh-qjqh-p98v',
356 silly audit report       title: 'Nodemailer’s addressparser is vulnerable to DoS caused by recursive calls',
356 silly audit report       severity: 'high',
356 silly audit report       vulnerable_versions: '<=7.0.10',
356 silly audit report       cwe: [Array],
356 silly audit report       cvss: [Object]
356 silly audit report     },
356 silly audit report     {
356 silly audit report       id: 1115470,
356 silly audit report       url: 'https://github.com/advisories/GHSA-c7w3-x93f-qmm8',
356 silly audit report       title: 'Nodemailer has SMTP command injection due to unsanitized `envelope.size` parameter',
356 silly audit report       severity: 'low',
356 silly audit report       vulnerable_versions: '<8.0.4',
356 silly audit report       cwe: [Array],
356 silly audit report       cvss: [Object]
356 silly audit report     },
356 silly audit report     {
356 silly audit report       id: 1116270,
356 silly audit report       url: 'https://github.com/advisories/GHSA-vvjj-xcjg-gr5g',
356 silly audit report       title: 'Nodemailer Vulnerable to SMTP Command Injection via CRLF in Transport name Option (EHLO/HELO) ',
356 silly audit report       severity: 'moderate',
356 silly audit report       vulnerable_versions: '<=8.0.4',
356 silly audit report       cwe: [Array],
356 silly audit report       cvss: [Object]
356 silly audit report     }
356 silly audit report   ]
356 silly audit report }
357 silly packumentCache corgi:https://registry.npmjs.org/next cache-miss
358 silly packumentCache corgi:https://registry.npmjs.org/nodemailer cache-miss
359 http fetch GET 200 https://registry.npmjs.org/mime-db/-/mime-db-1.52.0.tgz 395ms (cache miss)
360 http fetch GET 200 https://registry.npmjs.org/socket.io-parser/-/socket.io-parser-4.2.6.tgz 402ms (cache miss)
361 http fetch GET 200 https://registry.npmjs.org/xmlhttprequest-ssl/-/xmlhttprequest-ssl-2.1.2.tgz 405ms (cache miss)
362 http fetch GET 200 https://registry.npmjs.org/cors/-/cors-2.8.6.tgz 405ms (cache miss)
363 http fetch GET 200 https://registry.npmjs.org/@types/cors/-/cors-2.8.19.tgz 410ms (cache miss)
364 http fetch GET 200 https://registry.npmjs.org/engine.io-client/-/engine.io-client-6.6.4.tgz 429ms (cache miss)
365 http fetch GET 200 https://registry.npmjs.org/nodemailer 318ms (cache revalidated)
366 silly packumentCache corgi:https://registry.npmjs.org/nodemailer set size:309772 disposed:false
367 http fetch GET 200 https://registry.npmjs.org/next 364ms (cache revalidated)
368 silly packumentCache corgi:https://registry.npmjs.org/next set size:24649943 disposed:false
369 http fetch GET 200 https://registry.npmjs.org/accepts/-/accepts-1.3.8.tgz 1243ms (cache miss)
370 http fetch GET 200 https://registry.npmjs.org/mime-types/-/mime-types-2.1.35.tgz 1247ms (cache miss)
371 http fetch GET 200 https://registry.npmjs.org/base64id/-/base64id-2.0.0.tgz 1246ms (cache miss)
372 http fetch GET 200 https://registry.npmjs.org/negotiator/-/negotiator-0.6.3.tgz 1252ms (cache miss)
373 http fetch GET 200 https://registry.npmjs.org/@socket.io/component-emitter/-/component-emitter-3.1.2.tgz 1264ms (cache miss)
374 http fetch GET 200 https://registry.npmjs.org/socket.io-adapter/-/socket.io-adapter-2.5.6.tgz 1259ms (cache miss)
375 http fetch GET 200 https://registry.npmjs.org/socket.io/-/socket.io-4.8.3.tgz 1260ms (cache miss)
376 http fetch GET 200 https://registry.npmjs.org/socket.io-client/-/socket.io-client-4.8.3.tgz 1282ms (cache miss)
377 http fetch GET 200 https://registry.npmjs.org/engine.io/-/engine.io-6.6.6.tgz 1284ms (cache miss)
378 silly ADD node_modules/xmlhttprequest-ssl
379 silly ADD node_modules/engine.io-client
380 silly ADD node_modules/@socket.io/component-emitter
381 silly ADD node_modules/mime-db
382 silly ADD node_modules/ws
383 silly ADD node_modules/engine.io-parser
384 silly ADD node_modules/cookie
385 silly ADD node_modules/@types/ws
386 silly ADD node_modules/@types/cors
387 silly ADD node_modules/vary
388 silly ADD node_modules/negotiator
389 silly ADD node_modules/mime-types
390 silly ADD node_modules/socket.io-parser
391 silly ADD node_modules/socket.io-adapter
392 silly ADD node_modules/engine.io
393 silly ADD node_modules/cors
394 silly ADD node_modules/base64id
395 silly ADD node_modules/accepts
396 silly ADD node_modules/socket.io-client
397 silly ADD node_modules/socket.io
398 silly ADD
399 silly ADD
400 silly ADD
401 silly ADD
402 silly ADD
403 silly ADD
404 silly ADD
405 silly ADD
406 silly ADD
407 silly ADD
408 silly ADD
409 silly ADD
410 silly ADD
411 silly ADD
412 silly ADD
413 silly ADD
414 silly ADD
415 silly ADD
416 silly ADD
417 silly ADD
418 silly ADD
419 silly ADD
420 silly ADD
421 silly ADD
422 silly ADD
423 silly ADD
424 silly ADD
425 silly ADD
426 silly ADD
427 silly ADD
428 silly ADD
429 silly ADD
430 silly ADD
431 silly ADD
432 silly ADD
433 silly ADD
434 silly ADD
435 silly ADD
436 silly ADD
437 silly ADD
438 silly ADD
439 silly ADD
440 silly ADD
441 silly ADD
442 silly ADD
443 silly ADD
444 silly ADD
445 silly ADD
446 silly ADD
447 silly ADD
448 silly ADD
449 silly ADD
450 silly ADD
451 silly ADD
452 silly ADD
453 silly ADD
454 silly ADD
455 silly ADD
456 silly ADD
457 silly ADD
458 silly ADD
459 silly ADD
460 silly ADD
461 silly ADD
462 silly ADD
463 silly ADD
464 silly ADD
465 silly ADD
466 silly ADD
467 silly ADD
468 silly ADD
469 silly ADD
470 silly ADD
471 silly ADD
472 silly ADD
473 silly ADD
474 silly ADD
475 silly ADD
476 silly ADD
477 silly ADD
478 silly ADD
479 silly ADD
480 silly ADD
481 silly ADD
482 silly ADD
483 silly ADD
484 silly ADD
485 silly ADD
486 silly ADD
487 silly ADD
488 silly ADD
489 silly ADD
490 silly ADD
491 verbose cwd /Users/macbook/Documents/Abdullah/personal portfilio/portfilio
492 verbose os Darwin 25.3.0
493 verbose node v22.20.0
494 verbose npm  v10.9.3
495 verbose exit 0
496 info ok
